Archive member included to satisfy reference by file (symbol)

C:/ST/STM32CubeIDE_1.14.1/STM32CubeIDE/plugins/com.st.stm32cube.ide.mcu.externaltools.gnu-tools-for-stm32.12.3.rel1.win32_1.0.200.202406191623/tools/bin/../lib/gcc/arm-none-eabi/12.3.1/../../../../arm-none-eabi/lib/thumb/v7e-m+fp/hard\libc_nano.a(libc_a-exit.o)
                              C:/ST/STM32CubeIDE_1.14.1/STM32CubeIDE/plugins/com.st.stm32cube.ide.mcu.externaltools.gnu-tools-for-stm32.12.3.rel1.win32_1.0.200.202406191623/tools/bin/../lib/gcc/arm-none-eabi/12.3.1/../../../../arm-none-eabi/lib/thumb/v7e-m+fp/hard/crt0.o (exit)
C:/ST/STM32CubeIDE_1.14.1/STM32CubeIDE/plugins/com.st.stm32cube.ide.mcu.externaltools.gnu-tools-for-stm32.12.3.rel1.win32_1.0.200.202406191623/tools/bin/../lib/gcc/arm-none-eabi/12.3.1/../../../../arm-none-eabi/lib/thumb/v7e-m+fp/hard\libc_nano.a(libc_a-findfp.o)
                              C:/ST/STM32CubeIDE_1.14.1/STM32CubeIDE/plugins/com.st.stm32cube.ide.mcu.externaltools.gnu-tools-for-stm32.12.3.rel1.win32_1.0.200.202406191623/tools/bin/../lib/gcc/arm-none-eabi/12.3.1/../../../../arm-none-eabi/lib/thumb/v7e-m+fp/hard\libc_nano.a(libc_a-exit.o) (__stdio_exit_handler)
C:/ST/STM32CubeIDE_1.14.1/STM32CubeIDE/plugins/com.st.stm32cube.ide.mcu.externaltools.gnu-tools-for-stm32.12.3.rel1.win32_1.0.200.202406191623/tools/bin/../lib/gcc/arm-none-eabi/12.3.1/../../../../arm-none-eabi/lib/thumb/v7e-m+fp/hard\libc_nano.a(libc_a-fwalk.o)
                              C:/ST/STM32CubeIDE_1.14.1/STM32CubeIDE/plugins/com.st.stm32cube.ide.mcu.externaltools.gnu-tools-for-stm32.12.3.rel1.win32_1.0.200.202406191623/tools/bin/../lib/gcc/arm-none-eabi/12.3.1/../../../../arm-none-eabi/lib/thumb/v7e-m+fp/hard\libc_nano.a(libc_a-findfp.o) (_fwalk_sglue)
C:/ST/STM32CubeIDE_1.14.1/STM32CubeIDE/plugins/com.st.stm32cube.ide.mcu.externaltools.gnu-tools-for-stm32.12.3.rel1.win32_1.0.200.202406191623/tools/bin/../lib/gcc/arm-none-eabi/12.3.1/../../../../arm-none-eabi/lib/thumb/v7e-m+fp/hard\libc_nano.a(libc_a-stdio.o)
                              C:/ST/STM32CubeIDE_1.14.1/STM32CubeIDE/plugins/com.st.stm32cube.ide.mcu.externaltools.gnu-tools-for-stm32.12.3.rel1.win32_1.0.200.202406191623/tools/bin/../lib/gcc/arm-none-eabi/12.3.1/../../../../arm-none-eabi/lib/thumb/v7e-m+fp/hard\libc_nano.a(libc_a-findfp.o) (__sread)
C:/ST/STM32CubeIDE_1.14.1/STM32CubeIDE/plugins/com.st.stm32cube.ide.mcu.externaltools.gnu-tools-for-stm32.12.3.rel1.win32_1.0.200.202406191623/tools/bin/../lib/gcc/arm-none-eabi/12.3.1/../../../../arm-none-eabi/lib/thumb/v7e-m+fp/hard\libc_nano.a(libc_a-memset.o)
                              C:/ST/STM32CubeIDE_1.14.1/STM32CubeIDE/plugins/com.st.stm32cube.ide.mcu.externaltools.gnu-tools-for-stm32.12.3.rel1.win32_1.0.200.202406191623/tools/bin/../lib/gcc/arm-none-eabi/12.3.1/../../../../arm-none-eabi/lib/thumb/v7e-m+fp/hard/crt0.o (memset)
C:/ST/STM32CubeIDE_1.14.1/STM32CubeIDE/plugins/com.st.stm32cube.ide.mcu.externaltools.gnu-tools-for-stm32.12.3.rel1.win32_1.0.200.202406191623/tools/bin/../lib/gcc/arm-none-eabi/12.3.1/../../../../arm-none-eabi/lib/thumb/v7e-m+fp/hard\libc_nano.a(libc_a-closer.o)
                              C:/ST/STM32CubeIDE_1.14.1/STM32CubeIDE/plugins/com.st.stm32cube.ide.mcu.externaltools.gnu-tools-for-stm32.12.3.rel1.win32_1.0.200.202406191623/tools/bin/../lib/gcc/arm-none-eabi/12.3.1/../../../../arm-none-eabi/lib/thumb/v7e-m+fp/hard\libc_nano.a(libc_a-stdio.o) (_close_r)
C:/ST/STM32CubeIDE_1.14.1/STM32CubeIDE/plugins/com.st.stm32cube.ide.mcu.externaltools.gnu-tools-for-stm32.12.3.rel1.win32_1.0.200.202406191623/tools/bin/../lib/gcc/arm-none-eabi/12.3.1/../../../../arm-none-eabi/lib/thumb/v7e-m+fp/hard\libc_nano.a(libc_a-reent.o)
                              C:/ST/STM32CubeIDE_1.14.1/STM32CubeIDE/plugins/com.st.stm32cube.ide.mcu.externaltools.gnu-tools-for-stm32.12.3.rel1.win32_1.0.200.202406191623/tools/bin/../lib/gcc/arm-none-eabi/12.3.1/../../../../arm-none-eabi/lib/thumb/v7e-m+fp/hard\libc_nano.a(libc_a-closer.o) (errno)
C:/ST/STM32CubeIDE_1.14.1/STM32CubeIDE/plugins/com.st.stm32cube.ide.mcu.externaltools.gnu-tools-for-stm32.12.3.rel1.win32_1.0.200.202406191623/tools/bin/../lib/gcc/arm-none-eabi/12.3.1/../../../../arm-none-eabi/lib/thumb/v7e-m+fp/hard\libc_nano.a(libc_a-impure.o)
                              C:/ST/STM32CubeIDE_1.14.1/STM32CubeIDE/plugins/com.st.stm32cube.ide.mcu.externaltools.gnu-tools-for-stm32.12.3.rel1.win32_1.0.200.202406191623/tools/bin/../lib/gcc/arm-none-eabi/12.3.1/../../../../arm-none-eabi/lib/thumb/v7e-m+fp/hard\libc_nano.a(libc_a-reent.o) (_impure_ptr)
C:/ST/STM32CubeIDE_1.14.1/STM32CubeIDE/plugins/com.st.stm32cube.ide.mcu.externaltools.gnu-tools-for-stm32.12.3.rel1.win32_1.0.200.202406191623/tools/bin/../lib/gcc/arm-none-eabi/12.3.1/../../../../arm-none-eabi/lib/thumb/v7e-m+fp/hard\libc_nano.a(libc_a-lseekr.o)
[...]
Memory Configuration

Name             Origin             Length             Attributes
RAM              0x20000000         0x00020000         xrw
FLASH            0x08000000         0x00020000         xr
*default*        0x00000000         0xffffffff

Linker script and memory map

LOAD C:/ST/STM32CubeIDE_1.14.1/STM32CubeIDE/plugins/com.st.stm32cube.ide.mcu.externaltools.gnu-tools-for-stm32.12.3.rel1.win32_1.0.200.202406191623/tools/bin/../lib/gcc/arm-none-eabi/12.3.1/thumb/v7e-m+fp/hard/crti.o
LOAD C:/ST/STM32CubeIDE_1.14.1/STM32CubeIDE/plugins/com.st.stm32cube.ide.mcu.externaltools.gnu-tools-for-stm32.12.3.rel1.win32_1.0.200.202406191623/tools/bin/../lib/gcc/arm-none-eabi/12.3.1/thumb/v7e-m+fp/hard/crtbegin.o
LOAD C:/ST/STM32CubeIDE_1.14.1/STM32CubeIDE/plugins/com.st.stm32cube.ide.mcu.externaltools.gnu-tools-for-stm32.12.3.rel1.win32_1.0.200.202406191623/tools/bin/../lib/gcc/arm-none-eabi/12.3.1/../../../../arm-none-eabi/lib/thumb/v7e-m+fp/hard/crt0.o
LOAD ./Core/Src/main.o
LOAD ./Core/Src/stm32g4xx_hal_msp.o
LOAD ./Core/Src/stm32g4xx_it.o
LOAD ./Core/Src/syscalls.o
LOAD ./Core/Src/sysmem.o
LOAD ./Core/Src/system_stm32g4xx.o
LOAD ./Core/Startup/startup_stm32g474rbtx.o
LOAD ./Drivers/STM32G4xx_HAL_Driver/Src/stm32g4xx_hal.o
LOAD ./Drivers/STM32G4xx_HAL_Driver/Src/stm32g4xx_hal_cortex.o
LOAD ./Drivers/STM32G4xx_HAL_Driver/Src/stm32g4xx_hal_dma.o
LOAD ./Drivers/STM32G4xx_HAL_Driver/Src/stm32g4xx_hal_dma_ex.o
LOAD ./Drivers/STM32G4xx_HAL_Driver/Src/stm32g4xx_hal_exti.o
LOAD ./Drivers/STM32G4xx_HAL_Driver/Src/stm32g4xx_hal_flash.o
LOAD ./Drivers/STM32G4xx_HAL_Driver/Src/stm32g4xx_hal_flash_ex.o
LOAD ./Drivers/STM32G4xx_HAL_Driver/Src/stm32g4xx_hal_flash_ramfunc.o
LOAD ./Drivers/STM32G4xx_HAL_Driver/Src/stm32g4xx_hal_gpio.o
LOAD ./Drivers/STM32G4xx_HAL_Driver/Src/stm32g4xx_hal_i2c.o
LOAD ./Drivers/STM32G4xx_HAL_Driver/Src/stm32g4xx_hal_i2c_ex.o
LOAD ./Drivers/STM32G4xx_HAL_Driver/Src/stm32g4xx_hal_pcd.o
LOAD ./Drivers/STM32G4xx_HAL_Driver/Src/stm32g4xx_hal_pcd_ex.o
LOAD ./Drivers/STM32G4xx_HAL_Driver/Src/stm32g4xx_hal_pwr.o
LOAD ./Drivers/STM32G4xx_HAL_Driver/Src/stm32g4xx_hal_pwr_ex.o
LOAD ./Drivers/STM32G4xx_HAL_Driver/Src/stm32g4xx_hal_rcc.o
LOAD ./Drivers/STM32G4xx_HAL_Driver/Src/stm32g4xx_hal_rcc_ex.o
LOAD ./Drivers/STM32G4xx_HAL_Driver/Src/stm32g4xx_hal_tim.o
LOAD ./Drivers/STM32G4xx_HAL_Driver/Src/stm32g4xx_hal_tim_ex.o
LOAD ./Drivers/STM32G4xx_HAL_Driver/Src/stm32g4xx_hal_uart.o
LOAD ./Drivers/STM32G4xx_HAL_Driver/Src/stm32g4xx_hal_uart_ex.o
LOAD ./Drivers/STM32G4xx_HAL_Driver/Src/stm32g4xx_ll_usb.o
LOAD ./Middlewares/ST/STM32_USB_Device_Library/Class/CDC/Src/usbd_cdc.o
LOAD ./Middlewares/ST/STM32_USB_Device_Library/Core/Src/usbd_core.o
LOAD ./Middlewares/ST/STM32_USB_Device_Library/Core/Src/usbd_ctlreq.o
LOAD ./Middlewares/ST/STM32_USB_Device_Library/Core/Src/usbd_ioreq.o
LOAD ./USB_Device/App/usb_device.o
LOAD ./USB_Device/App/usbd_cdc_if.o
LOAD ./USB_Device/App/usbd_desc.o
LOAD ./USB_Device/Target/usbd_conf.o
START GROUP
LOAD C:/ST/STM32CubeIDE_1.14.1/STM32CubeIDE/plugins/com.st.stm32cube.ide.mcu.externaltools.gnu-tools-for-stm32.12.3.rel1.win32_1.0.200.202406191623/tools/bin/../lib/gcc/arm-none-eabi/12.3.1/../../../../arm-none-eabi/lib/thumb/v7e-m+fp/hard\libc_nano.a
LOAD C:/ST/STM32CubeIDE_1.14.1/STM32CubeIDE/plugins/com.st.stm32cube.ide.mcu.externaltools.gnu-tools-for-stm32.12.3.rel1.win32_1.0.200.202406191623/tools/bin/../lib/gcc/arm-none-eabi/12.3.1/../../../../arm-none-eabi/lib/thumb/v7e-m+fp/hard\libm.a
END GROUP
START GROUP
LOAD C:/ST/STM32CubeIDE_1.14.1/STM32CubeIDE/plugins/com.st.stm32cube.ide.mcu.externaltools.gnu-tools-for-stm32.12.3.rel1.win32_1.0.200.202406191623/tools/bin/../lib/gcc/arm-none-eabi/12.3.1/thumb/v7e-m+fp/hard\libgcc.a
LOAD C:/ST/STM32CubeIDE_1.14.1/STM32CubeIDE/plugins/com.st.stm32cube.ide.mcu.externaltools.gnu-tools-for-stm32.12.3.rel1.win32_1.0.200.202406191623/tools/bin/../lib/gcc/arm-none-eabi/12.3.1/../../../../arm-none-eabi/lib/thumb/v7e-m+fp/hard\libc_nano.a
END GROUP
START GROUP
LOAD C:/ST/STM32CubeIDE_1.14.1/STM32CubeIDE/plugins/com.st.stm32cube.ide.mcu.externaltools.gnu-tools-for-stm32.12.3.rel1.win32_1.0.200.202406191623/tools/bin/../lib/gcc/arm-none-eabi/12.3.1/thumb/v7e-m+fp/hard\libgcc.a
LOAD C:/ST/STM32CubeIDE_1.14.1/STM32CubeIDE/plugins/com.st.stm32cube.ide.mcu.externaltools.gnu-tools-for-stm32.12.3.rel1.win32_1.0.200.202406191623/tools/bin/../lib/gcc/arm-none-eabi/12.3.1/../../../../arm-none-eabi/lib/thumb/v7e-m+fp/hard\libc_nano.a
LOAD C:/ST/STM32CubeIDE_1.14.1/STM32CubeIDE/plugins/com.st.stm32cube.ide.mcu.externaltools.gnu-tools-for-stm32.12.3.rel1.win32_1.0.200.202406191623/tools/bin/../lib/gcc/arm-none-eabi/12.3.1/../../../../arm-none-eabi/lib/thumb/v7e-m+fp/hard\libnosys.a
END GROUP
START GROUP
LOAD C:/ST/STM32CubeIDE_1.14.1/STM32CubeIDE/plugins/com.st.stm32cube.ide.mcu.externaltools.gnu-tools-for-stm32.12.3.rel1.win32_1.0.200.202406191623/tools/bin/../lib/gcc/arm-none-eabi/12.3.1/thumb/v7e-m+fp/hard\libgcc.a
LOAD C:/ST/STM32CubeIDE_1.14.1/STM32CubeIDE/plugins/com.st.stm32cube.ide.mcu.externaltools.gnu-tools-for-stm32.12.3.rel1.win32_1.0.200.202406191623/tools/bin/../lib/gcc/arm-none-eabi/12.3.1/../../../../arm-none-eabi/lib/thumb/v7e-m+fp/hard\libc_nano.a
LOAD C:/ST/STM32CubeIDE_1.14.1/STM32CubeIDE/plugins/com.st.stm32cube.ide.mcu.externaltools.gnu-tools-for-stm32.12.3.rel1.win32_1.0.200.202406191623/tools/bin/../lib/gcc/arm-none-eabi/12.3.1/../../../../arm-none-eabi/lib/thumb/v7e-m+fp/hard\libnosys.a
END GROUP
LOAD C:/ST/STM32CubeIDE_1.14.1/STM32CubeIDE/plugins/com.st.stm32cube.ide.mcu.externaltools.gnu-tools-for-stm32.12.3.rel1.win32_1.0.200.202406191623/tools/bin/../lib/gcc/arm-none-eabi/12.3.1/thumb/v7e-m+fp/hard/crtend.o
LOAD C:/ST/STM32CubeIDE_1.14.1/STM32CubeIDE/plugins/com.st.stm32cube.ide.mcu.externaltools.gnu-tools-for-stm32.12.3.rel1.win32_1.0.200.202406191623/tools/bin/../lib/gcc/arm-none-eabi/12.3.1/thumb/v7e-m+fp/hard/crtn.o
                0x20020000                        _estack = (ORIGIN (RAM) + LENGTH (RAM))
                0x00000200                        _Min_Heap_Size = 0x200
                0x00000400                        _Min_Stack_Size = 0x400

.isr_vector     0x08000000      0x1d8
                0x08000000                        . = ALIGN (0x4)
 *(.isr_vector)
 .isr_vector    0x08000000      0x1d8 ./Core/Startup/startup_stm32g474rbtx.o
                0x08000000                g_pfnVectors
                0x080001d8                        . = ALIGN (0x4)

.text           0x080001d8     0xcf5c
                0x080001d8                        . = ALIGN (0x4)
 *(.text)
 .text          0x080001d8       0x40 C:/ST/STM32CubeIDE_1.14.1/STM32CubeIDE/plugins/com.st.stm32cube.ide.mcu.externaltools.gnu-tools-for-stm32.12.3.rel1.win32_1.0.200.202406191623/tools/bin/../lib/gcc/arm-none-eabi/12.3.1/thumb/v7e-m+fp/hard/crtbegin.o
 .text          0x08000218       0x30 C:/ST/STM32CubeIDE_1.14.1/STM32CubeIDE/plugins/com.st.stm32cube.ide.mcu.externaltools.gnu-tools-for-stm32.12.3.rel1.win32_1.0.200.202406191623/tools/bin/../lib/gcc/arm-none-eabi/12.3.1/thumb/v7e-m+fp/hard\libgcc.a(_aeabi_uldivmod.o)
                0x08000218                __aeabi_uldivmod
 .text          0x08000248      0x2bc C:/ST/STM32CubeIDE_1.14.1/STM32CubeIDE/plugins/com.st.stm32cube.ide.mcu.externaltools.gnu-tools-for-stm32.12.3.rel1.win32_1.0.200.202406191623/tools/bin/../lib/gcc/arm-none-eabi/12.3.1/thumb/v7e-m+fp/hard\libgcc.a(_udivmoddi4.o)
                0x08000248                __udivmoddi4
 .text          0x08000504        0x4 C:/ST/STM32CubeIDE_1.14.1/STM32CubeIDE/plugins/com.st.stm32cube.ide.mcu.externaltools.gnu-tools-for-stm32.12.3.rel1.win32_1.0.200.202406191623/tools/bin/../lib/gcc/arm-none-eabi/12.3.1/thumb/v7e-m+fp/hard\libgcc.a(_dvmd_tls.o)
                0x08000504                __aeabi_idiv0
                0x08000504                __aeabi_ldiv0
 *(.text*)
 .text.main     0x08000508      0x4a4 ./Core/Src/main.o
                0x08000508                main
 .text.SystemClock_Config
                0x080009ac       0x94 ./Core/Src/main.o
                0x080009ac                SystemClock_Config
 .text.MX_I2C2_Init
                0x08000a40       0x80 ./Core/Src/main.o
 .text.MX_TIM1_Init
                0x08000ac0      0x128 ./Core/Src/main.o
 .text.MX_TIM2_Init
                0x08000be8       0xb4 ./Core/Src/main.o
 .text.MX_TIM3_Init
                0x08000c9c       0xb4 ./Core/Src/main.o
 .text.MX_TIM4_Init
                0x08000d50       0xb4 ./Core/Src/main.o
 .text.MX_TIM5_Init
                0x08000e04       0xb4 ./Core/Src/main.o
 .text.MX_TIM6_Init
                0x08000eb8       0x80 ./Core/Src/main.o
 .text.MX_TIM7_Init
                0x08000f38       0x70 ./Core/Src/main.o
 .text.MX_TIM8_Init
                0x08000fa8      0x128 ./Core/Src/main.o
 .text.MX_TIM15_Init
                0x080010d0      0x10c ./Core/Src/main.o
 .text.MX_TIM16_Init
                0x080011dc       0xf4 ./Core/Src/main.o
 .text.MX_TIM17_Init
                0x080012d0       0xf4 ./Core/Src/main.o
 .text.MX_TIM20_Init
                0x080013c4      0x128 ./Core/Src/main.o
 .text.MX_USART1_UART_Init
                0x080014ec       0x98 ./Core/Src/main.o
 .text.MX_GPIO_Init
                0x08001584      0x158 ./Core/Src/main.o
 .text.HAL_TIM_PeriodElapsedCallback
                0x080016dc      0x14c ./Core/Src/main.o
                0x080016dc                HAL_TIM_PeriodElapsedCallback
 .text.Set_TIM_Compare
                0x08001828       0x80 ./Core/Src/main.o
                0x08001828                Set_TIM_Compare
 .text.Error_Handler
                0x080018a8        0xc ./Core/Src/main.o
                0x080018a8                Error_Handler
 .text.HAL_MspInit
                0x080018b4       0x48 ./Core/Src/stm32g4xx_hal_msp.o
                0x080018b4                HAL_MspInit
 .text.HAL_I2C_MspInit
                0x080018fc       0xec ./Core/Src/stm32g4xx_hal_msp.o
                0x080018fc                HAL_I2C_MspInit
 .text.HAL_TIM_PWM_MspInit
                0x080019e8      0x154 ./Core/Src/stm32g4xx_hal_msp.o
                0x080019e8                HAL_TIM_PWM_MspInit
 .text.HAL_TIM_Base_MspInit
                0x08001b3c       0xd4 ./Core/Src/stm32g4xx_hal_msp.o
                0x08001b3c                HAL_TIM_Base_MspInit
 .text.HAL_TIM_MspPostInit
                0x08001c10      0x30c ./Core/Src/stm32g4xx_hal_msp.o
                0x08001c10                HAL_TIM_MspPostInit
 .text.HAL_UART_MspInit
                0x08001f1c       0xfc ./Core/Src/stm32g4xx_hal_msp.o
                0x08001f1c                HAL_UART_MspInit
 .text.NMI_Handler
                0x08002018        0x8 ./Core/Src/stm32g4xx_it.o
                0x08002018                NMI_Handler
 .text.HardFault_Handler
                0x08002020        0x8 ./Core/Src/stm32g4xx_it.o
                0x08002020                HardFault_Handler
 .text.MemManage_Handler
                0x08002028        0x8 ./Core/Src/stm32g4xx_it.o
                0x08002028                MemManage_Handler
 .text.BusFault_Handler
                0x08002030        0x8 ./Core/Src/stm32g4xx_it.o
                0x08002030                BusFault_Handler
 .text.UsageFault_Handler
                0x08002038        0x8 ./Core/Src/stm32g4xx_it.o
                0x08002038                UsageFault_Handler
 .text.SVC_Handler
                0x08002040        0xe ./Core/Src/stm32g4xx_it.o
                0x08002040                SVC_Handler
 .text.DebugMon_Handler
                0x0800204e        0xe ./Core/Src/stm32g4xx_it.o
                0x0800204e                DebugMon_Handler
 .text.PendSV_Handler
                0x0800205c        0xe ./Core/Src/stm32g4xx_it.o
                0x0800205c                PendSV_Handler
 .text.SysTick_Handler
                0x0800206a        0xc ./Core/Src/stm32g4xx_it.o
                0x0800206a                SysTick_Handler
 *fill*         0x08002076        0x2 
 .text.USB_LP_IRQHandler
                0x08002078       0x14 ./Core/Src/stm32g4xx_it.o
                0x08002078                USB_LP_IRQHandler
 .text.USART1_IRQHandler
                0x0800208c       0x14 ./Core/Src/stm32g4xx_it.o
                0x0800208c                USART1_IRQHandler
 .text.TIM6_DAC_IRQHandler
                0x080020a0       0x14 ./Core/Src/stm32g4xx_it.o
                0x080020a0                TIM6_DAC_IRQHandler
 .text.TIM7_DAC_IRQHandler
                0x080020b4       0x14 ./Core/Src/stm32g4xx_it.o
                0x080020b4                TIM7_DAC_IRQHandler
 .text.SystemInit
                0x080020c8       0x24 ./Core/Src/system_stm32g4xx.o
                0x080020c8                SystemInit
 .text.Reset_Handler
                0x080020ec       0x50 ./Core/Startup/startup_stm32g474rbtx.o
                0x080020ec                Reset_Handler
 .text.Default_Handler
                0x0800213c        0x2 ./Core/Startup/startup_stm32g474rbtx.o
                0x0800213c                RTC_Alarm_IRQHandler
                0x0800213c                EXTI2_IRQHandler
                0x0800213c                TIM8_TRG_COM_IRQHandler
                0x0800213c                TIM8_CC_IRQHandler
                0x0800213c                HRTIM1_Master_IRQHandler
                0x0800213c                SPI4_IRQHandler
                0x0800213c                FDCAN3_IT0_IRQHandler
                0x0800213c                TIM1_CC_IRQHandler
                0x0800213c                HRTIM1_FLT_IRQHandler
                0x0800213c                HRTIM1_TIMF_IRQHandler
                0x0800213c                USB_HP_IRQHandler
                0x0800213c                CORDIC_IRQHandler
                0x0800213c                HRTIM1_TIMD_IRQHandler
                0x0800213c                DMA2_Channel8_IRQHandler
                0x0800213c                EXTI3_IRQHandler
                0x0800213c                I2C3_ER_IRQHandler
                0x0800213c                EXTI0_IRQHandler
                0x0800213c                I2C2_EV_IRQHandler
                0x0800213c                FPU_IRQHandler
                0x0800213c                FDCAN1_IT1_IRQHandler
                0x0800213c                TIM1_UP_TIM16_IRQHandler
                0x0800213c                ADC1_2_IRQHandler
                0x0800213c                HRTIM1_TIME_IRQHandler
                0x0800213c                SPI1_IRQHandler
                0x0800213c                HRTIM1_TIMC_IRQHandler
                0x0800213c                TIM8_UP_IRQHandler
                0x0800213c                DMA2_Channel2_IRQHandler
                0x0800213c                DMA1_Channel4_IRQHandler
                0x0800213c                TIM20_TRG_COM_IRQHandler
                0x0800213c                USART3_IRQHandler
                0x0800213c                DMA1_Channel7_IRQHandler
                0x0800213c                UART5_IRQHandler
                0x0800213c                ADC3_IRQHandler
                0x0800213c                TIM4_IRQHandler
                0x0800213c                DMA2_Channel1_IRQHandler
                0x0800213c                QUADSPI_IRQHandler
                0x0800213c                I2C1_EV_IRQHandler
                0x0800213c                DMA1_Channel6_IRQHandler
                0x0800213c                UART4_IRQHandler
                0x0800213c                DMA2_Channel4_IRQHandler
                0x0800213c                TIM3_IRQHandler
                0x0800213c                RCC_IRQHandler
                0x0800213c                TIM20_UP_IRQHandler
                0x0800213c                DMA1_Channel1_IRQHandler
                0x0800213c                Default_Handler
                0x0800213c                DMA2_Channel7_IRQHandler
                0x0800213c                RTC_TAMP_LSECSS_IRQHandler
                0x0800213c                FMAC_IRQHandler
                0x0800213c                EXTI15_10_IRQHandler
                0x0800213c                DMA1_Channel8_IRQHandler
                0x0800213c                HRTIM1_TIMA_IRQHandler
                0x0800213c                FDCAN3_IT1_IRQHandler
                0x0800213c                TIM5_IRQHandler
                0x0800213c                UCPD1_IRQHandler
                0x0800213c                I2C3_EV_IRQHandler
                0x0800213c                EXTI9_5_IRQHandler
                0x0800213c                RTC_WKUP_IRQHandler
                0x0800213c                PVD_PVM_IRQHandler
                0x0800213c                SPI2_IRQHandler
                0x0800213c                ADC5_IRQHandler
                0x0800213c                DMA2_Channel5_IRQHandler
                0x0800213c                CRS_IRQHandler
                0x0800213c                DMA1_Channel5_IRQHandler
                0x0800213c                EXTI4_IRQHandler
                0x0800213c                RNG_IRQHandler
                0x0800213c                HRTIM1_TIMB_IRQHandler
                0x0800213c                TIM1_TRG_COM_TIM17_IRQHandler
                0x0800213c                FDCAN2_IT1_IRQHandler
                0x0800213c                DMA1_Channel3_IRQHandler
                0x0800213c                ADC4_IRQHandler
                0x0800213c                WWDG_IRQHandler
                0x0800213c                I2C4_EV_IRQHandler
                0x0800213c                FDCAN2_IT0_IRQHandler
                0x0800213c                LPUART1_IRQHandler
                0x0800213c                DMA2_Channel6_IRQHandler
                0x0800213c                FDCAN1_IT0_IRQHandler
                0x0800213c                TIM2_IRQHandler
                0x0800213c                COMP7_IRQHandler
                0x0800213c                COMP1_2_3_IRQHandler
                0x0800213c                EXTI1_IRQHandler
                0x0800213c                USART2_IRQHandler
                0x0800213c                COMP4_5_6_IRQHandler
                0x0800213c                TIM20_BRK_IRQHandler
                0x0800213c                I2C2_ER_IRQHandler
                0x0800213c                DMA1_Channel2_IRQHandler
                0x0800213c                TIM8_BRK_IRQHandler
                0x0800213c                FLASH_IRQHandler
                0x0800213c                TIM20_CC_IRQHandler
                0x0800213c                SPI3_IRQHandler
                0x0800213c                I2C1_ER_IRQHandler
                0x0800213c                FMC_IRQHandler
                0x0800213c                LPTIM1_IRQHandler
                0x0800213c                DMAMUX_OVR_IRQHandler
                0x0800213c                I2C4_ER_IRQHandler
                0x0800213c                USBWakeUp_IRQHandler
                0x0800213c                SAI1_IRQHandler
                0x0800213c                DMA2_Channel3_IRQHandler
                0x0800213c                TIM1_BRK_TIM15_IRQHandler
 .text.HAL_Init
                0x0800213e       0x30 ./Drivers/STM32G4xx_HAL_Driver/Src/stm32g4xx_hal.o
                0x0800213e                HAL_Init
 *fill*         0x0800216e        0x2 
 .text.HAL_InitTick
                0x08002170       0x74 ./Drivers/STM32G4xx_HAL_Driver/Src/stm32g4xx_hal.o
                0x08002170                HAL_InitTick
 .text.HAL_IncTick
                0x080021e4       0x24 ./Drivers/STM32G4xx_HAL_Driver/Src/stm32g4xx_hal.o
                0x080021e4                HAL_IncTick
 .text.HAL_GetTick
                0x08002208       0x18 ./Drivers/STM32G4xx_HAL_Driver/Src/stm32g4xx_hal.o
                0x08002208                HAL_GetTick
 .text.HAL_Delay
                0x08002220       0x44 ./Drivers/STM32G4xx_HAL_Driver/Src/stm32g4xx_hal.o
                0x08002220                HAL_Delay
 .text.__NVIC_SetPriorityGrouping
                0x08002264       0x48 ./Drivers/STM32G4xx_HAL_Driver/Src/stm32g4xx_hal_cortex.o
 .text.__NVIC_GetPriorityGrouping
                0x080022ac       0x1c ./Drivers/STM32G4xx_HAL_Driver/Src/stm32g4xx_hal_cortex.o
 .text.__NVIC_EnableIRQ
                0x080022c8       0x3c ./Drivers/STM32G4xx_HAL_Driver/Src/stm32g4xx_hal_cortex.o
 .text.__NVIC_SetPriority
                0x08002304       0x54 ./Drivers/STM32G4xx_HAL_Driver/Src/stm32g4xx_hal_cortex.o
 .text.NVIC_EncodePriority
                0x08002358       0x66 ./Drivers/STM32G4xx_HAL_Driver/Src/stm32g4xx_hal_cortex.o
 *fill*         0x080023be        0x2 
 .text.SysTick_Config
                0x080023c0       0x44 ./Drivers/STM32G4xx_HAL_Driver/Src/stm32g4xx_hal_cortex.o
 .text.HAL_NVIC_SetPriorityGrouping
                0x08002404       0x16 ./Drivers/STM32G4xx_HAL_Driver/Src/stm32g4xx_hal_cortex.o
                0x08002404                HAL_NVIC_SetPriorityGrouping
 .text.HAL_NVIC_SetPriority
                0x0800241a       0x34 ./Drivers/STM32G4xx_HAL_Driver/Src/stm32g4xx_hal_cortex.o
                0x0800241a                HAL_NVIC_SetPriority
 .text.HAL_NVIC_EnableIRQ
                0x0800244e       0x1c ./Drivers/STM32G4xx_HAL_Driver/Src/stm32g4xx_hal_cortex.o
                0x0800244e                HAL_NVIC_EnableIRQ
 .text.HAL_SYSTICK_Config
                0x0800246a       0x18 ./Drivers/STM32G4xx_HAL_Driver/Src/stm32g4xx_hal_cortex.o
                0x0800246a                HAL_SYSTICK_Config
 .text.HAL_DMA_Abort
                0x08002482       0xb2 ./Drivers/STM32G4xx_HAL_Driver/Src/stm32g4xx_hal_dma.o
                0x08002482                HAL_DMA_Abort
 .text.HAL_DMA_Abort_IT
                0x08002534       0xce ./Drivers/STM32G4xx_HAL_Driver/Src/stm32g4xx_hal_dma.o
                0x08002534                HAL_DMA_Abort_IT
 *fill*         0x08002602        0x2 
 .text.HAL_GPIO_Init
                0x08002604      0x304 ./Drivers/STM32G4xx_HAL_Driver/Src/stm32g4xx_hal_gpio.o
                0x08002604                HAL_GPIO_Init
 .text.HAL_GPIO_ReadPin
                0x08002908       0x30 ./Drivers/STM32G4xx_HAL_Driver/Src/stm32g4xx_hal_gpio.o
                0x08002908                HAL_GPIO_ReadPin
 .text.HAL_GPIO_WritePin
                0x08002938       0x30 ./Drivers/STM32G4xx_HAL_Driver/Src/stm32g4xx_hal_gpio.o
                0x08002938                HAL_GPIO_WritePin
 .text.HAL_GPIO_TogglePin
                0x08002968       0x34 ./Drivers/STM32G4xx_HAL_Driver/Src/stm32g4xx_hal_gpio.o
                0x08002968                HAL_GPIO_TogglePin
 .text.HAL_I2C_Init
                0x0800299c      0x136 ./Drivers/STM32G4xx_HAL_Driver/Src/stm32g4xx_hal_i2c.o
                0x0800299c                HAL_I2C_Init
 *fill*         0x08002ad2        0x2 
 .text.HAL_I2C_Mem_Read
                0x08002ad4      0x234 ./Drivers/STM32G4xx_HAL_Driver/Src/stm32g4xx_hal_i2c.o
                0x08002ad4                HAL_I2C_Mem_Read
 .text.I2C_RequestMemoryRead
                0x08002d08       0xa8 ./Drivers/STM32G4xx_HAL_Driver/Src/stm32g4xx_hal_i2c.o
 .text.I2C_Flush_TXDR
                0x08002db0       0x48 ./Drivers/STM32G4xx_HAL_Driver/Src/stm32g4xx_hal_i2c.o
 .text.I2C_WaitOnFlagUntilTimeout
                0x08002df8       0xb2 ./Drivers/STM32G4xx_HAL_Driver/Src/stm32g4xx_hal_i2c.o
 .text.I2C_WaitOnTXISFlagUntilTimeout
                0x08002eaa       0x8e ./Drivers/STM32G4xx_HAL_Driver/Src/stm32g4xx_hal_i2c.o
 .text.I2C_WaitOnSTOPFlagUntilTimeout
                0x08002f38       0x86 ./Drivers/STM32G4xx_HAL_Driver/Src/stm32g4xx_hal_i2c.o
 *fill*         0x08002fbe        0x2 
 .text.I2C_IsErrorOccurred
                0x08002fc0      0x1c0 ./Drivers/STM32G4xx_HAL_Driver/Src/stm32g4xx_hal_i2c.o
 .text.I2C_TransferConfig
                0x08003180       0x64 ./Drivers/STM32G4xx_HAL_Driver/Src/stm32g4xx_hal_i2c.o
 .text.HAL_I2CEx_ConfigAnalogFilter
                0x080031e4       0x96 ./Drivers/STM32G4xx_HAL_Driver/Src/stm32g4xx_hal_i2c_ex.o
                0x080031e4                HAL_I2CEx_ConfigAnalogFilter
 .text.HAL_I2CEx_ConfigDigitalFilter
                0x0800327a       0x98 ./Drivers/STM32G4xx_HAL_Driver/Src/stm32g4xx_hal_i2c_ex.o
                0x0800327a                HAL_I2CEx_ConfigDigitalFilter
 .text.HAL_PCD_Init
                0x08003312      0x19c ./Drivers/STM32G4xx_HAL_Driver/Src/stm32g4xx_hal_pcd.o
                0x08003312                HAL_PCD_Init
 .text.HAL_PCD_Start
                0x080034ae       0x44 ./Drivers/STM32G4xx_HAL_Driver/Src/stm32g4xx_hal_pcd.o
                0x080034ae                HAL_PCD_Start
 .text.HAL_PCD_IRQHandler
                0x080034f2      0x24e ./Drivers/STM32G4xx_HAL_Driver/Src/stm32g4xx_hal_pcd.o
                0x080034f2                HAL_PCD_IRQHandler
 .text.HAL_PCD_SetAddress
                0x08003740       0x48 ./Drivers/STM32G4xx_HAL_Driver/Src/stm32g4xx_hal_pcd.o
                0x08003740                HAL_PCD_SetAddress
 .text.HAL_PCD_EP_Open
                0x08003788       0xbe ./Drivers/STM32G4xx_HAL_Driver/Src/stm32g4xx_hal_pcd.o
                0x08003788                HAL_PCD_EP_Open
 .text.HAL_PCD_EP_Close
                0x08003846       0x90 ./Drivers/STM32G4xx_HAL_Driver/Src/stm32g4xx_hal_pcd.o
                0x08003846                HAL_PCD_EP_Close
 .text.HAL_PCD_EP_Receive
                0x080038d6       0x62 ./Drivers/STM32G4xx_HAL_Driver/Src/stm32g4xx_hal_pcd.o
                0x080038d6                HAL_PCD_EP_Receive
 .text.HAL_PCD_EP_GetRxCount
                0x08003938       0x30 ./Drivers/STM32G4xx_HAL_Driver/Src/stm32g4xx_hal_pcd.o
                0x08003938                HAL_PCD_EP_GetRxCount
 .text.HAL_PCD_EP_Transmit
                0x08003968       0x6e ./Drivers/STM32G4xx_HAL_Driver/Src/stm32g4xx_hal_pcd.o
                0x08003968                HAL_PCD_EP_Transmit
 .text.HAL_PCD_EP_SetStall
                0x080039d6       0xa4 ./Drivers/STM32G4xx_HAL_Driver/Src/stm32g4xx_hal_pcd.o
                0x080039d6                HAL_PCD_EP_SetStall
 .text.HAL_PCD_EP_ClrStall
                0x08003a7a       0xa8 ./Drivers/STM32G4xx_HAL_Driver/Src/stm32g4xx_hal_pcd.o
                0x08003a7a                HAL_PCD_EP_ClrStall
 .text.PCD_EP_ISR_Handler
                0x08003b22      0x782 ./Drivers/STM32G4xx_HAL_Driver/Src/stm32g4xx_hal_pcd.o
 .text.HAL_PCD_EP_DB_Receive
                0x080042a4      0x212 ./Drivers/STM32G4xx_HAL_Driver/Src/stm32g4xx_hal_pcd.o
 .text.HAL_PCD_EP_DB_Transmit
                0x080044b6      0x7ec ./Drivers/STM32G4xx_HAL_Driver/Src/stm32g4xx_hal_pcd.o
 .text.HAL_PCDEx_PMAConfig
                0x08004ca2       0x86 ./Drivers/STM32G4xx_HAL_Driver/Src/stm32g4xx_hal_pcd_ex.o
                0x08004ca2                HAL_PCDEx_PMAConfig
 .text.HAL_PCDEx_ActivateLPM
                0x08004d28       0x54 ./Drivers/STM32G4xx_HAL_Driver/Src/stm32g4xx_hal_pcd_ex.o
                0x08004d28                HAL_PCDEx_ActivateLPM
 .text.HAL_PWREx_ControlVoltageScaling
                0x08004d7c      0x148 ./Drivers/STM32G4xx_HAL_Driver/Src/stm32g4xx_hal_pwr_ex.o
                0x08004d7c                HAL_PWREx_ControlVoltageScaling
 .text.HAL_PWREx_DisableUCPDDeadBattery
                0x08004ec4       0x20 ./Drivers/STM32G4xx_HAL_Driver/Src/stm32g4xx_hal_pwr_ex.o
                0x08004ec4                HAL_PWREx_DisableUCPDDeadBattery
 .text.HAL_RCC_OscConfig
                0x08004ee4      0x624 ./Drivers/STM32G4xx_HAL_Driver/Src/stm32g4xx_hal_rcc.o
                0x08004ee4                HAL_RCC_OscConfig
 .text.HAL_RCC_ClockConfig
                0x08005508      0x278 ./Drivers/STM32G4xx_HAL_Driver/Src/stm32g4xx_hal_rcc.o
                0x08005508                HAL_RCC_ClockConfig
 .text.HAL_RCC_GetSysClockFreq
                0x08005780       0xc0 ./Drivers/STM32G4xx_HAL_Driver/Src/stm32g4xx_hal_rcc.o
                0x08005780                HAL_RCC_GetSysClockFreq
 .text.HAL_RCC_GetHCLKFreq
                0x08005840       0x18 ./Drivers/STM32G4xx_HAL_Driver/Src/stm32g4xx_hal_rcc.o
                0x08005840                HAL_RCC_GetHCLKFreq
 .text.HAL_RCC_GetPCLK1Freq
                0x08005858       0x2c ./Drivers/STM32G4xx_HAL_Driver/Src/stm32g4xx_hal_rcc.o
                0x08005858                HAL_RCC_GetPCLK1Freq
 .text.HAL_RCC_GetPCLK2Freq
                0x08005884       0x2c ./Drivers/STM32G4xx_HAL_Driver/Src/stm32g4xx_hal_rcc.o
                0x08005884                HAL_RCC_GetPCLK2Freq
 .text.RCC_GetSysClockFreqFromPLLSource
                0x080058b0       0x88 ./Drivers/STM32G4xx_HAL_Driver/Src/stm32g4xx_hal_rcc.o
 .text.HAL_RCCEx_PeriphCLKConfig
                0x08005938      0x49c ./Drivers/STM32G4xx_HAL_Driver/Src/stm32g4xx_hal_rcc_ex.o
                0x08005938                HAL_RCCEx_PeriphCLKConfig
 .text.HAL_TIM_Base_Init
                0x08005dd4       0xae ./Drivers/STM32G4xx_HAL_Driver/Src/stm32g4xx_hal_tim.o
                0x08005dd4                HAL_TIM_Base_Init
 *fill*         0x08005e82        0x2 
 .text.HAL_TIM_Base_Start_IT
                0x08005e84       0xf0 ./Drivers/STM32G4xx_HAL_Driver/Src/stm32g4xx_hal_tim.o
                0x08005e84                HAL_TIM_Base_Start_IT
 .text.HAL_TIM_Base_Stop_IT
                0x08005f74       0x5e ./Drivers/STM32G4xx_HAL_Driver/Src/stm32g4xx_hal_tim.o
                0x08005f74                HAL_TIM_Base_Stop_IT
 .text.HAL_TIM_PWM_Init
                0x08005fd2       0xae ./Drivers/STM32G4xx_HAL_Driver/Src/stm32g4xx_hal_tim.o
                0x08005fd2                HAL_TIM_PWM_Init
 .text.HAL_TIM_PWM_Start
                0x08006080      0x224 ./Drivers/STM32G4xx_HAL_Driver/Src/stm32g4xx_hal_tim.o
                0x08006080                HAL_TIM_PWM_Start
 .text.HAL_TIM_IRQHandler
                0x080062a4      0x29e ./Drivers/STM32G4xx_HAL_Driver/Src/stm32g4xx_hal_tim.o
                0x080062a4                HAL_TIM_IRQHandler
 *fill*         0x08006542        0x2 
 .text.HAL_TIM_PWM_ConfigChannel
                0x08006544      0x228 ./Drivers/STM32G4xx_HAL_Driver/Src/stm32g4xx_hal_tim.o
                0x08006544                HAL_TIM_PWM_ConfigChannel
 .text.HAL_TIM_OC_DelayElapsedCallback
                0x0800676c       0x14 ./Drivers/STM32G4xx_HAL_Driver/Src/stm32g4xx_hal_tim.o
                0x0800676c                HAL_TIM_OC_DelayElapsedCallback
 .text.HAL_TIM_IC_CaptureCallback
                0x08006780       0x14 ./Drivers/STM32G4xx_HAL_Driver/Src/stm32g4xx_hal_tim.o
                0x08006780                HAL_TIM_IC_CaptureCallback
 .text.HAL_TIM_PWM_PulseFinishedCallback
                0x08006794       0x14 ./Drivers/STM32G4xx_HAL_Driver/Src/stm32g4xx_hal_tim.o
                0x08006794                HAL_TIM_PWM_PulseFinishedCallback
 .text.HAL_TIM_TriggerCallback
                0x080067a8       0x14 ./Drivers/STM32G4xx_HAL_Driver/Src/stm32g4xx_hal_tim.o
                0x080067a8                HAL_TIM_TriggerCallback
 .text.TIM_Base_SetConfig
                0x080067bc      0x168 ./Drivers/STM32G4xx_HAL_Driver/Src/stm32g4xx_hal_tim.o
                0x080067bc                TIM_Base_SetConfig
 .text.TIM_OC1_SetConfig
                0x08006924      0x134 ./Drivers/STM32G4xx_HAL_Driver/Src/stm32g4xx_hal_tim.o
 .text.TIM_OC2_SetConfig
                0x08006a58      0x128 ./Drivers/STM32G4xx_HAL_Driver/Src/stm32g4xx_hal_tim.o
                0x08006a58                TIM_OC2_SetConfig
 .text.TIM_OC3_SetConfig
                0x08006b80      0x124 ./Drivers/STM32G4xx_HAL_Driver/Src/stm32g4xx_hal_tim.o
 .text.TIM_OC4_SetConfig
                0x08006ca4      0x128 ./Drivers/STM32G4xx_HAL_Driver/Src/stm32g4xx_hal_tim.o
 .text.TIM_OC5_SetConfig
                0x08006dcc       0xd4 ./Drivers/STM32G4xx_HAL_Driver/Src/stm32g4xx_hal_tim.o
 .text.TIM_OC6_SetConfig
                0x08006ea0       0xd8 ./Drivers/STM32G4xx_HAL_Driver/Src/stm32g4xx_hal_tim.o
 .text.TIM_CCxChannelCmd
                0x08006f78       0x4a ./Drivers/STM32G4xx_HAL_Driver/Src/stm32g4xx_hal_tim.o
                0x08006f78                TIM_CCxChannelCmd
 *fill*         0x08006fc2        0x2 
 .text.HAL_TIMEx_MasterConfigSynchronization
                0x08006fc4      0x12c ./Drivers/STM32G4xx_HAL_Driver/Src/stm32g4xx_hal_tim_ex.o
                0x08006fc4                HAL_TIMEx_MasterConfigSynchronization
 .text.HAL_TIMEx_ConfigBreakDeadTime
                0x080070f0      0x128 ./Drivers/STM32G4xx_HAL_Driver/Src/stm32g4xx_hal_tim_ex.o
                0x080070f0                HAL_TIMEx_ConfigBreakDeadTime
 .text.HAL_TIMEx_CommutCallback
                0x08007218       0x14 ./Drivers/STM32G4xx_HAL_Driver/Src/stm32g4xx_hal_tim_ex.o
                0x08007218                HAL_TIMEx_CommutCallback
 .text.HAL_TIMEx_BreakCallback
                0x0800722c       0x14 ./Drivers/STM32G4xx_HAL_Driver/Src/stm32g4xx_hal_tim_ex.o
                0x0800722c                HAL_TIMEx_BreakCallback
 .text.HAL_TIMEx_Break2Callback
                0x08007240       0x14 ./Drivers/STM32G4xx_HAL_Driver/Src/stm32g4xx_hal_tim_ex.o
                0x08007240                HAL_TIMEx_Break2Callback
 .text.HAL_TIMEx_EncoderIndexCallback
                0x08007254       0x14 ./Drivers/STM32G4xx_HAL_Driver/Src/stm32g4xx_hal_tim_ex.o
                0x08007254                HAL_TIMEx_EncoderIndexCallback
 .text.HAL_TIMEx_DirectionChangeCallback
                0x08007268       0x14 ./Drivers/STM32G4xx_HAL_Driver/Src/stm32g4xx_hal_tim_ex.o
                0x08007268                HAL_TIMEx_DirectionChangeCallback
 .text.HAL_TIMEx_IndexErrorCallback
                0x0800727c       0x14 ./Drivers/STM32G4xx_HAL_Driver/Src/stm32g4xx_hal_tim_ex.o
                0x0800727c                HAL_TIMEx_IndexErrorCallback
 .text.HAL_TIMEx_TransitionErrorCallback
                0x08007290       0x14 ./Drivers/STM32G4xx_HAL_Driver/Src/stm32g4xx_hal_tim_ex.o
                0x08007290                HAL_TIMEx_TransitionErrorCallback
 .text.HAL_UART_Init
                0x080072a4       0xa0 ./Drivers/STM32G4xx_HAL_Driver/Src/stm32g4xx_hal_uart.o
                0x080072a4                HAL_UART_Init
 .text.HAL_UART_IRQHandler
                0x08007344      0x684 ./Drivers/STM32G4xx_HAL_Driver/Src/stm32g4xx_hal_uart.o
                0x08007344                HAL_UART_IRQHandler
 .text.HAL_UART_TxCpltCallback
                0x080079c8       0x14 ./Drivers/STM32G4xx_HAL_Driver/Src/stm32g4xx_hal_uart.o
                0x080079c8                HAL_UART_TxCpltCallback
 .text.HAL_UART_ErrorCallback
                0x080079dc       0x14 ./Drivers/STM32G4xx_HAL_Driver/Src/stm32g4xx_hal_uart.o
                0x080079dc                HAL_UART_ErrorCallback
 .text.HAL_UARTEx_RxEventCallback
                0x080079f0       0x18 ./Drivers/STM32G4xx_HAL_Driver/Src/stm32g4xx_hal_uart.o
                0x080079f0                HAL_UARTEx_RxEventCallback
 .text.UART_SetConfig
                0x08007a08      0x5f8 ./Drivers/STM32G4xx_HAL_Driver/Src/stm32g4xx_hal_uart.o
                0x08007a08                UART_SetConfig
 .text.UART_AdvFeatureConfig
                0x08008000      0x144 ./Drivers/STM32G4xx_HAL_Driver/Src/stm32g4xx_hal_uart.o
                0x08008000                UART_AdvFeatureConfig
 .text.UART_CheckIdleState
                0x08008144      0x154 ./Drivers/STM32G4xx_HAL_Driver/Src/stm32g4xx_hal_uart.o
                0x08008144                UART_CheckIdleState
 .text.UART_WaitOnFlagUntilTimeout
                0x08008298       0xda ./Drivers/STM32G4xx_HAL_Driver/Src/stm32g4xx_hal_uart.o
                0x08008298                UART_WaitOnFlagUntilTimeout
 .text.UART_EndRxTransfer
                0x08008372       0xcc ./Drivers/STM32G4xx_HAL_Driver/Src/stm32g4xx_hal_uart.o
 .text.UART_DMAAbortOnError
                0x0800843e       0x2c ./Drivers/STM32G4xx_HAL_Driver/Src/stm32g4xx_hal_uart.o
 .text.UART_EndTransmit_IT
                0x0800846a       0x56 ./Drivers/STM32G4xx_HAL_Driver/Src/stm32g4xx_hal_uart.o
 .text.HAL_UARTEx_WakeupCallback
                0x080084c0       0x14 ./Drivers/STM32G4xx_HAL_Driver/Src/stm32g4xx_hal_uart_ex.o
                0x080084c0                HAL_UARTEx_WakeupCallback
 .text.HAL_UARTEx_RxFifoFullCallback
                0x080084d4       0x14 ./Drivers/STM32G4xx_HAL_Driver/Src/stm32g4xx_hal_uart_ex.o
                0x080084d4                HAL_UARTEx_RxFifoFullCallback
 .text.HAL_UARTEx_TxFifoEmptyCallback
                0x080084e8       0x14 ./Drivers/STM32G4xx_HAL_Driver/Src/stm32g4xx_hal_uart_ex.o
                0x080084e8                HAL_UARTEx_TxFifoEmptyCallback
 .text.HAL_UARTEx_DisableFifoMode
                0x080084fc       0x72 ./Drivers/STM32G4xx_HAL_Driver/Src/stm32g4xx_hal_uart_ex.o
                0x080084fc                HAL_UARTEx_DisableFifoMode
 .text.HAL_UARTEx_SetTxFifoThreshold
                0x0800856e       0x7c ./Drivers/STM32G4xx_HAL_Driver/Src/stm32g4xx_hal_uart_ex.o
                0x0800856e                HAL_UARTEx_SetTxFifoThreshold
 .text.HAL_UARTEx_SetRxFifoThreshold
                0x080085ea       0x7c ./Drivers/STM32G4xx_HAL_Driver/Src/stm32g4xx_hal_uart_ex.o
                0x080085ea                HAL_UARTEx_SetRxFifoThreshold
 *fill*         0x08008666        0x2 
 .text.UARTEx_SetNbDataToProcess
                0x08008668       0x9c ./Drivers/STM32G4xx_HAL_Driver/Src/stm32g4xx_hal_uart_ex.o
 .text.USB_EnableGlobalInt
                0x08008704       0x2e ./Drivers/STM32G4xx_HAL_Driver/Src/stm32g4xx_ll_usb.o
                0x08008704                USB_EnableGlobalInt
 .text.USB_DisableGlobalInt
                0x08008732       0x36 ./Drivers/STM32G4xx_HAL_Driver/Src/stm32g4xx_ll_usb.o
                0x08008732                USB_DisableGlobalInt
 .text.USB_DevInit
                0x08008768       0x3c ./Drivers/STM32G4xx_HAL_Driver/Src/stm32g4xx_ll_usb.o
                0x08008768                USB_DevInit
 .text.USB_ActivateEndpoint
                0x080087a4      0x788 ./Drivers/STM32G4xx_HAL_Driver/Src/stm32g4xx_ll_usb.o
                0x080087a4                USB_ActivateEndpoint
 .text.USB_DeactivateEndpoint
                0x08008f2c      0x3da ./Drivers/STM32G4xx_HAL_Driver/Src/stm32g4xx_ll_usb.o
                0x08008f2c                USB_DeactivateEndpoint
 .text.USB_EPStartXfer
                0x08009306     0x1764 ./Drivers/STM32G4xx_HAL_Driver/Src/stm32g4xx_ll_usb.o
                0x08009306                USB_EPStartXfer
 .text.USB_EPSetStall
                0x0800aa6a       0xa2 ./Drivers/STM32G4xx_HAL_Driver/Src/stm32g4xx_ll_usb.o
                0x0800aa6a                USB_EPSetStall
 .text.USB_EPClearStall
                0x0800ab0c      0x15c ./Drivers/STM32G4xx_HAL_Driver/Src/stm32g4xx_ll_usb.o
                0x0800ab0c                USB_EPClearStall
 .text.USB_SetDevAddress
                0x0800ac68       0x28 ./Drivers/STM32G4xx_HAL_Driver/Src/stm32g4xx_ll_usb.o
                0x0800ac68                USB_SetDevAddress
 .text.USB_DevConnect
                0x0800ac90       0x2e ./Drivers/STM32G4xx_HAL_Driver/Src/stm32g4xx_ll_usb.o
                0x0800ac90                USB_DevConnect
 .text.USB_ReadInterrupts
                0x0800acbe       0x20 ./Drivers/STM32G4xx_HAL_Driver/Src/stm32g4xx_ll_usb.o
                0x0800acbe                USB_ReadInterrupts
 .text.USB_WritePMA
                0x0800acde       0x84 ./Drivers/STM32G4xx_HAL_Driver/Src/stm32g4xx_ll_usb.o
                0x0800acde                USB_WritePMA
 .text.USB_ReadPMA
                0x0800ad62       0x98 ./Drivers/STM32G4xx_HAL_Driver/Src/stm32g4xx_ll_usb.o
                0x0800ad62                USB_ReadPMA
 .text.USBD_CDC_Init
                0x0800adfa       0xfe ./Middlewares/ST/STM32_USB_Device_Library/Class/CDC/Src/usbd_cdc.o
 .text.USBD_CDC_DeInit
                0x0800aef8       0x74 ./Middlewares/ST/STM32_USB_Device_Library/Class/CDC/Src/usbd_cdc.o
 .text.USBD_CDC_Setup
                0x0800af6c      0x190 ./Middlewares/ST/STM32_USB_Device_Library/Class/CDC/Src/usbd_cdc.o
 .text.USBD_CDC_DataIn
                0x0800b0fc       0xca ./Middlewares/ST/STM32_USB_Device_Library/Class/CDC/Src/usbd_cdc.o
 .text.USBD_CDC_DataOut
                0x0800b1c6       0x56 ./Middlewares/ST/STM32_USB_Device_Library/Class/CDC/Src/usbd_cdc.o
 .text.USBD_CDC_EP0_RxReady
                0x0800b21c       0x58 ./Middlewares/ST/STM32_USB_Device_Library/Class/CDC/Src/usbd_cdc.o
 .text.USBD_CDC_GetFSCfgDesc
                0x0800b274       0x20 ./Middlewares/ST/STM32_USB_Device_Library/Class/CDC/Src/usbd_cdc.o
 .text.USBD_CDC_GetHSCfgDesc
                0x0800b294       0x20 ./Middlewares/ST/STM32_USB_Device_Library/Class/CDC/Src/usbd_cdc.o
 .text.USBD_CDC_GetOtherSpeedCfgDesc
                0x0800b2b4       0x20 ./Middlewares/ST/STM32_USB_Device_Library/Class/CDC/Src/usbd_cdc.o
 .text.USBD_CDC_GetDeviceQualifierDescriptor
                0x0800b2d4       0x20 ./Middlewares/ST/STM32_USB_Device_Library/Class/CDC/Src/usbd_cdc.o
                0x0800b2d4                USBD_CDC_GetDeviceQualifierDescriptor
 .text.USBD_CDC_RegisterInterface
                0x0800b2f4       0x2a ./Middlewares/ST/STM32_USB_Device_Library/Class/CDC/Src/usbd_cdc.o
                0x0800b2f4                USBD_CDC_RegisterInterface
 .text.USBD_CDC_SetTxBuffer
                0x0800b31e       0x3c ./Middlewares/ST/STM32_USB_Device_Library/Class/CDC/Src/usbd_cdc.o
                0x0800b31e                USBD_CDC_SetTxBuffer
 .text.USBD_CDC_SetRxBuffer
                0x0800b35a       0x32 ./Middlewares/ST/STM32_USB_Device_Library/Class/CDC/Src/usbd_cdc.o
                0x0800b35a                USBD_CDC_SetRxBuffer
 .text.USBD_CDC_TransmitPacket
                0x0800b38c       0x60 ./Middlewares/ST/STM32_USB_Device_Library/Class/CDC/Src/usbd_cdc.o
                0x0800b38c                USBD_CDC_TransmitPacket
 .text.USBD_CDC_ReceivePacket
                0x0800b3ec       0x54 ./Middlewares/ST/STM32_USB_Device_Library/Class/CDC/Src/usbd_cdc.o
                0x0800b3ec                USBD_CDC_ReceivePacket
 .text.USBD_Init
                0x0800b440       0x60 ./Middlewares/ST/STM32_USB_Device_Library/Core/Src/usbd_core.o
                0x0800b440                USBD_Init
 .text.USBD_RegisterClass
                0x0800b4a0       0x4e ./Middlewares/ST/STM32_USB_Device_Library/Core/Src/usbd_core.o
                0x0800b4a0                USBD_RegisterClass
 .text.USBD_Start
                0x0800b4ee       0x18 ./Middlewares/ST/STM32_USB_Device_Library/Core/Src/usbd_core.o
                0x0800b4ee                USBD_Start
 .text.USBD_RunTestMode
                0x0800b506       0x16 ./Middlewares/ST/STM32_USB_Device_Library/Core/Src/usbd_core.o
                0x0800b506                USBD_RunTestMode
 .text.USBD_SetClassConfig
                0x0800b51c       0x38 ./Middlewares/ST/STM32_USB_Device_Library/Core/Src/usbd_core.o
                0x0800b51c                USBD_SetClassConfig
 .text.USBD_ClrClassConfig
                0x0800b554       0x30 ./Middlewares/ST/STM32_USB_Device_Library/Core/Src/usbd_core.o
                0x0800b554                USBD_ClrClassConfig
 .text.USBD_LL_SetupStage
                0x0800b584       0xaa ./Middlewares/ST/STM32_USB_Device_Library/Core/Src/usbd_core.o
                0x0800b584                USBD_LL_SetupStage
 .text.USBD_LL_DataOutStage
                0x0800b62e       0xc6 ./Middlewares/ST/STM32_USB_Device_Library/Core/Src/usbd_core.o
                0x0800b62e                USBD_LL_DataOutStage
 .text.USBD_LL_DataInStage
                0x0800b6f4      0x12c ./Middlewares/ST/STM32_USB_Device_Library/Core/Src/usbd_core.o
                0x0800b6f4                USBD_LL_DataInStage
 .text.USBD_LL_Reset
                0x0800b820       0x9c ./Middlewares/ST/STM32_USB_Device_Library/Core/Src/usbd_core.o
                0x0800b820                USBD_LL_Reset
 .text.USBD_LL_SetSpeed
                0x0800b8bc       0x20 ./Middlewares/ST/STM32_USB_Device_Library/Core/Src/usbd_core.o
                0x0800b8bc                USBD_LL_SetSpeed
 .text.USBD_LL_Suspend
                0x0800b8dc       0x2c ./Middlewares/ST/STM32_USB_Device_Library/Core/Src/usbd_core.o
                0x0800b8dc                USBD_LL_Suspend
 .text.USBD_LL_Resume
                0x0800b908       0x30 ./Middlewares/ST/STM32_USB_Device_Library/Core/Src/usbd_core.o
                0x0800b908                USBD_LL_Resume
 .text.USBD_LL_SOF
                0x0800b938       0x44 ./Middlewares/ST/STM32_USB_Device_Library/Core/Src/usbd_core.o
                0x0800b938                USBD_LL_SOF
 .text.SWAPBYTE
                0x0800b97c       0x3c ./Middlewares/ST/STM32_USB_Device_Library/Core/Src/usbd_ctlreq.o
 .text.USBD_StdDevReq
                0x0800b9b8       0xdc ./Middlewares/ST/STM32_USB_Device_Library/Core/Src/usbd_ctlreq.o
                0x0800b9b8                USBD_StdDevReq
 .text.USBD_StdItfReq
                0x0800ba94       0x92 ./Middlewares/ST/STM32_USB_Device_Library/Core/Src/usbd_ctlreq.o
                0x0800ba94                USBD_StdItfReq
 .text.USBD_StdEPReq
                0x0800bb26      0x2c4 ./Middlewares/ST/STM32_USB_Device_Library/Core/Src/usbd_ctlreq.o
                0x0800bb26                USBD_StdEPReq
 *fill*         0x0800bdea        0x2 
 .text.USBD_GetDescriptor
                0x0800bdec      0x328 ./Middlewares/ST/STM32_USB_Device_Library/Core/Src/usbd_ctlreq.o
 .text.USBD_SetAddress
                0x0800c114       0x88 ./Middlewares/ST/STM32_USB_Device_Library/Core/Src/usbd_ctlreq.o
 .text.USBD_SetConfig
                0x0800c19c      0x14c ./Middlewares/ST/STM32_USB_Device_Library/Core/Src/usbd_ctlreq.o
 .text.USBD_GetConfig
                0x0800c2e8       0x6c ./Middlewares/ST/STM32_USB_Device_Library/Core/Src/usbd_ctlreq.o
 .text.USBD_GetStatus
                0x0800c354       0x68 ./Middlewares/ST/STM32_USB_Device_Library/Core/Src/usbd_ctlreq.o
 .text.USBD_SetFeature
                0x0800c3bc       0x28 ./Middlewares/ST/STM32_USB_Device_Library/Core/Src/usbd_ctlreq.o
 .text.USBD_ClrFeature
                0x0800c3e4       0x44 ./Middlewares/ST/STM32_USB_Device_Library/Core/Src/usbd_ctlreq.o
 .text.USBD_ParseSetupRequest
                0x0800c428       0x74 ./Middlewares/ST/STM32_USB_Device_Library/Core/Src/usbd_ctlreq.o
                0x0800c428                USBD_ParseSetupRequest
 .text.USBD_CtlError
                0x0800c49c       0x22 ./Middlewares/ST/STM32_USB_Device_Library/Core/Src/usbd_ctlreq.o
                0x0800c49c                USBD_CtlError
 .text.USBD_GetString
                0x0800c4be       0x8c ./Middlewares/ST/STM32_USB_Device_Library/Core/Src/usbd_ctlreq.o
                0x0800c4be                USBD_GetString
 .text.USBD_GetLen
                0x0800c54a       0x34 ./Middlewares/ST/STM32_USB_Device_Library/Core/Src/usbd_ctlreq.o
 .text.USBD_CtlSendData
                0x0800c57e       0x36 ./Middlewares/ST/STM32_USB_Device_Library/Core/Src/usbd_ioreq.o
                0x0800c57e                USBD_CtlSendData
 .text.USBD_CtlContinueSendData
                0x0800c5b4       0x22 ./Middlewares/ST/STM32_USB_Device_Library/Core/Src/usbd_ioreq.o
                0x0800c5b4                USBD_CtlContinueSendData
 .text.USBD_CtlPrepareRx
                0x0800c5d6       0x3a ./Middlewares/ST/STM32_USB_Device_Library/Core/Src/usbd_ioreq.o
                0x0800c5d6                USBD_CtlPrepareRx
 .text.USBD_CtlContinueRx
                0x0800c610       0x22 ./Middlewares/ST/STM32_USB_Device_Library/Core/Src/usbd_ioreq.o
                0x0800c610                USBD_CtlContinueRx
 .text.USBD_CtlSendStatus
                0x0800c632       0x26 ./Middlewares/ST/STM32_USB_Device_Library/Core/Src/usbd_ioreq.o
                0x0800c632                USBD_CtlSendStatus
 .text.USBD_CtlReceiveStatus
                0x0800c658       0x26 ./Middlewares/ST/STM32_USB_Device_Library/Core/Src/usbd_ioreq.o
                0x0800c658                USBD_CtlReceiveStatus
 *fill*         0x0800c67e        0x2 
 .text.MX_USB_Device_Init
                0x0800c680       0x60 ./USB_Device/App/usb_device.o
                0x0800c680                MX_USB_Device_Init
 .text.CDC_Init_FS
                0x0800c6e0       0x28 ./USB_Device/App/usbd_cdc_if.o
 .text.CDC_DeInit_FS
                0x0800c708       0x10 ./USB_Device/App/usbd_cdc_if.o
 .text.CDC_Control_FS
                0x0800c718       0xbc ./USB_Device/App/usbd_cdc_if.o
 .text.CDC_Receive_FS
                0x0800c7d4       0x3c ./USB_Device/App/usbd_cdc_if.o
 .text.CDC_Transmit_FS
                0x0800c810       0x4c ./USB_Device/App/usbd_cdc_if.o
                0x0800c810                CDC_Transmit_FS
 .text.CDC_TransmitCplt_FS
                0x0800c85c       0x22 ./USB_Device/App/usbd_cdc_if.o
 *fill*         0x0800c87e        0x2 
 .text.USBD_CDC_DeviceDescriptor
                0x0800c880       0x24 ./USB_Device/App/usbd_desc.o
                0x0800c880                USBD_CDC_DeviceDescriptor
 .text.USBD_CDC_LangIDStrDescriptor
                0x0800c8a4       0x24 ./USB_Device/App/usbd_desc.o
                0x0800c8a4                USBD_CDC_LangIDStrDescriptor
 .text.USBD_CDC_ProductStrDescriptor
                0x0800c8c8       0x3c ./USB_Device/App/usbd_desc.o
                0x0800c8c8                USBD_CDC_ProductStrDescriptor
 .text.USBD_CDC_ManufacturerStrDescriptor
                0x0800c904       0x28 ./USB_Device/App/usbd_desc.o
                0x0800c904                USBD_CDC_ManufacturerStrDescriptor
 .text.USBD_CDC_SerialStrDescriptor
                0x0800c92c       0x24 ./USB_Device/App/usbd_desc.o
                0x0800c92c                USBD_CDC_SerialStrDescriptor
 .text.USBD_CDC_ConfigStrDescriptor
                0x0800c950       0x3c ./USB_Device/App/usbd_desc.o
                0x0800c950                USBD_CDC_ConfigStrDescriptor
 .text.USBD_CDC_InterfaceStrDescriptor
                0x0800c98c       0x3c ./USB_Device/App/usbd_desc.o
                0x0800c98c                USBD_CDC_InterfaceStrDescriptor
 .text.Get_SerialNum
                0x0800c9c8       0x58 ./USB_Device/App/usbd_desc.o
 .text.IntToUnicode
                0x0800ca20       0x7e ./USB_Device/App/usbd_desc.o
 *fill*         0x0800ca9e        0x2 
 .text.HAL_PCD_MspInit
                0x0800caa0       0x78 ./USB_Device/Target/usbd_conf.o
                0x0800caa0                HAL_PCD_MspInit
 .text.HAL_PCD_SetupStageCallback
                0x0800cb18       0x24 ./USB_Device/Target/usbd_conf.o
                0x0800cb18                HAL_PCD_SetupStageCallback
 .text.HAL_PCD_DataOutStageCallback
                0x0800cb3c       0x36 ./USB_Device/Target/usbd_conf.o
                0x0800cb3c                HAL_PCD_DataOutStageCallback
 .text.HAL_PCD_DataInStageCallback
                0x0800cb72       0x34 ./USB_Device/Target/usbd_conf.o
                0x0800cb72                HAL_PCD_DataInStageCallback
 .text.HAL_PCD_SOFCallback
                0x0800cba6       0x1c ./USB_Device/Target/usbd_conf.o
                0x0800cba6                HAL_PCD_SOFCallback
 .text.HAL_PCD_ResetCallback
                0x0800cbc2       0x3c ./USB_Device/Target/usbd_conf.o
                0x0800cbc2                HAL_PCD_ResetCallback
 *fill*         0x0800cbfe        0x2 
 .text.HAL_PCD_SuspendCallback
                0x0800cc00       0x34 ./USB_Device/Target/usbd_conf.o
                0x0800cc00                HAL_PCD_SuspendCallback
 .text.HAL_PCD_ResumeCallback
                0x0800cc34       0x38 ./USB_Device/Target/usbd_conf.o
                0x0800cc34                HAL_PCD_ResumeCallback
 .text.USBD_LL_Init
                0x0800cc6c       0xc0 ./USB_Device/Target/usbd_conf.o
                0x0800cc6c                USBD_LL_Init
 .text.USBD_LL_Start
                0x0800cd2c       0x36 ./USB_Device/Target/usbd_conf.o
                0x0800cd2c                USBD_LL_Start
 .text.USBD_LL_OpenEP
                0x0800cd62       0x4c ./USB_Device/Target/usbd_conf.o
                0x0800cd62                USBD_LL_OpenEP
 .text.USBD_LL_CloseEP
                0x0800cdae       0x3e ./USB_Device/Target/usbd_conf.o
                0x0800cdae                USBD_LL_CloseEP
 .text.USBD_LL_StallEP
                0x0800cdec       0x3e ./USB_Device/Target/usbd_conf.o
                0x0800cdec                USBD_LL_StallEP
 .text.USBD_LL_ClearStallEP
                0x0800ce2a       0x3e ./USB_Device/Target/usbd_conf.o
                0x0800ce2a                USBD_LL_ClearStallEP
 .text.USBD_LL_IsStallEP
                0x0800ce68       0x58 ./USB_Device/Target/usbd_conf.o
                0x0800ce68                USBD_LL_IsStallEP
 .text.USBD_LL_SetUSBAddress
                0x0800cec0       0x3e ./USB_Device/Target/usbd_conf.o
                0x0800cec0                USBD_LL_SetUSBAddress
 .text.USBD_LL_Transmit
                0x0800cefe       0x42 ./USB_Device/Target/usbd_conf.o
                0x0800cefe                USBD_LL_Transmit
 .text.USBD_LL_PrepareReceive
                0x0800cf40       0x42 ./USB_Device/Target/usbd_conf.o
                0x0800cf40                USBD_LL_PrepareReceive
 .text.USBD_LL_GetRxDataSize
                0x0800cf82       0x26 ./USB_Device/Target/usbd_conf.o
                0x0800cf82                USBD_LL_GetRxDataSize
 .text.HAL_PCDEx_LPM_Callback
                0x0800cfa8       0x6c ./USB_Device/Target/usbd_conf.o
                0x0800cfa8                HAL_PCDEx_LPM_Callback
 .text.USBD_static_malloc
                0x0800d014       0x1c ./USB_Device/Target/usbd_conf.o
                0x0800d014                USBD_static_malloc
 .text.USBD_static_free
                0x0800d030       0x14 ./USB_Device/Target/usbd_conf.o
                0x0800d030                USBD_static_free
 .text.SystemClockConfig_Resume
                0x0800d044        0xc ./USB_Device/Target/usbd_conf.o
 .text.USBD_Get_USB_Status
                0x0800d050       0x58 ./USB_Device/Target/usbd_conf.o
 .text.memset   0x0800d0a8       0x10 C:/ST/STM32CubeIDE_1.14.1/STM32CubeIDE/plugins/com.st.stm32cube.ide.mcu.externaltools.gnu-tools-for-stm32.12.3.rel1.win32_1.0.200.202406191623/tools/bin/../lib/gcc/arm-none-eabi/12.3.1/../../../../arm-none-eabi/lib/thumb/v7e-m+fp/hard\libc_nano.a(libc_a-memset.o)
                0x0800d0a8                memset
 .text.__libc_init_array
                0x0800d0b8       0x48 C:/ST/STM32CubeIDE_1.14.1/STM32CubeIDE/plugins/com.st.stm32cube.ide.mcu.externaltools.gnu-tools-for-stm32.12.3.rel1.win32_1.0.200.202406191623/tools/bin/../lib/gcc/arm-none-eabi/12.3.1/../../../../arm-none-eabi/lib/thumb/v7e-m+fp/hard\libc_nano.a(libc_a-init.o)
                0x0800d0b8                __libc_init_array
 .text.memcpy   0x0800d100       0x1c C:/ST/STM32CubeIDE_1.14.1/STM32CubeIDE/plugins/com.st.stm32cube.ide.mcu.externaltools.gnu-tools-for-stm32.12.3.rel1.win32_1.0.200.202406191623/tools/bin/../lib/gcc/arm-none-eabi/12.3.1/../../../../arm-none-eabi/lib/thumb/v7e-m+fp/hard\libc_nano.a(libc_a-memcpy-stub.o)
                0x0800d100                memcpy
 *(.glue_7)
 .glue_7        0x0800d11c        0x0 linker stubs
 *(.glue_7t)
 .glue_7t       0x0800d11c        0x0 linker stubs
 *(.eh_frame)
 .eh_frame      0x0800d11c        0x0 C:/ST/STM32CubeIDE_1.14.1/STM32CubeIDE/plugins/com.st.stm32cube.ide.mcu.externaltools.gnu-tools-for-stm32.12.3.rel1.win32_1.0.200.202406191623/tools/bin/../lib/gcc/arm-none-eabi/12.3.1/thumb/v7e-m+fp/hard/crtbegin.o
 *(.init)
 .init          0x0800d11c        0x4 C:/ST/STM32CubeIDE_1.14.1/STM32CubeIDE/plugins/com.st.stm32cube.ide.mcu.externaltools.gnu-tools-for-stm32.12.3.rel1.win32_1.0.200.202406191623/tools/bin/../lib/gcc/arm-none-eabi/12.3.1/thumb/v7e-m+fp/hard/crti.o
                0x0800d11c                _init
 .init          0x0800d120        0x8 C:/ST/STM32CubeIDE_1.14.1/STM32CubeIDE/plugins/com.st.stm32cube.ide.mcu.externaltools.gnu-tools-for-stm32.12.3.rel1.win32_1.0.200.202406191623/tools/bin/../lib/gcc/arm-none-eabi/12.3.1/thumb/v7e-m+fp/hard/crtn.o
 *(.fini)
 .fini          0x0800d128        0x4 C:/ST/STM32CubeIDE_1.14.1/STM32CubeIDE/plugins/com.st.stm32cube.ide.mcu.externaltools.gnu-tools-for-stm32.12.3.rel1.win32_1.0.200.202406191623/tools/bin/../lib/gcc/arm-none-eabi/12.3.1/thumb/v7e-m+fp/hard/crti.o
                0x0800d128                _fini
 .fini          0x0800d12c        0x8 C:/ST/STM32CubeIDE_1.14.1/STM32CubeIDE/plugins/com.st.stm32cube.ide.mcu.externaltools.gnu-tools-for-stm32.12.3.rel1.win32_1.0.200.202406191623/tools/bin/../lib/gcc/arm-none-eabi/12.3.1/thumb/v7e-m+fp/hard/crtn.o
                0x0800d134                        . = ALIGN (0x4)
                0x0800d134                        _etext = .

.vfp11_veneer   0x0800d134        0x0
 .vfp11_veneer  0x0800d134        0x0 linker stubs

.v4_bx          0x0800d134        0x0
 .v4_bx         0x0800d134        0x0 linker stubs

.iplt           0x0800d134        0x0
 .iplt          0x0800d134        0x0 C:/ST/STM32CubeIDE_1.14.1/STM32CubeIDE/plugins/com.st.stm32cube.ide.mcu.externaltools.gnu-tools-for-stm32.12.3.rel1.win32_1.0.200.202406191623/tools/bin/../lib/gcc/arm-none-eabi/12.3.1/thumb/v7e-m+fp/hard/crtbegin.o

.rodata         0x0800d134       0x98
                0x0800d134                        . = ALIGN (0x4)
 *(.rodata)
 .rodata        0x0800d134        0xf ./Core/Src/main.o
 *fill*         0x0800d143        0x1 
 .rodata        0x0800d144       0x46 ./USB_Device/App/usbd_desc.o
 *(.rodata*)
 *fill*         0x0800d18a        0x2 
 .rodata.AHBPrescTable
                0x0800d18c       0x10 ./Core/Src/system_stm32g4xx.o
                0x0800d18c                AHBPrescTable
 .rodata.APBPrescTable
                0x0800d19c        0x8 ./Core/Src/system_stm32g4xx.o
                0x0800d19c                APBPrescTable
 .rodata.UARTPrescTable
                0x0800d1a4       0x18 ./Drivers/STM32G4xx_HAL_Driver/Src/stm32g4xx_hal_uart.o
                0x0800d1a4                UARTPrescTable
 .rodata.numerator.1
                0x0800d1bc        0x8 ./Drivers/STM32G4xx_HAL_Driver/Src/stm32g4xx_hal_uart_ex.o
 .rodata.denominator.0
                0x0800d1c4        0x8 ./Drivers/STM32G4xx_HAL_Driver/Src/stm32g4xx_hal_uart_ex.o
                0x0800d1cc                        . = ALIGN (0x4)

.ARM.extab      0x0800d1cc        0x0
                0x0800d1cc                        . = ALIGN (0x4)
 *(.ARM.extab* .gnu.linkonce.armextab.*)
                0x0800d1cc                        . = ALIGN (0x4)

.ARM            0x0800d1cc        0x8
                0x0800d1cc                        . = ALIGN (0x4)
                0x0800d1cc                        __exidx_start = .
 *(.ARM.exidx*)
 .ARM.exidx     0x0800d1cc        0x8 C:/ST/STM32CubeIDE_1.14.1/STM32CubeIDE/plugins/com.st.stm32cube.ide.mcu.externaltools.gnu-tools-for-stm32.12.3.rel1.win32_1.0.200.202406191623/tools/bin/../lib/gcc/arm-none-eabi/12.3.1/thumb/v7e-m+fp/hard\libgcc.a(_udivmoddi4.o)
                0x0800d1d4                        __exidx_end = .
                0x0800d1d4                        . = ALIGN (0x4)

.preinit_array  0x0800d1d4        0x0
                0x0800d1d4                        . = ALIGN (0x4)
                0x0800d1d4                        PROVIDE (__preinit_array_start = .)
 *(.preinit_array*)
                0x0800d1d4                        PROVIDE (__preinit_array_end = .)
                0x0800d1d4                        . = ALIGN (0x4)

.init_array     0x0800d1d4        0x4
                0x0800d1d4                        . = ALIGN (0x4)
                0x0800d1d4                        PROVIDE (__init_array_start = .)
 *(SORT_BY_NAME(.init_array.*))
 *(.init_array*)
 .init_array    0x0800d1d4        0x4 C:/ST/STM32CubeIDE_1.14.1/STM32CubeIDE/plugins/com.st.stm32cube.ide.mcu.externaltools.gnu-tools-for-stm32.12.3.rel1.win32_1.0.200.202406191623/tools/bin/../lib/gcc/arm-none-eabi/12.3.1/thumb/v7e-m+fp/hard/crtbegin.o
                0x0800d1d8                        PROVIDE (__init_array_end = .)
                0x0800d1d8                        . = ALIGN (0x4)

.fini_array     0x0800d1d8        0x4
                0x0800d1d8                        . = ALIGN (0x4)
                [!provide]                        PROVIDE (__fini_array_start = .)
 *(SORT_BY_NAME(.fini_array.*))
 *(.fini_array*)
 .fini_array    0x0800d1d8        0x4 C:/ST/STM32CubeIDE_1.14.1/STM32CubeIDE/plugins/com.st.stm32cube.ide.mcu.externaltools.gnu-tools-for-stm32.12.3.rel1.win32_1.0.200.202406191623/tools/bin/../lib/gcc/arm-none-eabi/12.3.1/thumb/v7e-m+fp/hard/crtbegin.o
                [!provide]                        PROVIDE (__fini_array_end = .)
                0x0800d1dc                        . = ALIGN (0x4)
                0x0800d1dc                        _sidata = LOADADDR (.data)

.rel.dyn        0x0800d1dc        0x0
 .rel.iplt      0x0800d1dc        0x0 C:/ST/STM32CubeIDE_1.14.1/STM32CubeIDE/plugins/com.st.stm32cube.ide.mcu.externaltools.gnu-tools-for-stm32.12.3.rel1.win32_1.0.200.202406191623/tools/bin/../lib/gcc/arm-none-eabi/12.3.1/thumb/v7e-m+fp/hard/crtbegin.o

.data           0x20000000      0x188 load address 0x0800d1dc
                0x20000000                        . = ALIGN (0x4)
                0x20000000                        _sdata = .
 *(.data)
 *(.data*)
 .data.okayToRunMotorsYet
                0x20000000        0x1 ./Core/Src/main.o
                0x20000000                okayToRunMotorsYet
 .data.color    0x20000001        0x1 ./Core/Src/main.o
                0x20000001                color
 *fill*         0x20000002        0x2 
 .data.SystemCoreClock
                0x20000004        0x4 ./Core/Src/system_stm32g4xx.o
                0x20000004                SystemCoreClock
 .data.uwTickPrio
                0x20000008        0x4 ./Drivers/STM32G4xx_HAL_Driver/Src/stm32g4xx_hal.o
                0x20000008                uwTickPrio
 .data.uwTickFreq
                0x2000000c        0x4 ./Drivers/STM32G4xx_HAL_Driver/Src/stm32g4xx_hal.o
                0x2000000c                uwTickFreq
 .data.USBD_CDC_DeviceQualifierDesc
                0x20000010        0xa ./Middlewares/ST/STM32_USB_Device_Library/Class/CDC/Src/usbd_cdc.o
 *fill*         0x2000001a        0x2 
 .data.USBD_CDC
                0x2000001c       0x38 ./Middlewares/ST/STM32_USB_Device_Library/Class/CDC/Src/usbd_cdc.o
                0x2000001c                USBD_CDC
 .data.USBD_CDC_CfgHSDesc
                0x20000054       0x43 ./Middlewares/ST/STM32_USB_Device_Library/Class/CDC/Src/usbd_cdc.o
 *fill*         0x20000097        0x1 
 .data.USBD_CDC_CfgFSDesc
                0x20000098       0x43 ./Middlewares/ST/STM32_USB_Device_Library/Class/CDC/Src/usbd_cdc.o
 *fill*         0x200000db        0x1 
 .data.USBD_CDC_OtherSpeedCfgDesc
                0x200000dc       0x43 ./Middlewares/ST/STM32_USB_Device_Library/Class/CDC/Src/usbd_cdc.o
 *fill*         0x2000011f        0x1 
 .data.USBD_Interface_fops_FS
                0x20000120       0x14 ./USB_Device/App/usbd_cdc_if.o
                0x20000120                USBD_Interface_fops_FS
 .data.CDC_Desc
                0x20000134       0x20 ./USB_Device/App/usbd_desc.o
                0x20000134                CDC_Desc
 .data.USBD_CDC_DeviceDesc
                0x20000154       0x12 ./USB_Device/App/usbd_desc.o
                0x20000154                USBD_CDC_DeviceDesc
 *fill*         0x20000166        0x2 
 .data.USBD_LangIDDesc
                0x20000168        0x4 ./USB_Device/App/usbd_desc.o
                0x20000168                USBD_LangIDDesc
 .data.USBD_StringSerial
                0x2000016c       0x1a ./USB_Device/App/usbd_desc.o
                0x2000016c                USBD_StringSerial
 *(.RamFunc)
 *(.RamFunc*)
                0x20000188                        . = ALIGN (0x4)
 *fill*         0x20000186        0x2 
                0x20000188                        _edata = .

.igot.plt       0x20000188        0x0 load address 0x0800d364
 .igot.plt      0x20000188        0x0 C:/ST/STM32CubeIDE_1.14.1/STM32CubeIDE/plugins/com.st.stm32cube.ide.mcu.externaltools.gnu-tools-for-stm32.12.3.rel1.win32_1.0.200.202406191623/tools/bin/../lib/gcc/arm-none-eabi/12.3.1/thumb/v7e-m+fp/hard/crtbegin.o
                0x20000188                        . = ALIGN (0x4)

.bss            0x20000188     0x1ebc load address 0x0800d364
                0x20000188                        _sbss = .
                0x20000188                        __bss_start__ = _sbss
 *(.bss)
 .bss           0x20000188       0x1c C:/ST/STM32CubeIDE_1.14.1/STM32CubeIDE/plugins/com.st.stm32cube.ide.mcu.externaltools.gnu-tools-for-stm32.12.3.rel1.win32_1.0.200.202406191623/tools/bin/../lib/gcc/arm-none-eabi/12.3.1/thumb/v7e-m+fp/hard/crtbegin.o
 *(.bss*)
 .bss.hi2c2     0x200001a4       0x54 ./Core/Src/main.o
                0x200001a4                hi2c2
 .bss.htim1     0x200001f8       0x4c ./Core/Src/main.o
                0x200001f8                htim1
 .bss.htim2     0x20000244       0x4c ./Core/Src/main.o
                0x20000244                htim2
 .bss.htim3     0x20000290       0x4c ./Core/Src/main.o
                0x20000290                htim3
 .bss.htim4     0x200002dc       0x4c ./Core/Src/main.o
                0x200002dc                htim4
 .bss.htim5     0x20000328       0x4c ./Core/Src/main.o
                0x20000328                htim5
 .bss.htim6     0x20000374       0x4c ./Core/Src/main.o
                0x20000374                htim6
 .bss.htim7     0x200003c0       0x4c ./Core/Src/main.o
                0x200003c0                htim7
 .bss.htim8     0x2000040c       0x4c ./Core/Src/main.o
                0x2000040c                htim8
 .bss.htim15    0x20000458       0x4c ./Core/Src/main.o
                0x20000458                htim15
 .bss.htim16    0x200004a4       0x4c ./Core/Src/main.o
                0x200004a4                htim16
 .bss.htim17    0x200004f0       0x4c ./Core/Src/main.o
                0x200004f0                htim17
 .bss.htim20    0x2000053c       0x4c ./Core/Src/main.o
                0x2000053c                htim20
 .bss.huart1    0x20000588       0x94 ./Core/Src/main.o
                0x20000588                huart1
 .bss.usbBuffer
                0x2000061c       0x40 ./Core/Src/main.o
                0x2000061c                usbBuffer
 .bss.tempData  0x2000065c        0x2 ./Core/Src/main.o
                0x2000065c                tempData
 *fill*         0x2000065e        0x2 
 .bss.received_data
                0x20000660        0x2 ./Core/Src/main.o
                0x20000660                received_data
 .bss.intKillState
                0x20000662        0x1 ./Core/Src/main.o
                0x20000662                intKillState
 .bss.extKillState
                0x20000663        0x1 ./Core/Src/main.o
                0x20000663                extKillState
 .bss.prevExtKillState
                0x20000664        0x1 ./Core/Src/main.o
                0x20000664                prevExtKillState
 .bss.prevIntKillState
                0x20000665        0x1 ./Core/Src/main.o
                0x20000665                prevIntKillState
 .bss.lockColor
                0x20000666        0x1 ./Core/Src/main.o
                0x20000666                lockColor
 .bss.buttonPushedAlready
                0x20000667        0x1 ./Core/Src/main.o
                0x20000667                buttonPushedAlready
 .bss.buttonReleased
                0x20000668        0x1 ./Core/Src/main.o
                0x20000668                buttonReleased
 .bss.powerDown
                0x20000669        0x1 ./Core/Src/main.o
                0x20000669                powerDown
 .bss.checkRedMode
                0x2000066a        0x1 ./Core/Src/main.o
                0x2000066a                checkRedMode
 .bss.wentLowTime
                0x2000066b        0x1 ./Core/Src/main.o
                0x2000066b                wentLowTime
 .bss.wentHighTime
                0x2000066c        0x1 ./Core/Src/main.o
                0x2000066c                wentHighTime
 *fill*         0x2000066d        0x3 
 .bss.uwTick    0x20000670        0x4 ./Drivers/STM32G4xx_HAL_Driver/Src/stm32g4xx_hal.o
                0x20000670                uwTick
 .bss.cfgidx.0  0x20000674        0x1 ./Middlewares/ST/STM32_USB_Device_Library/Core/Src/usbd_ctlreq.o
 *fill*         0x20000675        0x3 
 .bss.hUsbDeviceFS
                0x20000678      0x2d0 ./USB_Device/App/usb_device.o
                0x20000678                hUsbDeviceFS
 .bss.UserRxBufferFS
                0x20000948      0x800 ./USB_Device/App/usbd_cdc_if.o
                0x20000948                UserRxBufferFS
 .bss.UserTxBufferFS
                0x20001148      0x800 ./USB_Device/App/usbd_cdc_if.o
                0x20001148                UserTxBufferFS
 .bss.USBD_StrDesc
                0x20001948      0x200 ./USB_Device/App/usbd_desc.o
                0x20001948                USBD_StrDesc
 .bss.hpcd_USB_FS
                0x20001b48      0x2dc ./USB_Device/Target/usbd_conf.o
                0x20001b48                hpcd_USB_FS
 .bss.mem.0     0x20001e24      0x220 ./USB_Device/Target/usbd_conf.o
 *(COMMON)
                0x20002044                        . = ALIGN (0x4)
                0x20002044                        _ebss = .
                0x20002044                        __bss_end__ = _ebss

._user_heap_stack
                0x20002044      0x604 load address 0x0800d364
                0x20002048                        . = ALIGN (0x8)
 *fill*         0x20002044        0x4 
                [!provide]                        PROVIDE (end = .)
                0x20002048                        PROVIDE (_end = .)
                0x20002248                        . = (. + _Min_Heap_Size)
 *fill*         0x20002048      0x200 
                0x20002648                        . = (. + _Min_Stack_Size)
 *fill*         0x20002248      0x400 
                0x20002648                        . = ALIGN (0x8)

/DISCARD/
 libc.a(*)
 libm.a(*)
 libgcc.a(*)

.ARM.attributes
                0x00000000       0x30
 *(.ARM.attributes)
 .ARM.attributes
                0x00000000       0x22 C:/ST/STM32CubeIDE_1.14.1/STM32CubeIDE/plugins/com.st.stm32cube.ide.mcu.externaltools.gnu-tools-for-stm32.12.3.rel1.win32_1.0.200.202406191623/tools/bin/../lib/gcc/arm-none-eabi/12.3.1/thumb/v7e-m+fp/hard/crti.o
 .ARM.attributes
                0x00000022       0x34 C:/ST/STM32CubeIDE_1.14.1/STM32CubeIDE/plugins/com.st.stm32cube.ide.mcu.externaltools.gnu-tools-for-stm32.12.3.rel1.win32_1.0.200.202406191623/tools/bin/../lib/gcc/arm-none-eabi/12.3.1/thumb/v7e-m+fp/hard/crtbegin.o
 .ARM.attributes
                0x00000056       0x34 ./Core/Src/main.o
 .ARM.attributes
                0x0000008a       0x34 ./Core/Src/stm32g4xx_hal_msp.o
 .ARM.attributes
                0x000000be       0x34 ./Core/Src/stm32g4xx_it.o
 .ARM.attributes
                0x000000f2       0x34 ./Core/Src/system_stm32g4xx.o
 .ARM.attributes
                0x00000126       0x21 ./Core/Startup/startup_stm32g474rbtx.o
 .ARM.attributes
                0x00000147       0x34 ./Drivers/STM32G4xx_HAL_Driver/Src/stm32g4xx_hal.o
 .ARM.attributes
                0x0000017b       0x34 ./Drivers/STM32G4xx_HAL_Driver/Src/stm32g4xx_hal_cortex.o
 .ARM.attributes
                0x000001af       0x34 ./Drivers/STM32G4xx_HAL_Driver/Src/stm32g4xx_hal_dma.o
 .ARM.attributes
                0x000001e3       0x34 ./Drivers/STM32G4xx_HAL_Driver/Src/stm32g4xx_hal_gpio.o
 .ARM.attributes
                0x00000217       0x34 ./Drivers/STM32G4xx_HAL_Driver/Src/stm32g4xx_hal_i2c.o
 .ARM.attributes
                0x0000024b       0x34 ./Drivers/STM32G4xx_HAL_Driver/Src/stm32g4xx_hal_i2c_ex.o
 .ARM.attributes
                0x0000027f       0x34 ./Drivers/STM32G4xx_HAL_Driver/Src/stm32g4xx_hal_pcd.o
 .ARM.attributes
                0x000002b3       0x34 ./Drivers/STM32G4xx_HAL_Driver/Src/stm32g4xx_hal_pcd_ex.o
 .ARM.attributes
                0x000002e7       0x34 ./Drivers/STM32G4xx_HAL_Driver/Src/stm32g4xx_hal_pwr_ex.o
 .ARM.attributes
                0x0000031b       0x34 ./Drivers/STM32G4xx_HAL_Driver/Src/stm32g4xx_hal_rcc.o
 .ARM.attributes
                0x0000034f       0x34 ./Drivers/STM32G4xx_HAL_Driver/Src/stm32g4xx_hal_rcc_ex.o
 .ARM.attributes
                0x00000383       0x34 ./Drivers/STM32G4xx_HAL_Driver/Src/stm32g4xx_hal_tim.o
 .ARM.attributes
                0x000003b7       0x34 ./Drivers/STM32G4xx_HAL_Driver/Src/stm32g4xx_hal_tim_ex.o
 .ARM.attributes
                0x000003eb       0x34 ./Drivers/STM32G4xx_HAL_Driver/Src/stm32g4xx_hal_uart.o
 .ARM.attributes
                0x0000041f       0x34 ./Drivers/STM32G4xx_HAL_Driver/Src/stm32g4xx_hal_uart_ex.o
 .ARM.attributes
                0x00000453       0x34 ./Drivers/STM32G4xx_HAL_Driver/Src/stm32g4xx_ll_usb.o
 .ARM.attributes
                0x00000487       0x34 ./Middlewares/ST/STM32_USB_Device_Library/Class/CDC/Src/usbd_cdc.o
 .ARM.attributes
                0x000004bb       0x34 ./Middlewares/ST/STM32_USB_Device_Library/Core/Src/usbd_core.o
 .ARM.attributes
                0x000004ef       0x34 ./Middlewares/ST/STM32_USB_Device_Library/Core/Src/usbd_ctlreq.o
 .ARM.attributes
                0x00000523       0x34 ./Middlewares/ST/STM32_USB_Device_Library/Core/Src/usbd_ioreq.o
 .ARM.attributes
                0x00000557       0x34 ./USB_Device/App/usb_device.o
 .ARM.attributes
                0x0000058b       0x34 ./USB_Device/App/usbd_cdc_if.o
 .ARM.attributes
                0x000005bf       0x34 ./USB_Device/App/usbd_desc.o
 .ARM.attributes
                0x000005f3       0x34 ./USB_Device/Target/usbd_conf.o
 .ARM.attributes
                0x00000627       0x34 C:/ST/STM32CubeIDE_1.14.1/STM32CubeIDE/plugins/com.st.stm32cube.ide.mcu.externaltools.gnu-tools-for-stm32.12.3.rel1.win32_1.0.200.202406191623/tools/bin/../lib/gcc/arm-none-eabi/12.3.1/../../../../arm-none-eabi/lib/thumb/v7e-m+fp/hard\libc_nano.a(libc_a-memset.o)
 .ARM.attributes
                0x0000065b       0x34 C:/ST/STM32CubeIDE_1.14.1/STM32CubeIDE/plugins/com.st.stm32cube.ide.mcu.externaltools.gnu-tools-for-stm32.12.3.rel1.win32_1.0.200.202406191623/tools/bin/../lib/gcc/arm-none-eabi/12.3.1/../../../../arm-none-eabi/lib/thumb/v7e-m+fp/hard\libc_nano.a(libc_a-init.o)
 .ARM.attributes
                0x0000068f       0x34 C:/ST/STM32CubeIDE_1.14.1/STM32CubeIDE/plugins/com.st.stm32cube.ide.mcu.externaltools.gnu-tools-for-stm32.12.3.rel1.win32_1.0.200.202406191623/tools/bin/../lib/gcc/arm-none-eabi/12.3.1/../../../../arm-none-eabi/lib/thumb/v7e-m+fp/hard\libc_nano.a(libc_a-memcpy-stub.o)
 .ARM.attributes
                0x000006c3       0x22 C:/ST/STM32CubeIDE_1.14.1/STM32CubeIDE/plugins/com.st.stm32cube.ide.mcu.externaltools.gnu-tools-for-stm32.12.3.rel1.win32_1.0.200.202406191623/tools/bin/../lib/gcc/arm-none-eabi/12.3.1/thumb/v7e-m+fp/hard\libgcc.a(_aeabi_uldivmod.o)
 .ARM.attributes
                0x000006e5       0x34 C:/ST/STM32CubeIDE_1.14.1/STM32CubeIDE/plugins/com.st.stm32cube.ide.mcu.externaltools.gnu-tools-for-stm32.12.3.rel1.win32_1.0.200.202406191623/tools/bin/../lib/gcc/arm-none-eabi/12.3.1/thumb/v7e-m+fp/hard\libgcc.a(_udivmoddi4.o)
 .ARM.attributes
                0x00000719       0x22 C:/ST/STM32CubeIDE_1.14.1/STM32CubeIDE/plugins/com.st.stm32cube.ide.mcu.externaltools.gnu-tools-for-stm32.12.3.rel1.win32_1.0.200.202406191623/tools/bin/../lib/gcc/arm-none-eabi/12.3.1/thumb/v7e-m+fp/hard\libgcc.a(_dvmd_tls.o)
 .ARM.attributes
                0x0000073b       0x22 C:/ST/STM32CubeIDE_1.14.1/STM32CubeIDE/plugins/com.st.stm32cube.ide.mcu.externaltools.gnu-tools-for-stm32.12.3.rel1.win32_1.0.200.202406191623/tools/bin/../lib/gcc/arm-none-eabi/12.3.1/thumb/v7e-m+fp/hard/crtn.o
OUTPUT(Central MCU Rev - Testing.elf elf32-littlearm)
LOAD linker stubs
LOAD C:/ST/STM32CubeIDE_1.14.1/STM32CubeIDE/plugins/com.st.stm32cube.ide.mcu.externaltools.gnu-tools-for-stm32.12.3.rel1.win32_1.0.200.202406191623/tools/bin/../lib/gcc/arm-none-eabi/12.3.1/../../../../arm-none-eabi/lib/thumb/v7e-m+fp/hard\libc.a
LOAD C:/ST/STM32CubeIDE_1.14.1/STM32CubeIDE/plugins/com.st.stm32cube.ide.mcu.externaltools.gnu-tools-for-stm32.12.3.rel1.win32_1.0.200.202406191623/tools/bin/../lib/gcc/arm-none-eabi/12.3.1/../../../../arm-none-eabi/lib/thumb/v7e-m+fp/hard\libm.a
LOAD C:/ST/STM32CubeIDE_1.14.1/STM32CubeIDE/plugins/com.st.stm32cube.ide.mcu.externaltools.gnu-tools-for-stm32.12.3.rel1.win32_1.0.200.202406191623/tools/bin/../lib/gcc/arm-none-eabi/12.3.1/thumb/v7e-m+fp/hard\libgcc.a

.debug_info     0x00000000    0x201ae
 .debug_info    0x00000000     0x21b7 ./Core/Src/main.o
 .debug_info    0x000021b7     0x1b33 ./Core/Src/stm32g4xx_hal_msp.o
 .debug_info    0x00003cea     0x1153 ./Core/Src/stm32g4xx_it.o
 .debug_info    0x00004e3d      0x58e ./Core/Src/system_stm32g4xx.o
 .debug_info    0x000053cb       0x30 ./Core/Startup/startup_stm32g474rbtx.o
 .debug_info    0x000053fb      0xb95 ./Drivers/STM32G4xx_HAL_Driver/Src/stm32g4xx_hal.o
 .debug_info    0x00005f90      0xdf9 ./Drivers/STM32G4xx_HAL_Driver/Src/stm32g4xx_hal_cortex.o
 .debug_info    0x00006d89      0x85f ./Drivers/STM32G4xx_HAL_Driver/Src/stm32g4xx_hal_dma.o
 .debug_info    0x000075e8      0x763 ./Drivers/STM32G4xx_HAL_Driver/Src/stm32g4xx_hal_gpio.o
 .debug_info    0x00007d4b     0x21ea ./Drivers/STM32G4xx_HAL_Driver/Src/stm32g4xx_hal_i2c.o
 .debug_info    0x00009f35      0xad6 ./Drivers/STM32G4xx_HAL_Driver/Src/stm32g4xx_hal_i2c_ex.o
 .debug_info    0x0000aa0b     0x161b ./Drivers/STM32G4xx_HAL_Driver/Src/stm32g4xx_hal_pcd.o
 .debug_info    0x0000c026      0x80a ./Drivers/STM32G4xx_HAL_Driver/Src/stm32g4xx_hal_pcd_ex.o
 .debug_info    0x0000c830      0x93f ./Drivers/STM32G4xx_HAL_Driver/Src/stm32g4xx_hal_pwr_ex.o
 .debug_info    0x0000d16f      0xbe0 ./Drivers/STM32G4xx_HAL_Driver/Src/stm32g4xx_hal_rcc.o
 .debug_info    0x0000dd4f      0xc45 ./Drivers/STM32G4xx_HAL_Driver/Src/stm32g4xx_hal_rcc_ex.o
 .debug_info    0x0000e994     0x2c52 ./Drivers/STM32G4xx_HAL_Driver/Src/stm32g4xx_hal_tim.o
 .debug_info    0x000115e6     0x1d95 ./Drivers/STM32G4xx_HAL_Driver/Src/stm32g4xx_hal_tim_ex.o
 .debug_info    0x0001337b     0x481e ./Drivers/STM32G4xx_HAL_Driver/Src/stm32g4xx_hal_uart.o
 .debug_info    0x00017b99      0xfdd ./Drivers/STM32G4xx_HAL_Driver/Src/stm32g4xx_hal_uart_ex.o
 .debug_info    0x00018b76     0x166b ./Drivers/STM32G4xx_HAL_Driver/Src/stm32g4xx_ll_usb.o
 .debug_info    0x0001a1e1     0x1124 ./Middlewares/ST/STM32_USB_Device_Library/Class/CDC/Src/usbd_cdc.o
 .debug_info    0x0001b305      0xb1b ./Middlewares/ST/STM32_USB_Device_Library/Core/Src/usbd_core.o
 .debug_info    0x0001be20      0xa57 ./Middlewares/ST/STM32_USB_Device_Library/Core/Src/usbd_ctlreq.o
 .debug_info    0x0001c877      0x720 ./Middlewares/ST/STM32_USB_Device_Library/Core/Src/usbd_ioreq.o
 .debug_info    0x0001cf97      0x6d7 ./USB_Device/App/usb_device.o
 .debug_info    0x0001d66e      0x937 ./USB_Device/App/usbd_cdc_if.o
 .debug_info    0x0001dfa5      0x45f ./USB_Device/App/usbd_desc.o
 .debug_info    0x0001e404     0x1daa ./USB_Device/Target/usbd_conf.o

.debug_abbrev   0x00000000     0x42d7
 .debug_abbrev  0x00000000      0x308 ./Core/Src/main.o
 .debug_abbrev  0x00000308      0x2b3 ./Core/Src/stm32g4xx_hal_msp.o
 .debug_abbrev  0x000005bb      0x1fd ./Core/Src/stm32g4xx_it.o
 .debug_abbrev  0x000007b8      0x11a ./Core/Src/system_stm32g4xx.o
 .debug_abbrev  0x000008d2       0x24 ./Core/Startup/startup_stm32g474rbtx.o
 .debug_abbrev  0x000008f6      0x271 ./Drivers/STM32G4xx_HAL_Driver/Src/stm32g4xx_hal.o
 .debug_abbrev  0x00000b67      0x31c ./Drivers/STM32G4xx_HAL_Driver/Src/stm32g4xx_hal_cortex.o
 .debug_abbrev  0x00000e83      0x1e2 ./Drivers/STM32G4xx_HAL_Driver/Src/stm32g4xx_hal_dma.o
 .debug_abbrev  0x00001065      0x1cb ./Drivers/STM32G4xx_HAL_Driver/Src/stm32g4xx_hal_gpio.o
 .debug_abbrev  0x00001230      0x25e ./Drivers/STM32G4xx_HAL_Driver/Src/stm32g4xx_hal_i2c.o
 .debug_abbrev  0x0000148e      0x1c0 ./Drivers/STM32G4xx_HAL_Driver/Src/stm32g4xx_hal_i2c_ex.o
 .debug_abbrev  0x0000164e      0x2b9 ./Drivers/STM32G4xx_HAL_Driver/Src/stm32g4xx_hal_pcd.o
 .debug_abbrev  0x00001907      0x228 ./Drivers/STM32G4xx_HAL_Driver/Src/stm32g4xx_hal_pcd_ex.o
 .debug_abbrev  0x00001b2f      0x22c ./Drivers/STM32G4xx_HAL_Driver/Src/stm32g4xx_hal_pwr_ex.o
 .debug_abbrev  0x00001d5b      0x2c9 ./Drivers/STM32G4xx_HAL_Driver/Src/stm32g4xx_hal_rcc.o
 .debug_abbrev  0x00002024      0x258 ./Drivers/STM32G4xx_HAL_Driver/Src/stm32g4xx_hal_rcc_ex.o
 .debug_abbrev  0x0000227c      0x2a7 ./Drivers/STM32G4xx_HAL_Driver/Src/stm32g4xx_hal_tim.o
 .debug_abbrev  0x00002523      0x2c5 ./Drivers/STM32G4xx_HAL_Driver/Src/stm32g4xx_hal_tim_ex.o
 .debug_abbrev  0x000027e8      0x304 ./Drivers/STM32G4xx_HAL_Driver/Src/stm32g4xx_hal_uart.o
 .debug_abbrev  0x00002aec      0x2d2 ./Drivers/STM32G4xx_HAL_Driver/Src/stm32g4xx_hal_uart_ex.o
 .debug_abbrev  0x00002dbe      0x247 ./Drivers/STM32G4xx_HAL_Driver/Src/stm32g4xx_ll_usb.o
 .debug_abbrev  0x00003005      0x2bc ./Middlewares/ST/STM32_USB_Device_Library/Class/CDC/Src/usbd_cdc.o
 .debug_abbrev  0x000032c1      0x24f ./Middlewares/ST/STM32_USB_Device_Library/Core/Src/usbd_core.o
 .debug_abbrev  0x00003510      0x27e ./Middlewares/ST/STM32_USB_Device_Library/Core/Src/usbd_ctlreq.o
 .debug_abbrev  0x0000378e      0x1a9 ./Middlewares/ST/STM32_USB_Device_Library/Core/Src/usbd_ioreq.o
 .debug_abbrev  0x00003937      0x1a4 ./USB_Device/App/usb_device.o
 .debug_abbrev  0x00003adb      0x2c2 ./USB_Device/App/usbd_cdc_if.o
 .debug_abbrev  0x00003d9d      0x20e ./USB_Device/App/usbd_desc.o
 .debug_abbrev  0x00003fab      0x32c ./USB_Device/Target/usbd_conf.o

.debug_aranges  0x00000000     0x1a38
 .debug_aranges
                0x00000000       0xc0 ./Core/Src/main.o
 .debug_aranges
                0x000000c0       0x68 ./Core/Src/stm32g4xx_hal_msp.o
 .debug_aranges
                0x00000128       0x80 ./Core/Src/stm32g4xx_it.o
 .debug_aranges
                0x000001a8       0x28 ./Core/Src/system_stm32g4xx.o
 .debug_aranges
                0x000001d0       0x28 ./Core/Startup/startup_stm32g474rbtx.o
 .debug_aranges
                0x000001f8      0x148 ./Drivers/STM32G4xx_HAL_Driver/Src/stm32g4xx_hal.o
 .debug_aranges
                0x00000340      0x128 ./Drivers/STM32G4xx_HAL_Driver/Src/stm32g4xx_hal_cortex.o
 .debug_aranges
                0x00000468       0x90 ./Drivers/STM32G4xx_HAL_Driver/Src/stm32g4xx_hal_dma.o
 .debug_aranges
                0x000004f8       0x58 ./Drivers/STM32G4xx_HAL_Driver/Src/stm32g4xx_hal_gpio.o
 .debug_aranges
                0x00000550      0x2a0 ./Drivers/STM32G4xx_HAL_Driver/Src/stm32g4xx_hal_i2c.o
 .debug_aranges
                0x000007f0       0x48 ./Drivers/STM32G4xx_HAL_Driver/Src/stm32g4xx_hal_i2c_ex.o
 .debug_aranges
                0x00000838      0x138 ./Drivers/STM32G4xx_HAL_Driver/Src/stm32g4xx_hal_pcd.o
 .debug_aranges
                0x00000970       0x58 ./Drivers/STM32G4xx_HAL_Driver/Src/stm32g4xx_hal_pcd_ex.o
 .debug_aranges
                0x000009c8      0x140 ./Drivers/STM32G4xx_HAL_Driver/Src/stm32g4xx_hal_pwr_ex.o
 .debug_aranges
                0x00000b08       0x98 ./Drivers/STM32G4xx_HAL_Driver/Src/stm32g4xx_hal_rcc.o
 .debug_aranges
                0x00000ba0       0xb0 ./Drivers/STM32G4xx_HAL_Driver/Src/stm32g4xx_hal_rcc_ex.o
 .debug_aranges
                0x00000c50      0x3e0 ./Drivers/STM32G4xx_HAL_Driver/Src/stm32g4xx_hal_tim.o
 .debug_aranges
                0x00001030      0x240 ./Drivers/STM32G4xx_HAL_Driver/Src/stm32g4xx_hal_tim_ex.o
 .debug_aranges
                0x00001270      0x248 ./Drivers/STM32G4xx_HAL_Driver/Src/stm32g4xx_hal_uart.o
 .debug_aranges
                0x000014b8       0xa8 ./Drivers/STM32G4xx_HAL_Driver/Src/stm32g4xx_hal_uart_ex.o
 .debug_aranges
                0x00001560       0xc8 ./Drivers/STM32G4xx_HAL_Driver/Src/stm32g4xx_ll_usb.o
 .debug_aranges
                0x00001628       0x90 ./Middlewares/ST/STM32_USB_Device_Library/Class/CDC/Src/usbd_cdc.o
 .debug_aranges
                0x000016b8       0xb8 ./Middlewares/ST/STM32_USB_Device_Library/Core/Src/usbd_core.o
 .debug_aranges
                0x00001770       0x90 ./Middlewares/ST/STM32_USB_Device_Library/Core/Src/usbd_ctlreq.o
 .debug_aranges
                0x00001800       0x50 ./Middlewares/ST/STM32_USB_Device_Library/Core/Src/usbd_ioreq.o
 .debug_aranges
                0x00001850       0x20 ./USB_Device/App/usb_device.o
 .debug_aranges
                0x00001870       0x48 ./USB_Device/App/usbd_cdc_if.o
 .debug_aranges
                0x000018b8       0x60 ./USB_Device/App/usbd_desc.o
 .debug_aranges
                0x00001918      0x120 ./USB_Device/Target/usbd_conf.o

.debug_rnglists
                0x00000000     0x1466
 .debug_rnglists
                0x00000000       0x9d ./Core/Src/main.o
 .debug_rnglists
                0x0000009d       0x50 ./Core/Src/stm32g4xx_hal_msp.o
 .debug_rnglists
                0x000000ed       0x5b ./Core/Src/stm32g4xx_it.o
 .debug_rnglists
                0x00000148       0x1a ./Core/Src/system_stm32g4xx.o
 .debug_rnglists
                0x00000162       0x19 ./Core/Startup/startup_stm32g474rbtx.o
 .debug_rnglists
                0x0000017b       0xf1 ./Drivers/STM32G4xx_HAL_Driver/Src/stm32g4xx_hal.o
 .debug_rnglists
                0x0000026c       0xda ./Drivers/STM32G4xx_HAL_Driver/Src/stm32g4xx_hal_cortex.o
 .debug_rnglists
                0x00000346       0x71 ./Drivers/STM32G4xx_HAL_Driver/Src/stm32g4xx_hal_dma.o
 .debug_rnglists
                0x000003b7       0x3f ./Drivers/STM32G4xx_HAL_Driver/Src/stm32g4xx_hal_gpio.o
 .debug_rnglists
                0x000003f6      0x228 ./Drivers/STM32G4xx_HAL_Driver/Src/stm32g4xx_hal_i2c.o
 .debug_rnglists
                0x0000061e       0x35 ./Drivers/STM32G4xx_HAL_Driver/Src/stm32g4xx_hal_i2c_ex.o
 .debug_rnglists
                0x00000653       0xee ./Drivers/STM32G4xx_HAL_Driver/Src/stm32g4xx_hal_pcd.o
 .debug_rnglists
                0x00000741       0x3f ./Drivers/STM32G4xx_HAL_Driver/Src/stm32g4xx_hal_pcd_ex.o
 .debug_rnglists
                0x00000780       0xf1 ./Drivers/STM32G4xx_HAL_Driver/Src/stm32g4xx_hal_pwr_ex.o
 .debug_rnglists
                0x00000871       0x74 ./Drivers/STM32G4xx_HAL_Driver/Src/stm32g4xx_hal_rcc.o
 .debug_rnglists
                0x000008e5       0x87 ./Drivers/STM32G4xx_HAL_Driver/Src/stm32g4xx_hal_rcc_ex.o
 .debug_rnglists
                0x0000096c      0x328 ./Drivers/STM32G4xx_HAL_Driver/Src/stm32g4xx_hal_tim.o
 .debug_rnglists
                0x00000c94      0x1cc ./Drivers/STM32G4xx_HAL_Driver/Src/stm32g4xx_hal_tim_ex.o
 .debug_rnglists
                0x00000e60      0x1fa ./Drivers/STM32G4xx_HAL_Driver/Src/stm32g4xx_hal_uart.o
 .debug_rnglists
                0x0000105a       0x7f ./Drivers/STM32G4xx_HAL_Driver/Src/stm32g4xx_hal_uart_ex.o
 .debug_rnglists
                0x000010d9       0x99 ./Drivers/STM32G4xx_HAL_Driver/Src/stm32g4xx_ll_usb.o
 .debug_rnglists
                0x00001172       0x6a ./Middlewares/ST/STM32_USB_Device_Library/Class/CDC/Src/usbd_cdc.o
 .debug_rnglists
                0x000011dc       0x89 ./Middlewares/ST/STM32_USB_Device_Library/Core/Src/usbd_core.o
 .debug_rnglists
                0x00001265       0x6e ./Middlewares/ST/STM32_USB_Device_Library/Core/Src/usbd_ctlreq.o
 .debug_rnglists
                0x000012d3       0x37 ./Middlewares/ST/STM32_USB_Device_Library/Core/Src/usbd_ioreq.o
 .debug_rnglists
                0x0000130a       0x13 ./USB_Device/App/usb_device.o
 .debug_rnglists
                0x0000131d       0x32 ./USB_Device/App/usbd_cdc_if.o
 .debug_rnglists
                0x0000134f       0x43 ./USB_Device/App/usbd_desc.o
 .debug_rnglists
                0x00001392       0xd4 ./USB_Device/Target/usbd_conf.o

.debug_macro    0x00000000    0x29cdc
 .debug_macro   0x00000000      0x3d4 ./Core/Src/main.o
 .debug_macro   0x000003d4      0xab4 ./Core/Src/main.o
 .debug_macro   0x00000e88      0x167 ./Core/Src/main.o
 .debug_macro   0x00000fef       0x2e ./Core/Src/main.o
 .debug_macro   0x0000101d       0x28 ./Core/Src/main.o
 .debug_macro   0x00001045       0x22 ./Core/Src/main.o
 .debug_macro   0x00001067       0x8e ./Core/Src/main.o
 .debug_macro   0x000010f5       0x51 ./Core/Src/main.o
 .debug_macro   0x00001146      0x103 ./Core/Src/main.o
 .debug_macro   0x00001249       0x6a ./Core/Src/main.o
 .debug_macro   0x000012b3      0x1df ./Core/Src/main.o
 .debug_macro   0x00001492       0x1c ./Core/Src/main.o
 .debug_macro   0x000014ae       0x22 ./Core/Src/main.o
 .debug_macro   0x000014d0       0xfb ./Core/Src/main.o
 .debug_macro   0x000015cb     0x1011 ./Core/Src/main.o
 .debug_macro   0x000025dc      0x11f ./Core/Src/main.o
 .debug_macro   0x000026fb    0x18b45 ./Core/Src/main.o
 .debug_macro   0x0001b240       0x6d ./Core/Src/main.o
 .debug_macro   0x0001b2ad     0x3551 ./Core/Src/main.o
 .debug_macro   0x0001e7fe      0x189 ./Core/Src/main.o
 .debug_macro   0x0001e987       0x5c ./Core/Src/main.o
 .debug_macro   0x0001e9e3     0x171f ./Core/Src/main.o
 .debug_macro   0x00020102      0x600 ./Core/Src/main.o
 .debug_macro   0x00020702      0x1b6 ./Core/Src/main.o
 .debug_macro   0x000208b8      0x34a ./Core/Src/main.o
 .debug_macro   0x00020c02      0x53c ./Core/Src/main.o
 .debug_macro   0x0002113e      0x18b ./Core/Src/main.o
 .debug_macro   0x000212c9       0x43 ./Core/Src/main.o
 .debug_macro   0x0002130c      0x23d ./Core/Src/main.o
 .debug_macro   0x00021549      0x211 ./Core/Src/main.o
 .debug_macro   0x0002175a      0x45c ./Core/Src/main.o
 .debug_macro   0x00021bb6      0x11c ./Core/Src/main.o
 .debug_macro   0x00021cd2      0x22c ./Core/Src/main.o
 .debug_macro   0x00021efe       0x61 ./Core/Src/main.o
 .debug_macro   0x00021f5f       0xa5 ./Core/Src/main.o
 .debug_macro   0x00022004       0x73 ./Core/Src/main.o
 .debug_macro   0x00022077      0x22d ./Core/Src/main.o
 .debug_macro   0x000222a4      0x122 ./Core/Src/main.o
 .debug_macro   0x000223c6      0x3d1 ./Core/Src/main.o
 .debug_macro   0x00022797      0xc0b ./Core/Src/main.o
 .debug_macro   0x000233a2      0x718 ./Core/Src/main.o
 .debug_macro   0x00023aba      0x693 ./Core/Src/main.o
 .debug_macro   0x0002414d       0xa6 ./Core/Src/main.o
 .debug_macro   0x000241f3      0x358 ./Core/Src/main.o
 .debug_macro   0x0002454b       0x88 ./Core/Src/main.o
 .debug_macro   0x000245d3       0x61 ./Core/Src/main.o
 .debug_macro   0x00024634       0x2a ./Core/Src/main.o
 .debug_macro   0x0002465e       0x43 ./Core/Src/main.o
 .debug_macro   0x000246a1       0x34 ./Core/Src/main.o
 .debug_macro   0x000246d5       0x16 ./Core/Src/main.o
 .debug_macro   0x000246eb       0x35 ./Core/Src/main.o
 .debug_macro   0x00024720      0x369 ./Core/Src/main.o
 .debug_macro   0x00024a89       0x10 ./Core/Src/main.o
 .debug_macro   0x00024a99       0x16 ./Core/Src/main.o
 .debug_macro   0x00024aaf       0x43 ./Core/Src/main.o
 .debug_macro   0x00024af2       0x34 ./Core/Src/main.o
 .debug_macro   0x00024b26       0x10 ./Core/Src/main.o
 .debug_macro   0x00024b36       0x58 ./Core/Src/main.o
 .debug_macro   0x00024b8e       0x8e ./Core/Src/main.o
 .debug_macro   0x00024c1c       0x1c ./Core/Src/main.o
 .debug_macro   0x00024c38      0x177 ./Core/Src/main.o
 .debug_macro   0x00024daf       0x16 ./Core/Src/main.o
 .debug_macro   0x00024dc5       0x16 ./Core/Src/main.o
 .debug_macro   0x00024ddb      0x146 ./Core/Src/main.o
 .debug_macro   0x00024f21       0x16 ./Core/Src/main.o
 .debug_macro   0x00024f37       0x16 ./Core/Src/main.o
 .debug_macro   0x00024f4d       0x29 ./Core/Src/main.o
 .debug_macro   0x00024f76       0x16 ./Core/Src/main.o
 .debug_macro   0x00024f8c       0x20 ./Core/Src/main.o
 .debug_macro   0x00024fac       0x5f ./Core/Src/main.o
 .debug_macro   0x0002500b      0x1ef ./Core/Src/main.o
 .debug_macro   0x000251fa       0x95 ./Core/Src/main.o
 .debug_macro   0x0002528f       0x10 ./Core/Src/main.o
 .debug_macro   0x0002529f      0x21a ./Core/Src/stm32g4xx_hal_msp.o
 .debug_macro   0x000254b9      0x224 ./Core/Src/stm32g4xx_it.o
 .debug_macro   0x000256dd      0x20b ./Core/Src/system_stm32g4xx.o
 .debug_macro   0x000258e8      0x259 ./Drivers/STM32G4xx_HAL_Driver/Src/stm32g4xx_hal.o
 .debug_macro   0x00025b41      0x20b ./Drivers/STM32G4xx_HAL_Driver/Src/stm32g4xx_hal_cortex.o
 .debug_macro   0x00025d4c      0x20b ./Drivers/STM32G4xx_HAL_Driver/Src/stm32g4xx_hal_dma.o
 .debug_macro   0x00025f57      0x212 ./Drivers/STM32G4xx_HAL_Driver/Src/stm32g4xx_hal_gpio.o
 .debug_macro   0x00026169      0x2d7 ./Drivers/STM32G4xx_HAL_Driver/Src/stm32g4xx_hal_i2c.o
 .debug_macro   0x00026440      0x20b ./Drivers/STM32G4xx_HAL_Driver/Src/stm32g4xx_hal_i2c_ex.o
 .debug_macro   0x0002664b      0x217 ./Drivers/STM32G4xx_HAL_Driver/Src/stm32g4xx_hal_pcd.o
 .debug_macro   0x00026862      0x20b ./Drivers/STM32G4xx_HAL_Driver/Src/stm32g4xx_hal_pcd_ex.o
 .debug_macro   0x00026a6d      0x235 ./Drivers/STM32G4xx_HAL_Driver/Src/stm32g4xx_hal_pwr_ex.o
 .debug_macro   0x00026ca2      0x24d ./Drivers/STM32G4xx_HAL_Driver/Src/stm32g4xx_hal_rcc.o
 .debug_macro   0x00026eef      0x235 ./Drivers/STM32G4xx_HAL_Driver/Src/stm32g4xx_hal_rcc_ex.o
 .debug_macro   0x00027124      0x213 ./Drivers/STM32G4xx_HAL_Driver/Src/stm32g4xx_hal_tim.o
 .debug_macro   0x00027337      0x211 ./Drivers/STM32G4xx_HAL_Driver/Src/stm32g4xx_hal_tim_ex.o
 .debug_macro   0x00027548      0x236 ./Drivers/STM32G4xx_HAL_Driver/Src/stm32g4xx_hal_uart.o
 .debug_macro   0x0002777e      0x217 ./Drivers/STM32G4xx_HAL_Driver/Src/stm32g4xx_hal_uart_ex.o
 .debug_macro   0x00027995      0x20b ./Drivers/STM32G4xx_HAL_Driver/Src/stm32g4xx_ll_usb.o
 .debug_macro   0x00027ba0      0x39a ./Middlewares/ST/STM32_USB_Device_Library/Class/CDC/Src/usbd_cdc.o
 .debug_macro   0x00027f3a       0x9e ./Middlewares/ST/STM32_USB_Device_Library/Class/CDC/Src/usbd_cdc.o
 .debug_macro   0x00027fd8      0x10b ./Middlewares/ST/STM32_USB_Device_Library/Class/CDC/Src/usbd_cdc.o
 .debug_macro   0x000280e3       0x56 ./Middlewares/ST/STM32_USB_Device_Library/Class/CDC/Src/usbd_cdc.o
 .debug_macro   0x00028139      0x381 ./Middlewares/ST/STM32_USB_Device_Library/Core/Src/usbd_core.o
 .debug_macro   0x000284ba      0x1f5 ./Middlewares/ST/STM32_USB_Device_Library/Core/Src/usbd_core.o
 .debug_macro   0x000286af      0x38b ./Middlewares/ST/STM32_USB_Device_Library/Core/Src/usbd_ctlreq.o
 .debug_macro   0x00028a3a      0x387 ./Middlewares/ST/STM32_USB_Device_Library/Core/Src/usbd_ioreq.o
 .debug_macro   0x00028dc1      0x3c0 ./USB_Device/App/usb_device.o
 .debug_macro   0x00029181       0x22 ./USB_Device/App/usb_device.o
 .debug_macro   0x000291a3       0x16 ./USB_Device/App/usb_device.o
 .debug_macro   0x000291b9      0x3a5 ./USB_Device/App/usbd_cdc_if.o
 .debug_macro   0x0002955e      0x3be ./USB_Device/App/usbd_desc.o
 .debug_macro   0x0002991c       0x1c ./USB_Device/App/usbd_desc.o