Archive member included to satisfy reference by file (symbol)

C:/ST/STM32CubeIDE_1.14.1/STM32CubeIDE/plugins/com.st.stm32cube.ide.mcu.externaltools.gnu-tools-for-stm32.12.3.rel1.win32_1.1.0.202410251130/tools/bin/../lib/gcc/arm-none-eabi/12.3.1/../../../../arm-none-eabi/lib/thumb/v7e-m+fp/hard\libc_nano.a(libc_a-exit.o)
                              C:/ST/STM32CubeIDE_1.14.1/STM32CubeIDE/plugins/com.st.stm32cube.ide.mcu.externaltools.gnu-tools-for-stm32.12.3.rel1.win32_1.1.0.202410251130/tools/bin/../lib/gcc/arm-none-eabi/12.3.1/../../../../arm-none-eabi/lib/thumb/v7e-m+fp/hard/crt0.o (exit)
C:/ST/STM32CubeIDE_1.14.1/STM32CubeIDE/plugins/com.st.stm32cube.ide.mcu.externaltools.gnu-tools-for-stm32.12.3.rel1.win32_1.1.0.202410251130/tools/bin/../lib/gcc/arm-none-eabi/12.3.1/../../../../arm-none-eabi/lib/thumb/v7e-m+fp/hard\libc_nano.a(libc_a-findfp.o)
                              C:/ST/STM32CubeIDE_1.14.1/STM32CubeIDE/plugins/com.st.stm32cube.ide.mcu.externaltools.gnu-tools-for-stm32.12.3.rel1.win32_1.1.0.202410251130/tools/bin/../lib/gcc/arm-none-eabi/12.3.1/../../../../arm-none-eabi/lib/thumb/v7e-m+fp/hard\libc_nano.a(libc_a-exit.o) (__stdio_exit_handler)
C:/ST/STM32CubeIDE_1.14.1/STM32CubeIDE/plugins/com.st.stm32cube.ide.mcu.externaltools.gnu-tools-for-stm32.12.3.rel1.win32_1.1.0.202410251130/tools/bin/../lib/gcc/arm-none-eabi/12.3.1/../../../../arm-none-eabi/lib/thumb/v7e-m+fp/hard\libc_nano.a(libc_a-fwalk.o)
                              C:/ST/STM32CubeIDE_1.14.1/STM32CubeIDE/plugins/com.st.stm32cube.ide.mcu.externaltools.gnu-tools-for-stm32.12.3.rel1.win32_1.1.0.202410251130/tools/bin/../lib/gcc/arm-none-eabi/12.3.1/../../../../arm-none-eabi/lib/thumb/v7e-m+fp/hard\libc_nano.a(libc_a-findfp.o) (_fwalk_sglue)
C:/ST/STM32CubeIDE_1.14.1/STM32CubeIDE/plugins/com.st.stm32cube.ide.mcu.externaltools.gnu-tools-for-stm32.12.3.rel1.win32_1.1.0.202410251130/tools/bin/../lib/gcc/arm-none-eabi/12.3.1/../../../../arm-none-eabi/lib/thumb/v7e-m+fp/hard\libc_nano.a(libc_a-stdio.o)
                              C:/ST/STM32CubeIDE_1.14.1/STM32CubeIDE/plugins/com.st.stm32cube.ide.mcu.externaltools.gnu-tools-for-stm32.12.3.rel1.win32_1.1.0.202410251130/tools/bin/../lib/gcc/arm-none-eabi/12.3.1/../../../../arm-none-eabi/lib/thumb/v7e-m+fp/hard\libc_nano.a(libc_a-findfp.o) (__sread)
C:/ST/STM32CubeIDE_1.14.1/STM32CubeIDE/plugins/com.st.stm32cube.ide.mcu.externaltools.gnu-tools-for-stm32.12.3.rel1.win32_1.1.0.202410251130/tools/bin/../lib/gcc/arm-none-eabi/12.3.1/../../../../arm-none-eabi/lib/thumb/v7e-m+fp/hard\libc_nano.a(libc_a-memset.o)
                              C:/ST/STM32CubeIDE_1.14.1/STM32CubeIDE/plugins/com.st.stm32cube.ide.mcu.externaltools.gnu-tools-for-stm32.12.3.rel1.win32_1.1.0.202410251130/tools/bin/../lib/gcc/arm-none-eabi/12.3.1/../../../../arm-none-eabi/lib/thumb/v7e-m+fp/hard/crt0.o (memset)
C:/ST/STM32CubeIDE_1.14.1/STM32CubeIDE/plugins/com.st.stm32cube.ide.mcu.externaltools.gnu-tools-for-stm32.12.3.rel1.win32_1.1.0.202410251130/tools/bin/../lib/gcc/arm-none-eabi/12.3.1/../../../../arm-none-eabi/lib/thumb/v7e-m+fp/hard\libc_nano.a(libc_a-closer.o)
                              C:/ST/STM32CubeIDE_1.14.1/STM32CubeIDE/plugins/com.st.stm32cube.ide.mcu.externaltools.gnu-tools-for-stm32.12.3.rel1.win32_1.1.0.202410251130/tools/bin/../lib/gcc/arm-none-eabi/12.3.1/../../../../arm-none-eabi/lib/thumb/v7e-m+fp/hard\libc_nano.a(libc_a-stdio.o) (_close_r)
C:/ST/STM32CubeIDE_1.14.1/STM32CubeIDE/plugins/com.st.stm32cube.ide.mcu.externaltools.gnu-tools-for-stm32.12.3.rel1.win32_1.1.0.202410251130/tools/bin/../lib/gcc/arm-none-eabi/12.3.1/../../../../arm-none-eabi/lib/thumb/v7e-m+fp/hard\libc_nano.a(libc_a-reent.o)
                              C:/ST/STM32CubeIDE_1.14.1/STM32CubeIDE/plugins/com.st.stm32cube.ide.mcu.externaltools.gnu-tools-for-stm32.12.3.rel1.win32_1.1.0.202410251130/tools/bin/../lib/gcc/arm-none-eabi/12.3.1/../../../../arm-none-eabi/lib/thumb/v7e-m+fp/hard\libc_nano.a(libc_a-closer.o) (errno)
C:/ST/STM32CubeIDE_1.14.1/STM32CubeIDE/plugins/com.st.stm32cube.ide.mcu.externaltools.gnu-tools-for-stm32.12.3.rel1.win32_1.1.0.202410251130/tools/bin/../lib/gcc/arm-none-eabi/12.3.1/../../../../arm-none-eabi/lib/thumb/v7e-m+fp/hard\libc_nano.a(libc_a-impure.o)
                              C:/ST/STM32CubeIDE_1.14.1/STM32CubeIDE/plugins/com.st.stm32cube.ide.mcu.externaltools.gnu-tools-for-stm32.12.3.rel1.win32_1.1.0.202410251130/tools/bin/../lib/gcc/arm-none-eabi/12.3.1/../../../../arm-none-eabi/lib/thumb/v7e-m+fp/hard\libc_nano.a(libc_a-reent.o) (_impure_ptr)
C:/ST/STM32CubeIDE_1.14.1/STM32CubeIDE/plugins/com.st.stm32cube.ide.mcu.externaltools.gnu-tools-for-stm32.12.3.rel1.win32_1.1.0.202410251130/tools/bin/../lib/gcc/arm-none-eabi/12.3.1/../../../../arm-none-eabi/lib/thumb/v7e-m+fp/hard\libc_nano.a(libc_a-lseekr.o)
[...]
Memory Configuration

Name             Origin             Length             Attributes
RAM              0x20000000         0x00020000         xrw
FLASH            0x08000000         0x00020000         xr
*default*        0x00000000         0xffffffff

Linker script and memory map

LOAD C:/ST/STM32CubeIDE_1.14.1/STM32CubeIDE/plugins/com.st.stm32cube.ide.mcu.externaltools.gnu-tools-for-stm32.12.3.rel1.win32_1.1.0.202410251130/tools/bin/../lib/gcc/arm-none-eabi/12.3.1/thumb/v7e-m+fp/hard/crti.o
LOAD C:/ST/STM32CubeIDE_1.14.1/STM32CubeIDE/plugins/com.st.stm32cube.ide.mcu.externaltools.gnu-tools-for-stm32.12.3.rel1.win32_1.1.0.202410251130/tools/bin/../lib/gcc/arm-none-eabi/12.3.1/thumb/v7e-m+fp/hard/crtbegin.o
LOAD C:/ST/STM32CubeIDE_1.14.1/STM32CubeIDE/plugins/com.st.stm32cube.ide.mcu.externaltools.gnu-tools-for-stm32.12.3.rel1.win32_1.1.0.202410251130/tools/bin/../lib/gcc/arm-none-eabi/12.3.1/../../../../arm-none-eabi/lib/thumb/v7e-m+fp/hard/crt0.o
LOAD ./Core/Src/main.o
LOAD ./Core/Src/stm32g4xx_hal_msp.o
LOAD ./Core/Src/stm32g4xx_it.o
LOAD ./Core/Src/syscalls.o
LOAD ./Core/Src/sysmem.o
LOAD ./Core/Src/system_stm32g4xx.o
LOAD ./Core/Startup/startup_stm32g474rbtx.o
LOAD ./Drivers/STM32G4xx_HAL_Driver/Src/stm32g4xx_hal.o
LOAD ./Drivers/STM32G4xx_HAL_Driver/Src/stm32g4xx_hal_cortex.o
LOAD ./Drivers/STM32G4xx_HAL_Driver/Src/stm32g4xx_hal_dma.o
LOAD ./Drivers/STM32G4xx_HAL_Driver/Src/stm32g4xx_hal_dma_ex.o
LOAD ./Drivers/STM32G4xx_HAL_Driver/Src/stm32g4xx_hal_exti.o
LOAD ./Drivers/STM32G4xx_HAL_Driver/Src/stm32g4xx_hal_flash.o
LOAD ./Drivers/STM32G4xx_HAL_Driver/Src/stm32g4xx_hal_flash_ex.o
LOAD ./Drivers/STM32G4xx_HAL_Driver/Src/stm32g4xx_hal_flash_ramfunc.o
LOAD ./Drivers/STM32G4xx_HAL_Driver/Src/stm32g4xx_hal_gpio.o
LOAD ./Drivers/STM32G4xx_HAL_Driver/Src/stm32g4xx_hal_pcd.o
LOAD ./Drivers/STM32G4xx_HAL_Driver/Src/stm32g4xx_hal_pcd_ex.o
LOAD ./Drivers/STM32G4xx_HAL_Driver/Src/stm32g4xx_hal_pwr.o
LOAD ./Drivers/STM32G4xx_HAL_Driver/Src/stm32g4xx_hal_pwr_ex.o
LOAD ./Drivers/STM32G4xx_HAL_Driver/Src/stm32g4xx_hal_rcc.o
LOAD ./Drivers/STM32G4xx_HAL_Driver/Src/stm32g4xx_hal_rcc_ex.o
LOAD ./Drivers/STM32G4xx_HAL_Driver/Src/stm32g4xx_hal_tim.o
LOAD ./Drivers/STM32G4xx_HAL_Driver/Src/stm32g4xx_hal_tim_ex.o
LOAD ./Drivers/STM32G4xx_HAL_Driver/Src/stm32g4xx_hal_uart.o
LOAD ./Drivers/STM32G4xx_HAL_Driver/Src/stm32g4xx_hal_uart_ex.o
LOAD ./Drivers/STM32G4xx_HAL_Driver/Src/stm32g4xx_ll_usb.o
LOAD ./Middlewares/ST/STM32_USB_Device_Library/Class/CDC/Src/usbd_cdc.o
LOAD ./Middlewares/ST/STM32_USB_Device_Library/Core/Src/usbd_core.o
LOAD ./Middlewares/ST/STM32_USB_Device_Library/Core/Src/usbd_ctlreq.o
LOAD ./Middlewares/ST/STM32_USB_Device_Library/Core/Src/usbd_ioreq.o
LOAD ./USB_Device/App/usb_device.o
LOAD ./USB_Device/App/usbd_cdc_if.o
LOAD ./USB_Device/App/usbd_desc.o
LOAD ./USB_Device/Target/usbd_conf.o
START GROUP
LOAD C:/ST/STM32CubeIDE_1.14.1/STM32CubeIDE/plugins/com.st.stm32cube.ide.mcu.externaltools.gnu-tools-for-stm32.12.3.rel1.win32_1.1.0.202410251130/tools/bin/../lib/gcc/arm-none-eabi/12.3.1/../../../../arm-none-eabi/lib/thumb/v7e-m+fp/hard\libc_nano.a
LOAD C:/ST/STM32CubeIDE_1.14.1/STM32CubeIDE/plugins/com.st.stm32cube.ide.mcu.externaltools.gnu-tools-for-stm32.12.3.rel1.win32_1.1.0.202410251130/tools/bin/../lib/gcc/arm-none-eabi/12.3.1/../../../../arm-none-eabi/lib/thumb/v7e-m+fp/hard\libm.a
END GROUP
START GROUP
LOAD C:/ST/STM32CubeIDE_1.14.1/STM32CubeIDE/plugins/com.st.stm32cube.ide.mcu.externaltools.gnu-tools-for-stm32.12.3.rel1.win32_1.1.0.202410251130/tools/bin/../lib/gcc/arm-none-eabi/12.3.1/thumb/v7e-m+fp/hard\libgcc.a
LOAD C:/ST/STM32CubeIDE_1.14.1/STM32CubeIDE/plugins/com.st.stm32cube.ide.mcu.externaltools.gnu-tools-for-stm32.12.3.rel1.win32_1.1.0.202410251130/tools/bin/../lib/gcc/arm-none-eabi/12.3.1/../../../../arm-none-eabi/lib/thumb/v7e-m+fp/hard\libc_nano.a
END GROUP
START GROUP
LOAD C:/ST/STM32CubeIDE_1.14.1/STM32CubeIDE/plugins/com.st.stm32cube.ide.mcu.externaltools.gnu-tools-for-stm32.12.3.rel1.win32_1.1.0.202410251130/tools/bin/../lib/gcc/arm-none-eabi/12.3.1/thumb/v7e-m+fp/hard\libgcc.a
LOAD C:/ST/STM32CubeIDE_1.14.1/STM32CubeIDE/plugins/com.st.stm32cube.ide.mcu.externaltools.gnu-tools-for-stm32.12.3.rel1.win32_1.1.0.202410251130/tools/bin/../lib/gcc/arm-none-eabi/12.3.1/../../../../arm-none-eabi/lib/thumb/v7e-m+fp/hard\libc_nano.a
LOAD C:/ST/STM32CubeIDE_1.14.1/STM32CubeIDE/plugins/com.st.stm32cube.ide.mcu.externaltools.gnu-tools-for-stm32.12.3.rel1.win32_1.1.0.202410251130/tools/bin/../lib/gcc/arm-none-eabi/12.3.1/../../../../arm-none-eabi/lib/thumb/v7e-m+fp/hard\libnosys.a
END GROUP
START GROUP
LOAD C:/ST/STM32CubeIDE_1.14.1/STM32CubeIDE/plugins/com.st.stm32cube.ide.mcu.externaltools.gnu-tools-for-stm32.12.3.rel1.win32_1.1.0.202410251130/tools/bin/../lib/gcc/arm-none-eabi/12.3.1/thumb/v7e-m+fp/hard\libgcc.a
LOAD C:/ST/STM32CubeIDE_1.14.1/STM32CubeIDE/plugins/com.st.stm32cube.ide.mcu.externaltools.gnu-tools-for-stm32.12.3.rel1.win32_1.1.0.202410251130/tools/bin/../lib/gcc/arm-none-eabi/12.3.1/../../../../arm-none-eabi/lib/thumb/v7e-m+fp/hard\libc_nano.a
LOAD C:/ST/STM32CubeIDE_1.14.1/STM32CubeIDE/plugins/com.st.stm32cube.ide.mcu.externaltools.gnu-tools-for-stm32.12.3.rel1.win32_1.1.0.202410251130/tools/bin/../lib/gcc/arm-none-eabi/12.3.1/../../../../arm-none-eabi/lib/thumb/v7e-m+fp/hard\libnosys.a
END GROUP
LOAD C:/ST/STM32CubeIDE_1.14.1/STM32CubeIDE/plugins/com.st.stm32cube.ide.mcu.externaltools.gnu-tools-for-stm32.12.3.rel1.win32_1.1.0.202410251130/tools/bin/../lib/gcc/arm-none-eabi/12.3.1/thumb/v7e-m+fp/hard/crtend.o
LOAD C:/ST/STM32CubeIDE_1.14.1/STM32CubeIDE/plugins/com.st.stm32cube.ide.mcu.externaltools.gnu-tools-for-stm32.12.3.rel1.win32_1.1.0.202410251130/tools/bin/../lib/gcc/arm-none-eabi/12.3.1/thumb/v7e-m+fp/hard/crtn.o
                0x20020000                        _estack = (ORIGIN (RAM) + LENGTH (RAM))
                0x00000200                        _Min_Heap_Size = 0x200
                0x00000400                        _Min_Stack_Size = 0x400

.isr_vector     0x08000000      0x1d8
                0x08000000                        . = ALIGN (0x4)
 *(.isr_vector)
 .isr_vector    0x08000000      0x1d8 ./Core/Startup/startup_stm32g474rbtx.o
                0x08000000                g_pfnVectors
                0x080001d8                        . = ALIGN (0x4)

.text           0x080001d8     0xba70
                0x080001d8                        . = ALIGN (0x4)
 *(.text)
 .text          0x080001d8       0x40 C:/ST/STM32CubeIDE_1.14.1/STM32CubeIDE/plugins/com.st.stm32cube.ide.mcu.externaltools.gnu-tools-for-stm32.12.3.rel1.win32_1.1.0.202410251130/tools/bin/../lib/gcc/arm-none-eabi/12.3.1/thumb/v7e-m+fp/hard/crtbegin.o
 .text          0x08000218       0x30 C:/ST/STM32CubeIDE_1.14.1/STM32CubeIDE/plugins/com.st.stm32cube.ide.mcu.externaltools.gnu-tools-for-stm32.12.3.rel1.win32_1.1.0.202410251130/tools/bin/../lib/gcc/arm-none-eabi/12.3.1/thumb/v7e-m+fp/hard\libgcc.a(_aeabi_uldivmod.o)
                0x08000218                __aeabi_uldivmod
 .text          0x08000248      0x2bc C:/ST/STM32CubeIDE_1.14.1/STM32CubeIDE/plugins/com.st.stm32cube.ide.mcu.externaltools.gnu-tools-for-stm32.12.3.rel1.win32_1.1.0.202410251130/tools/bin/../lib/gcc/arm-none-eabi/12.3.1/thumb/v7e-m+fp/hard\libgcc.a(_udivmoddi4.o)
                0x08000248                __udivmoddi4
 .text          0x08000504        0x4 C:/ST/STM32CubeIDE_1.14.1/STM32CubeIDE/plugins/com.st.stm32cube.ide.mcu.externaltools.gnu-tools-for-stm32.12.3.rel1.win32_1.1.0.202410251130/tools/bin/../lib/gcc/arm-none-eabi/12.3.1/thumb/v7e-m+fp/hard\libgcc.a(_dvmd_tls.o)
                0x08000504                __aeabi_idiv0
                0x08000504                __aeabi_ldiv0
 *(.text*)
 .text.main     0x08000508      0x4d0 ./Core/Src/main.o
                0x08000508                main
 .text.SystemClock_Config
                0x080009d8       0x94 ./Core/Src/main.o
                0x080009d8                SystemClock_Config
 .text.MX_TIM1_Init
                0x08000a6c      0x128 ./Core/Src/main.o
 .text.MX_TIM2_Init
                0x08000b94       0xb4 ./Core/Src/main.o
 .text.MX_TIM3_Init
                0x08000c48       0xb4 ./Core/Src/main.o
 .text.MX_TIM4_Init
                0x08000cfc       0xb4 ./Core/Src/main.o
 .text.MX_TIM5_Init
                0x08000db0       0xb4 ./Core/Src/main.o
 .text.MX_TIM6_Init
                0x08000e64       0x80 ./Core/Src/main.o
 .text.MX_TIM7_Init
                0x08000ee4       0x70 ./Core/Src/main.o
 .text.MX_TIM8_Init
                0x08000f54      0x128 ./Core/Src/main.o
 .text.MX_TIM15_Init
                0x0800107c      0x10c ./Core/Src/main.o
 .text.MX_TIM16_Init
                0x08001188       0xf4 ./Core/Src/main.o
 .text.MX_TIM17_Init
                0x0800127c       0xf4 ./Core/Src/main.o
 .text.MX_TIM20_Init
                0x08001370      0x128 ./Core/Src/main.o
 .text.MX_USART1_UART_Init
                0x08001498       0x98 ./Core/Src/main.o
 .text.MX_GPIO_Init
                0x08001530      0x158 ./Core/Src/main.o
 .text.HAL_TIM_PeriodElapsedCallback
                0x08001688      0x14c ./Core/Src/main.o
                0x08001688                HAL_TIM_PeriodElapsedCallback
 .text.Set_TIM_Compare
                0x080017d4       0x80 ./Core/Src/main.o
                0x080017d4                Set_TIM_Compare
 .text.Error_Handler
                0x08001854        0xc ./Core/Src/main.o
                0x08001854                Error_Handler
 .text.HAL_MspInit
                0x08001860       0x48 ./Core/Src/stm32g4xx_hal_msp.o
                0x08001860                HAL_MspInit
 .text.HAL_TIM_PWM_MspInit
                0x080018a8      0x154 ./Core/Src/stm32g4xx_hal_msp.o
                0x080018a8                HAL_TIM_PWM_MspInit
 .text.HAL_TIM_Base_MspInit
                0x080019fc       0xd4 ./Core/Src/stm32g4xx_hal_msp.o
                0x080019fc                HAL_TIM_Base_MspInit
 .text.HAL_TIM_MspPostInit
                0x08001ad0      0x30c ./Core/Src/stm32g4xx_hal_msp.o
                0x08001ad0                HAL_TIM_MspPostInit
 .text.HAL_UART_MspInit
                0x08001ddc       0xfc ./Core/Src/stm32g4xx_hal_msp.o
                0x08001ddc                HAL_UART_MspInit
 .text.NMI_Handler
                0x08001ed8        0x8 ./Core/Src/stm32g4xx_it.o
                0x08001ed8                NMI_Handler
 .text.HardFault_Handler
                0x08001ee0        0x8 ./Core/Src/stm32g4xx_it.o
                0x08001ee0                HardFault_Handler
 .text.MemManage_Handler
                0x08001ee8        0x8 ./Core/Src/stm32g4xx_it.o
                0x08001ee8                MemManage_Handler
 .text.BusFault_Handler
                0x08001ef0        0x8 ./Core/Src/stm32g4xx_it.o
                0x08001ef0                BusFault_Handler
 .text.UsageFault_Handler
                0x08001ef8        0x8 ./Core/Src/stm32g4xx_it.o
                0x08001ef8                UsageFault_Handler
 .text.SVC_Handler
                0x08001f00        0xe ./Core/Src/stm32g4xx_it.o
                0x08001f00                SVC_Handler
 .text.DebugMon_Handler
                0x08001f0e        0xe ./Core/Src/stm32g4xx_it.o
                0x08001f0e                DebugMon_Handler
 .text.PendSV_Handler
                0x08001f1c        0xe ./Core/Src/stm32g4xx_it.o
                0x08001f1c                PendSV_Handler
 .text.SysTick_Handler
                0x08001f2a        0xc ./Core/Src/stm32g4xx_it.o
                0x08001f2a                SysTick_Handler
 *fill*         0x08001f36        0x2 
 .text.USB_LP_IRQHandler
                0x08001f38       0x14 ./Core/Src/stm32g4xx_it.o
                0x08001f38                USB_LP_IRQHandler
 .text.USART1_IRQHandler
                0x08001f4c       0x14 ./Core/Src/stm32g4xx_it.o
                0x08001f4c                USART1_IRQHandler
 .text.TIM6_DAC_IRQHandler
                0x08001f60       0x14 ./Core/Src/stm32g4xx_it.o
                0x08001f60                TIM6_DAC_IRQHandler
 .text.TIM7_DAC_IRQHandler
                0x08001f74       0x14 ./Core/Src/stm32g4xx_it.o
                0x08001f74                TIM7_DAC_IRQHandler
 .text.SystemInit
                0x08001f88       0x24 ./Core/Src/system_stm32g4xx.o
                0x08001f88                SystemInit
 .text.Reset_Handler
                0x08001fac       0x50 ./Core/Startup/startup_stm32g474rbtx.o
                0x08001fac                Reset_Handler
 .text.Default_Handler
                0x08001ffc        0x2 ./Core/Startup/startup_stm32g474rbtx.o
                0x08001ffc                RTC_Alarm_IRQHandler
                0x08001ffc                EXTI2_IRQHandler
                0x08001ffc                TIM8_TRG_COM_IRQHandler
                0x08001ffc                TIM8_CC_IRQHandler
                0x08001ffc                HRTIM1_Master_IRQHandler
                0x08001ffc                SPI4_IRQHandler
                0x08001ffc                FDCAN3_IT0_IRQHandler
                0x08001ffc                TIM1_CC_IRQHandler
                0x08001ffc                HRTIM1_FLT_IRQHandler
                0x08001ffc                HRTIM1_TIMF_IRQHandler
                0x08001ffc                USB_HP_IRQHandler
                0x08001ffc                CORDIC_IRQHandler
                0x08001ffc                HRTIM1_TIMD_IRQHandler
                0x08001ffc                DMA2_Channel8_IRQHandler
                0x08001ffc                EXTI3_IRQHandler
                0x08001ffc                I2C3_ER_IRQHandler
                0x08001ffc                EXTI0_IRQHandler
                0x08001ffc                I2C2_EV_IRQHandler
                0x08001ffc                FPU_IRQHandler
                0x08001ffc                FDCAN1_IT1_IRQHandler
                0x08001ffc                TIM1_UP_TIM16_IRQHandler
                0x08001ffc                ADC1_2_IRQHandler
                0x08001ffc                HRTIM1_TIME_IRQHandler
                0x08001ffc                SPI1_IRQHandler
                0x08001ffc                HRTIM1_TIMC_IRQHandler
                0x08001ffc                TIM8_UP_IRQHandler
                0x08001ffc                DMA2_Channel2_IRQHandler
                0x08001ffc                DMA1_Channel4_IRQHandler
                0x08001ffc                TIM20_TRG_COM_IRQHandler
                0x08001ffc                USART3_IRQHandler
                0x08001ffc                DMA1_Channel7_IRQHandler
                0x08001ffc                UART5_IRQHandler
                0x08001ffc                ADC3_IRQHandler
                0x08001ffc                TIM4_IRQHandler
                0x08001ffc                DMA2_Channel1_IRQHandler
                0x08001ffc                QUADSPI_IRQHandler
                0x08001ffc                I2C1_EV_IRQHandler
                0x08001ffc                DMA1_Channel6_IRQHandler
                0x08001ffc                UART4_IRQHandler
                0x08001ffc                DMA2_Channel4_IRQHandler
                0x08001ffc                TIM3_IRQHandler
                0x08001ffc                RCC_IRQHandler
                0x08001ffc                TIM20_UP_IRQHandler
                0x08001ffc                DMA1_Channel1_IRQHandler
                0x08001ffc                Default_Handler
                0x08001ffc                DMA2_Channel7_IRQHandler
                0x08001ffc                RTC_TAMP_LSECSS_IRQHandler
                0x08001ffc                FMAC_IRQHandler
                0x08001ffc                EXTI15_10_IRQHandler
                0x08001ffc                DMA1_Channel8_IRQHandler
                0x08001ffc                HRTIM1_TIMA_IRQHandler
                0x08001ffc                FDCAN3_IT1_IRQHandler
                0x08001ffc                TIM5_IRQHandler
                0x08001ffc                UCPD1_IRQHandler
                0x08001ffc                I2C3_EV_IRQHandler
                0x08001ffc                EXTI9_5_IRQHandler
                0x08001ffc                RTC_WKUP_IRQHandler
                0x08001ffc                PVD_PVM_IRQHandler
                0x08001ffc                SPI2_IRQHandler
                0x08001ffc                ADC5_IRQHandler
                0x08001ffc                DMA2_Channel5_IRQHandler
                0x08001ffc                CRS_IRQHandler
                0x08001ffc                DMA1_Channel5_IRQHandler
                0x08001ffc                EXTI4_IRQHandler
                0x08001ffc                RNG_IRQHandler
                0x08001ffc                HRTIM1_TIMB_IRQHandler
                0x08001ffc                TIM1_TRG_COM_TIM17_IRQHandler
                0x08001ffc                FDCAN2_IT1_IRQHandler
                0x08001ffc                DMA1_Channel3_IRQHandler
                0x08001ffc                ADC4_IRQHandler
                0x08001ffc                WWDG_IRQHandler
                0x08001ffc                I2C4_EV_IRQHandler
                0x08001ffc                FDCAN2_IT0_IRQHandler
                0x08001ffc                LPUART1_IRQHandler
                0x08001ffc                DMA2_Channel6_IRQHandler
                0x08001ffc                FDCAN1_IT0_IRQHandler
                0x08001ffc                TIM2_IRQHandler
                0x08001ffc                COMP7_IRQHandler
                0x08001ffc                COMP1_2_3_IRQHandler
                0x08001ffc                EXTI1_IRQHandler
                0x08001ffc                USART2_IRQHandler
                0x08001ffc                COMP4_5_6_IRQHandler
                0x08001ffc                TIM20_BRK_IRQHandler
                0x08001ffc                I2C2_ER_IRQHandler
                0x08001ffc                DMA1_Channel2_IRQHandler
                0x08001ffc                TIM8_BRK_IRQHandler
                0x08001ffc                FLASH_IRQHandler
                0x08001ffc                TIM20_CC_IRQHandler
                0x08001ffc                SPI3_IRQHandler
                0x08001ffc                I2C1_ER_IRQHandler
                0x08001ffc                FMC_IRQHandler
                0x08001ffc                LPTIM1_IRQHandler
                0x08001ffc                DMAMUX_OVR_IRQHandler
                0x08001ffc                I2C4_ER_IRQHandler
                0x08001ffc                USBWakeUp_IRQHandler
                0x08001ffc                SAI1_IRQHandler
                0x08001ffc                DMA2_Channel3_IRQHandler
                0x08001ffc                TIM1_BRK_TIM15_IRQHandler
 .text.HAL_Init
                0x08001ffe       0x30 ./Drivers/STM32G4xx_HAL_Driver/Src/stm32g4xx_hal.o
                0x08001ffe                HAL_Init
 *fill*         0x0800202e        0x2 
 .text.HAL_InitTick
                0x08002030       0x74 ./Drivers/STM32G4xx_HAL_Driver/Src/stm32g4xx_hal.o
                0x08002030                HAL_InitTick
 .text.HAL_IncTick
                0x080020a4       0x24 ./Drivers/STM32G4xx_HAL_Driver/Src/stm32g4xx_hal.o
                0x080020a4                HAL_IncTick
 .text.HAL_GetTick
                0x080020c8       0x18 ./Drivers/STM32G4xx_HAL_Driver/Src/stm32g4xx_hal.o
                0x080020c8                HAL_GetTick
 .text.HAL_Delay
                0x080020e0       0x44 ./Drivers/STM32G4xx_HAL_Driver/Src/stm32g4xx_hal.o
                0x080020e0                HAL_Delay
 .text.__NVIC_SetPriorityGrouping
                0x08002124       0x48 ./Drivers/STM32G4xx_HAL_Driver/Src/stm32g4xx_hal_cortex.o
 .text.__NVIC_GetPriorityGrouping
                0x0800216c       0x1c ./Drivers/STM32G4xx_HAL_Driver/Src/stm32g4xx_hal_cortex.o
 .text.__NVIC_EnableIRQ
                0x08002188       0x3c ./Drivers/STM32G4xx_HAL_Driver/Src/stm32g4xx_hal_cortex.o
 .text.__NVIC_SetPriority
                0x080021c4       0x54 ./Drivers/STM32G4xx_HAL_Driver/Src/stm32g4xx_hal_cortex.o
 .text.NVIC_EncodePriority
                0x08002218       0x66 ./Drivers/STM32G4xx_HAL_Driver/Src/stm32g4xx_hal_cortex.o
 *fill*         0x0800227e        0x2 
 .text.SysTick_Config
                0x08002280       0x44 ./Drivers/STM32G4xx_HAL_Driver/Src/stm32g4xx_hal_cortex.o
 .text.HAL_NVIC_SetPriorityGrouping
                0x080022c4       0x16 ./Drivers/STM32G4xx_HAL_Driver/Src/stm32g4xx_hal_cortex.o
                0x080022c4                HAL_NVIC_SetPriorityGrouping
 .text.HAL_NVIC_SetPriority
                0x080022da       0x34 ./Drivers/STM32G4xx_HAL_Driver/Src/stm32g4xx_hal_cortex.o
                0x080022da                HAL_NVIC_SetPriority
 .text.HAL_NVIC_EnableIRQ
                0x0800230e       0x1c ./Drivers/STM32G4xx_HAL_Driver/Src/stm32g4xx_hal_cortex.o
                0x0800230e                HAL_NVIC_EnableIRQ
 .text.HAL_SYSTICK_Config
                0x0800232a       0x18 ./Drivers/STM32G4xx_HAL_Driver/Src/stm32g4xx_hal_cortex.o
                0x0800232a                HAL_SYSTICK_Config
 .text.HAL_DMA_Abort
                0x08002342       0xb2 ./Drivers/STM32G4xx_HAL_Driver/Src/stm32g4xx_hal_dma.o
                0x08002342                HAL_DMA_Abort
 .text.HAL_DMA_Abort_IT
                0x080023f4       0xce ./Drivers/STM32G4xx_HAL_Driver/Src/stm32g4xx_hal_dma.o
                0x080023f4                HAL_DMA_Abort_IT
 *fill*         0x080024c2        0x2 
 .text.HAL_GPIO_Init
                0x080024c4      0x304 ./Drivers/STM32G4xx_HAL_Driver/Src/stm32g4xx_hal_gpio.o
                0x080024c4                HAL_GPIO_Init
 .text.HAL_GPIO_ReadPin
                0x080027c8       0x30 ./Drivers/STM32G4xx_HAL_Driver/Src/stm32g4xx_hal_gpio.o
                0x080027c8                HAL_GPIO_ReadPin
 .text.HAL_GPIO_WritePin
                0x080027f8       0x30 ./Drivers/STM32G4xx_HAL_Driver/Src/stm32g4xx_hal_gpio.o
                0x080027f8                HAL_GPIO_WritePin
 .text.HAL_GPIO_TogglePin
                0x08002828       0x34 ./Drivers/STM32G4xx_HAL_Driver/Src/stm32g4xx_hal_gpio.o
                0x08002828                HAL_GPIO_TogglePin
 .text.HAL_PCD_Init
                0x0800285c      0x19c ./Drivers/STM32G4xx_HAL_Driver/Src/stm32g4xx_hal_pcd.o
                0x0800285c                HAL_PCD_Init
 .text.HAL_PCD_Start
                0x080029f8       0x44 ./Drivers/STM32G4xx_HAL_Driver/Src/stm32g4xx_hal_pcd.o
                0x080029f8                HAL_PCD_Start
 .text.HAL_PCD_IRQHandler
                0x08002a3c      0x24e ./Drivers/STM32G4xx_HAL_Driver/Src/stm32g4xx_hal_pcd.o
                0x08002a3c                HAL_PCD_IRQHandler
 .text.HAL_PCD_SetAddress
                0x08002c8a       0x48 ./Drivers/STM32G4xx_HAL_Driver/Src/stm32g4xx_hal_pcd.o
                0x08002c8a                HAL_PCD_SetAddress
 .text.HAL_PCD_EP_Open
                0x08002cd2       0xbe ./Drivers/STM32G4xx_HAL_Driver/Src/stm32g4xx_hal_pcd.o
                0x08002cd2                HAL_PCD_EP_Open
 .text.HAL_PCD_EP_Close
                0x08002d90       0x90 ./Drivers/STM32G4xx_HAL_Driver/Src/stm32g4xx_hal_pcd.o
                0x08002d90                HAL_PCD_EP_Close
 .text.HAL_PCD_EP_Receive
                0x08002e20       0x62 ./Drivers/STM32G4xx_HAL_Driver/Src/stm32g4xx_hal_pcd.o
                0x08002e20                HAL_PCD_EP_Receive
 .text.HAL_PCD_EP_GetRxCount
                0x08002e82       0x30 ./Drivers/STM32G4xx_HAL_Driver/Src/stm32g4xx_hal_pcd.o
                0x08002e82                HAL_PCD_EP_GetRxCount
 .text.HAL_PCD_EP_Transmit
                0x08002eb2       0x6e ./Drivers/STM32G4xx_HAL_Driver/Src/stm32g4xx_hal_pcd.o
                0x08002eb2                HAL_PCD_EP_Transmit
 .text.HAL_PCD_EP_SetStall
                0x08002f20       0xa4 ./Drivers/STM32G4xx_HAL_Driver/Src/stm32g4xx_hal_pcd.o
                0x08002f20                HAL_PCD_EP_SetStall
 .text.HAL_PCD_EP_ClrStall
                0x08002fc4       0xa8 ./Drivers/STM32G4xx_HAL_Driver/Src/stm32g4xx_hal_pcd.o
                0x08002fc4                HAL_PCD_EP_ClrStall
 .text.PCD_EP_ISR_Handler
                0x0800306c      0x68e ./Drivers/STM32G4xx_HAL_Driver/Src/stm32g4xx_hal_pcd.o
 .text.HAL_PCD_EP_DB_Receive
                0x080036fa      0x212 ./Drivers/STM32G4xx_HAL_Driver/Src/stm32g4xx_hal_pcd.o
 .text.HAL_PCD_EP_DB_Transmit
                0x0800390c      0x878 ./Drivers/STM32G4xx_HAL_Driver/Src/stm32g4xx_hal_pcd.o
 .text.HAL_PCDEx_PMAConfig
                0x08004184       0x86 ./Drivers/STM32G4xx_HAL_Driver/Src/stm32g4xx_hal_pcd_ex.o
                0x08004184                HAL_PCDEx_PMAConfig
 .text.HAL_PCDEx_ActivateLPM
                0x0800420a       0x54 ./Drivers/STM32G4xx_HAL_Driver/Src/stm32g4xx_hal_pcd_ex.o
                0x0800420a                HAL_PCDEx_ActivateLPM
 *fill*         0x0800425e        0x2 
 .text.HAL_PWREx_ControlVoltageScaling
                0x08004260      0x148 ./Drivers/STM32G4xx_HAL_Driver/Src/stm32g4xx_hal_pwr_ex.o
                0x08004260                HAL_PWREx_ControlVoltageScaling
 .text.HAL_PWREx_DisableUCPDDeadBattery
                0x080043a8       0x20 ./Drivers/STM32G4xx_HAL_Driver/Src/stm32g4xx_hal_pwr_ex.o
                0x080043a8                HAL_PWREx_DisableUCPDDeadBattery
 .text.HAL_RCC_OscConfig
                0x080043c8      0x624 ./Drivers/STM32G4xx_HAL_Driver/Src/stm32g4xx_hal_rcc.o
                0x080043c8                HAL_RCC_OscConfig
 .text.HAL_RCC_ClockConfig
                0x080049ec      0x278 ./Drivers/STM32G4xx_HAL_Driver/Src/stm32g4xx_hal_rcc.o
                0x080049ec                HAL_RCC_ClockConfig
 .text.HAL_RCC_GetSysClockFreq
                0x08004c64       0xc0 ./Drivers/STM32G4xx_HAL_Driver/Src/stm32g4xx_hal_rcc.o
                0x08004c64                HAL_RCC_GetSysClockFreq
 .text.HAL_RCC_GetHCLKFreq
                0x08004d24       0x18 ./Drivers/STM32G4xx_HAL_Driver/Src/stm32g4xx_hal_rcc.o
                0x08004d24                HAL_RCC_GetHCLKFreq
 .text.HAL_RCC_GetPCLK1Freq
                0x08004d3c       0x2c ./Drivers/STM32G4xx_HAL_Driver/Src/stm32g4xx_hal_rcc.o
                0x08004d3c                HAL_RCC_GetPCLK1Freq
 .text.HAL_RCC_GetPCLK2Freq
                0x08004d68       0x2c ./Drivers/STM32G4xx_HAL_Driver/Src/stm32g4xx_hal_rcc.o
                0x08004d68                HAL_RCC_GetPCLK2Freq
 .text.RCC_GetSysClockFreqFromPLLSource
                0x08004d94       0x88 ./Drivers/STM32G4xx_HAL_Driver/Src/stm32g4xx_hal_rcc.o
 .text.HAL_RCCEx_PeriphCLKConfig
                0x08004e1c      0x49c ./Drivers/STM32G4xx_HAL_Driver/Src/stm32g4xx_hal_rcc_ex.o
                0x08004e1c                HAL_RCCEx_PeriphCLKConfig
 .text.HAL_TIM_Base_Init
                0x080052b8       0xae ./Drivers/STM32G4xx_HAL_Driver/Src/stm32g4xx_hal_tim.o
                0x080052b8                HAL_TIM_Base_Init
 *fill*         0x08005366        0x2 
 .text.HAL_TIM_Base_Start_IT
                0x08005368       0xf0 ./Drivers/STM32G4xx_HAL_Driver/Src/stm32g4xx_hal_tim.o
                0x08005368                HAL_TIM_Base_Start_IT
 .text.HAL_TIM_Base_Stop_IT
                0x08005458       0x5e ./Drivers/STM32G4xx_HAL_Driver/Src/stm32g4xx_hal_tim.o
                0x08005458                HAL_TIM_Base_Stop_IT
 .text.HAL_TIM_PWM_Init
                0x080054b6       0xae ./Drivers/STM32G4xx_HAL_Driver/Src/stm32g4xx_hal_tim.o
                0x080054b6                HAL_TIM_PWM_Init
 .text.HAL_TIM_PWM_Start
                0x08005564      0x224 ./Drivers/STM32G4xx_HAL_Driver/Src/stm32g4xx_hal_tim.o
                0x08005564                HAL_TIM_PWM_Start
 .text.HAL_TIM_IRQHandler
                0x08005788      0x29e ./Drivers/STM32G4xx_HAL_Driver/Src/stm32g4xx_hal_tim.o
                0x08005788                HAL_TIM_IRQHandler
 *fill*         0x08005a26        0x2 
 .text.HAL_TIM_PWM_ConfigChannel
                0x08005a28      0x228 ./Drivers/STM32G4xx_HAL_Driver/Src/stm32g4xx_hal_tim.o
                0x08005a28                HAL_TIM_PWM_ConfigChannel
 .text.HAL_TIM_OC_DelayElapsedCallback
                0x08005c50       0x14 ./Drivers/STM32G4xx_HAL_Driver/Src/stm32g4xx_hal_tim.o
                0x08005c50                HAL_TIM_OC_DelayElapsedCallback
 .text.HAL_TIM_IC_CaptureCallback
                0x08005c64       0x14 ./Drivers/STM32G4xx_HAL_Driver/Src/stm32g4xx_hal_tim.o
                0x08005c64                HAL_TIM_IC_CaptureCallback
 .text.HAL_TIM_PWM_PulseFinishedCallback
                0x08005c78       0x14 ./Drivers/STM32G4xx_HAL_Driver/Src/stm32g4xx_hal_tim.o
                0x08005c78                HAL_TIM_PWM_PulseFinishedCallback
 .text.HAL_TIM_TriggerCallback
                0x08005c8c       0x14 ./Drivers/STM32G4xx_HAL_Driver/Src/stm32g4xx_hal_tim.o
                0x08005c8c                HAL_TIM_TriggerCallback
 .text.TIM_Base_SetConfig
                0x08005ca0      0x168 ./Drivers/STM32G4xx_HAL_Driver/Src/stm32g4xx_hal_tim.o
                0x08005ca0                TIM_Base_SetConfig
 .text.TIM_OC1_SetConfig
                0x08005e08      0x134 ./Drivers/STM32G4xx_HAL_Driver/Src/stm32g4xx_hal_tim.o
 .text.TIM_OC2_SetConfig
                0x08005f3c      0x128 ./Drivers/STM32G4xx_HAL_Driver/Src/stm32g4xx_hal_tim.o
                0x08005f3c                TIM_OC2_SetConfig
 .text.TIM_OC3_SetConfig
                0x08006064      0x124 ./Drivers/STM32G4xx_HAL_Driver/Src/stm32g4xx_hal_tim.o
 .text.TIM_OC4_SetConfig
                0x08006188      0x128 ./Drivers/STM32G4xx_HAL_Driver/Src/stm32g4xx_hal_tim.o
 .text.TIM_OC5_SetConfig
                0x080062b0       0xd4 ./Drivers/STM32G4xx_HAL_Driver/Src/stm32g4xx_hal_tim.o
 .text.TIM_OC6_SetConfig
                0x08006384       0xd8 ./Drivers/STM32G4xx_HAL_Driver/Src/stm32g4xx_hal_tim.o
 .text.TIM_CCxChannelCmd
                0x0800645c       0x4a ./Drivers/STM32G4xx_HAL_Driver/Src/stm32g4xx_hal_tim.o
                0x0800645c                TIM_CCxChannelCmd
 *fill*         0x080064a6        0x2 
 .text.HAL_TIMEx_MasterConfigSynchronization
                0x080064a8      0x12c ./Drivers/STM32G4xx_HAL_Driver/Src/stm32g4xx_hal_tim_ex.o
                0x080064a8                HAL_TIMEx_MasterConfigSynchronization
 .text.HAL_TIMEx_ConfigBreakDeadTime
                0x080065d4      0x128 ./Drivers/STM32G4xx_HAL_Driver/Src/stm32g4xx_hal_tim_ex.o
                0x080065d4                HAL_TIMEx_ConfigBreakDeadTime
 .text.HAL_TIMEx_CommutCallback
                0x080066fc       0x14 ./Drivers/STM32G4xx_HAL_Driver/Src/stm32g4xx_hal_tim_ex.o
                0x080066fc                HAL_TIMEx_CommutCallback
 .text.HAL_TIMEx_BreakCallback
                0x08006710       0x14 ./Drivers/STM32G4xx_HAL_Driver/Src/stm32g4xx_hal_tim_ex.o
                0x08006710                HAL_TIMEx_BreakCallback
 .text.HAL_TIMEx_Break2Callback
                0x08006724       0x14 ./Drivers/STM32G4xx_HAL_Driver/Src/stm32g4xx_hal_tim_ex.o
                0x08006724                HAL_TIMEx_Break2Callback
 .text.HAL_TIMEx_EncoderIndexCallback
                0x08006738       0x14 ./Drivers/STM32G4xx_HAL_Driver/Src/stm32g4xx_hal_tim_ex.o
                0x08006738                HAL_TIMEx_EncoderIndexCallback
 .text.HAL_TIMEx_DirectionChangeCallback
                0x0800674c       0x14 ./Drivers/STM32G4xx_HAL_Driver/Src/stm32g4xx_hal_tim_ex.o
                0x0800674c                HAL_TIMEx_DirectionChangeCallback
 .text.HAL_TIMEx_IndexErrorCallback
                0x08006760       0x14 ./Drivers/STM32G4xx_HAL_Driver/Src/stm32g4xx_hal_tim_ex.o
                0x08006760                HAL_TIMEx_IndexErrorCallback
 .text.HAL_TIMEx_TransitionErrorCallback
                0x08006774       0x14 ./Drivers/STM32G4xx_HAL_Driver/Src/stm32g4xx_hal_tim_ex.o
                0x08006774                HAL_TIMEx_TransitionErrorCallback
 .text.HAL_UART_Init
                0x08006788       0xa0 ./Drivers/STM32G4xx_HAL_Driver/Src/stm32g4xx_hal_uart.o
                0x08006788                HAL_UART_Init
 .text.HAL_UART_IRQHandler
                0x08006828      0x684 ./Drivers/STM32G4xx_HAL_Driver/Src/stm32g4xx_hal_uart.o
                0x08006828                HAL_UART_IRQHandler
 .text.HAL_UART_TxCpltCallback
                0x08006eac       0x14 ./Drivers/STM32G4xx_HAL_Driver/Src/stm32g4xx_hal_uart.o
                0x08006eac                HAL_UART_TxCpltCallback
 .text.HAL_UART_ErrorCallback
                0x08006ec0       0x14 ./Drivers/STM32G4xx_HAL_Driver/Src/stm32g4xx_hal_uart.o
                0x08006ec0                HAL_UART_ErrorCallback
 .text.HAL_UARTEx_RxEventCallback
                0x08006ed4       0x18 ./Drivers/STM32G4xx_HAL_Driver/Src/stm32g4xx_hal_uart.o
                0x08006ed4                HAL_UARTEx_RxEventCallback
 .text.UART_SetConfig
                0x08006eec      0x5f8 ./Drivers/STM32G4xx_HAL_Driver/Src/stm32g4xx_hal_uart.o
                0x08006eec                UART_SetConfig
 .text.UART_AdvFeatureConfig
                0x080074e4      0x144 ./Drivers/STM32G4xx_HAL_Driver/Src/stm32g4xx_hal_uart.o
                0x080074e4                UART_AdvFeatureConfig
 .text.UART_CheckIdleState
                0x08007628      0x154 ./Drivers/STM32G4xx_HAL_Driver/Src/stm32g4xx_hal_uart.o
                0x08007628                UART_CheckIdleState
 .text.UART_WaitOnFlagUntilTimeout
                0x0800777c       0xda ./Drivers/STM32G4xx_HAL_Driver/Src/stm32g4xx_hal_uart.o
                0x0800777c                UART_WaitOnFlagUntilTimeout
 .text.UART_EndRxTransfer
                0x08007856       0xcc ./Drivers/STM32G4xx_HAL_Driver/Src/stm32g4xx_hal_uart.o
 .text.UART_DMAAbortOnError
                0x08007922       0x24 ./Drivers/STM32G4xx_HAL_Driver/Src/stm32g4xx_hal_uart.o
 .text.UART_EndTransmit_IT
                0x08007946       0x56 ./Drivers/STM32G4xx_HAL_Driver/Src/stm32g4xx_hal_uart.o
 .text.HAL_UARTEx_WakeupCallback
                0x0800799c       0x14 ./Drivers/STM32G4xx_HAL_Driver/Src/stm32g4xx_hal_uart_ex.o
                0x0800799c                HAL_UARTEx_WakeupCallback
 .text.HAL_UARTEx_RxFifoFullCallback
                0x080079b0       0x14 ./Drivers/STM32G4xx_HAL_Driver/Src/stm32g4xx_hal_uart_ex.o
                0x080079b0                HAL_UARTEx_RxFifoFullCallback
 .text.HAL_UARTEx_TxFifoEmptyCallback
                0x080079c4       0x14 ./Drivers/STM32G4xx_HAL_Driver/Src/stm32g4xx_hal_uart_ex.o
                0x080079c4                HAL_UARTEx_TxFifoEmptyCallback
 .text.HAL_UARTEx_DisableFifoMode
                0x080079d8       0x72 ./Drivers/STM32G4xx_HAL_Driver/Src/stm32g4xx_hal_uart_ex.o
                0x080079d8                HAL_UARTEx_DisableFifoMode
 .text.HAL_UARTEx_SetTxFifoThreshold
                0x08007a4a       0x7c ./Drivers/STM32G4xx_HAL_Driver/Src/stm32g4xx_hal_uart_ex.o
                0x08007a4a                HAL_UARTEx_SetTxFifoThreshold
 .text.HAL_UARTEx_SetRxFifoThreshold
                0x08007ac6       0x7c ./Drivers/STM32G4xx_HAL_Driver/Src/stm32g4xx_hal_uart_ex.o
                0x08007ac6                HAL_UARTEx_SetRxFifoThreshold
 *fill*         0x08007b42        0x2 
 .text.UARTEx_SetNbDataToProcess
                0x08007b44       0x9c ./Drivers/STM32G4xx_HAL_Driver/Src/stm32g4xx_hal_uart_ex.o
 .text.USB_EnableGlobalInt
                0x08007be0       0x2e ./Drivers/STM32G4xx_HAL_Driver/Src/stm32g4xx_ll_usb.o
                0x08007be0                USB_EnableGlobalInt
 .text.USB_DisableGlobalInt
                0x08007c0e       0x36 ./Drivers/STM32G4xx_HAL_Driver/Src/stm32g4xx_ll_usb.o
                0x08007c0e                USB_DisableGlobalInt
 .text.USB_DevInit
                0x08007c44       0x3c ./Drivers/STM32G4xx_HAL_Driver/Src/stm32g4xx_ll_usb.o
                0x08007c44                USB_DevInit
 .text.USB_ActivateEndpoint
                0x08007c80      0x9d0 ./Drivers/STM32G4xx_HAL_Driver/Src/stm32g4xx_ll_usb.o
                0x08007c80                USB_ActivateEndpoint
 .text.USB_DeactivateEndpoint
                0x08008650      0x3da ./Drivers/STM32G4xx_HAL_Driver/Src/stm32g4xx_ll_usb.o
                0x08008650                USB_DeactivateEndpoint
 .text.USB_EPStartXfer
                0x08008a2a      0xb5e ./Drivers/STM32G4xx_HAL_Driver/Src/stm32g4xx_ll_usb.o
                0x08008a2a                USB_EPStartXfer
 .text.USB_EPSetStall
                0x08009588       0xa2 ./Drivers/STM32G4xx_HAL_Driver/Src/stm32g4xx_ll_usb.o
                0x08009588                USB_EPSetStall
 .text.USB_EPClearStall
                0x0800962a      0x152 ./Drivers/STM32G4xx_HAL_Driver/Src/stm32g4xx_ll_usb.o
                0x0800962a                USB_EPClearStall
 .text.USB_SetDevAddress
                0x0800977c       0x28 ./Drivers/STM32G4xx_HAL_Driver/Src/stm32g4xx_ll_usb.o
                0x0800977c                USB_SetDevAddress
 .text.USB_DevConnect
                0x080097a4       0x2e ./Drivers/STM32G4xx_HAL_Driver/Src/stm32g4xx_ll_usb.o
                0x080097a4                USB_DevConnect
 .text.USB_ReadInterrupts
                0x080097d2       0x20 ./Drivers/STM32G4xx_HAL_Driver/Src/stm32g4xx_ll_usb.o
                0x080097d2                USB_ReadInterrupts
 .text.USB_WritePMA
                0x080097f2       0x84 ./Drivers/STM32G4xx_HAL_Driver/Src/stm32g4xx_ll_usb.o
                0x080097f2                USB_WritePMA
 .text.USB_ReadPMA
                0x08009876       0x98 ./Drivers/STM32G4xx_HAL_Driver/Src/stm32g4xx_ll_usb.o
                0x08009876                USB_ReadPMA
 .text.USBD_CDC_Init
                0x0800990e       0xfe ./Middlewares/ST/STM32_USB_Device_Library/Class/CDC/Src/usbd_cdc.o
 .text.USBD_CDC_DeInit
                0x08009a0c       0x74 ./Middlewares/ST/STM32_USB_Device_Library/Class/CDC/Src/usbd_cdc.o
 .text.USBD_CDC_Setup
                0x08009a80      0x190 ./Middlewares/ST/STM32_USB_Device_Library/Class/CDC/Src/usbd_cdc.o
 .text.USBD_CDC_DataIn
                0x08009c10       0xca ./Middlewares/ST/STM32_USB_Device_Library/Class/CDC/Src/usbd_cdc.o
 .text.USBD_CDC_DataOut
                0x08009cda       0x56 ./Middlewares/ST/STM32_USB_Device_Library/Class/CDC/Src/usbd_cdc.o
 .text.USBD_CDC_EP0_RxReady
                0x08009d30       0x58 ./Middlewares/ST/STM32_USB_Device_Library/Class/CDC/Src/usbd_cdc.o
 .text.USBD_CDC_GetFSCfgDesc
                0x08009d88       0x20 ./Middlewares/ST/STM32_USB_Device_Library/Class/CDC/Src/usbd_cdc.o
 .text.USBD_CDC_GetHSCfgDesc
                0x08009da8       0x20 ./Middlewares/ST/STM32_USB_Device_Library/Class/CDC/Src/usbd_cdc.o
 .text.USBD_CDC_GetOtherSpeedCfgDesc
                0x08009dc8       0x20 ./Middlewares/ST/STM32_USB_Device_Library/Class/CDC/Src/usbd_cdc.o
 .text.USBD_CDC_GetDeviceQualifierDescriptor
                0x08009de8       0x20 ./Middlewares/ST/STM32_USB_Device_Library/Class/CDC/Src/usbd_cdc.o
                0x08009de8                USBD_CDC_GetDeviceQualifierDescriptor
 .text.USBD_CDC_RegisterInterface
                0x08009e08       0x2a ./Middlewares/ST/STM32_USB_Device_Library/Class/CDC/Src/usbd_cdc.o
                0x08009e08                USBD_CDC_RegisterInterface
 .text.USBD_CDC_SetTxBuffer
                0x08009e32       0x3c ./Middlewares/ST/STM32_USB_Device_Library/Class/CDC/Src/usbd_cdc.o
                0x08009e32                USBD_CDC_SetTxBuffer
 .text.USBD_CDC_SetRxBuffer
                0x08009e6e       0x32 ./Middlewares/ST/STM32_USB_Device_Library/Class/CDC/Src/usbd_cdc.o
                0x08009e6e                USBD_CDC_SetRxBuffer
 .text.USBD_CDC_TransmitPacket
                0x08009ea0       0x60 ./Middlewares/ST/STM32_USB_Device_Library/Class/CDC/Src/usbd_cdc.o
                0x08009ea0                USBD_CDC_TransmitPacket
 .text.USBD_CDC_ReceivePacket
                0x08009f00       0x54 ./Middlewares/ST/STM32_USB_Device_Library/Class/CDC/Src/usbd_cdc.o
                0x08009f00                USBD_CDC_ReceivePacket
 .text.USBD_Init
                0x08009f54       0x60 ./Middlewares/ST/STM32_USB_Device_Library/Core/Src/usbd_core.o
                0x08009f54                USBD_Init
 .text.USBD_RegisterClass
                0x08009fb4       0x4e ./Middlewares/ST/STM32_USB_Device_Library/Core/Src/usbd_core.o
                0x08009fb4                USBD_RegisterClass
 .text.USBD_Start
                0x0800a002       0x18 ./Middlewares/ST/STM32_USB_Device_Library/Core/Src/usbd_core.o
                0x0800a002                USBD_Start
 .text.USBD_RunTestMode
                0x0800a01a       0x16 ./Middlewares/ST/STM32_USB_Device_Library/Core/Src/usbd_core.o
                0x0800a01a                USBD_RunTestMode
 .text.USBD_SetClassConfig
                0x0800a030       0x38 ./Middlewares/ST/STM32_USB_Device_Library/Core/Src/usbd_core.o
                0x0800a030                USBD_SetClassConfig
 .text.USBD_ClrClassConfig
                0x0800a068       0x30 ./Middlewares/ST/STM32_USB_Device_Library/Core/Src/usbd_core.o
                0x0800a068                USBD_ClrClassConfig
 .text.USBD_LL_SetupStage
                0x0800a098       0xaa ./Middlewares/ST/STM32_USB_Device_Library/Core/Src/usbd_core.o
                0x0800a098                USBD_LL_SetupStage
 .text.USBD_LL_DataOutStage
                0x0800a142       0xc6 ./Middlewares/ST/STM32_USB_Device_Library/Core/Src/usbd_core.o
                0x0800a142                USBD_LL_DataOutStage
 .text.USBD_LL_DataInStage
                0x0800a208      0x12c ./Middlewares/ST/STM32_USB_Device_Library/Core/Src/usbd_core.o
                0x0800a208                USBD_LL_DataInStage
 .text.USBD_LL_Reset
                0x0800a334       0x9c ./Middlewares/ST/STM32_USB_Device_Library/Core/Src/usbd_core.o
                0x0800a334                USBD_LL_Reset
 .text.USBD_LL_SetSpeed
                0x0800a3d0       0x20 ./Middlewares/ST/STM32_USB_Device_Library/Core/Src/usbd_core.o
                0x0800a3d0                USBD_LL_SetSpeed
 .text.USBD_LL_Suspend
                0x0800a3f0       0x2c ./Middlewares/ST/STM32_USB_Device_Library/Core/Src/usbd_core.o
                0x0800a3f0                USBD_LL_Suspend
 .text.USBD_LL_Resume
                0x0800a41c       0x30 ./Middlewares/ST/STM32_USB_Device_Library/Core/Src/usbd_core.o
                0x0800a41c                USBD_LL_Resume
 .text.USBD_LL_SOF
                0x0800a44c       0x44 ./Middlewares/ST/STM32_USB_Device_Library/Core/Src/usbd_core.o
                0x0800a44c                USBD_LL_SOF
 .text.SWAPBYTE
                0x0800a490       0x3c ./Middlewares/ST/STM32_USB_Device_Library/Core/Src/usbd_ctlreq.o
 .text.USBD_StdDevReq
                0x0800a4cc       0xdc ./Middlewares/ST/STM32_USB_Device_Library/Core/Src/usbd_ctlreq.o
                0x0800a4cc                USBD_StdDevReq
 .text.USBD_StdItfReq
                0x0800a5a8       0x92 ./Middlewares/ST/STM32_USB_Device_Library/Core/Src/usbd_ctlreq.o
                0x0800a5a8                USBD_StdItfReq
 .text.USBD_StdEPReq
                0x0800a63a      0x2c4 ./Middlewares/ST/STM32_USB_Device_Library/Core/Src/usbd_ctlreq.o
                0x0800a63a                USBD_StdEPReq
 *fill*         0x0800a8fe        0x2 
 .text.USBD_GetDescriptor
                0x0800a900      0x328 ./Middlewares/ST/STM32_USB_Device_Library/Core/Src/usbd_ctlreq.o
 .text.USBD_SetAddress
                0x0800ac28       0x88 ./Middlewares/ST/STM32_USB_Device_Library/Core/Src/usbd_ctlreq.o
 .text.USBD_SetConfig
                0x0800acb0      0x14c ./Middlewares/ST/STM32_USB_Device_Library/Core/Src/usbd_ctlreq.o
 .text.USBD_GetConfig
                0x0800adfc       0x6c ./Middlewares/ST/STM32_USB_Device_Library/Core/Src/usbd_ctlreq.o
 .text.USBD_GetStatus
                0x0800ae68       0x68 ./Middlewares/ST/STM32_USB_Device_Library/Core/Src/usbd_ctlreq.o
 .text.USBD_SetFeature
                0x0800aed0       0x28 ./Middlewares/ST/STM32_USB_Device_Library/Core/Src/usbd_ctlreq.o
 .text.USBD_ClrFeature
                0x0800aef8       0x44 ./Middlewares/ST/STM32_USB_Device_Library/Core/Src/usbd_ctlreq.o
 .text.USBD_ParseSetupRequest
                0x0800af3c       0x74 ./Middlewares/ST/STM32_USB_Device_Library/Core/Src/usbd_ctlreq.o
                0x0800af3c                USBD_ParseSetupRequest
 .text.USBD_CtlError
                0x0800afb0       0x22 ./Middlewares/ST/STM32_USB_Device_Library/Core/Src/usbd_ctlreq.o
                0x0800afb0                USBD_CtlError
 .text.USBD_GetString
                0x0800afd2       0x8c ./Middlewares/ST/STM32_USB_Device_Library/Core/Src/usbd_ctlreq.o
                0x0800afd2                USBD_GetString
 .text.USBD_GetLen
                0x0800b05e       0x34 ./Middlewares/ST/STM32_USB_Device_Library/Core/Src/usbd_ctlreq.o
 .text.USBD_CtlSendData
                0x0800b092       0x36 ./Middlewares/ST/STM32_USB_Device_Library/Core/Src/usbd_ioreq.o
                0x0800b092                USBD_CtlSendData
 .text.USBD_CtlContinueSendData
                0x0800b0c8       0x22 ./Middlewares/ST/STM32_USB_Device_Library/Core/Src/usbd_ioreq.o
                0x0800b0c8                USBD_CtlContinueSendData
 .text.USBD_CtlPrepareRx
                0x0800b0ea       0x3a ./Middlewares/ST/STM32_USB_Device_Library/Core/Src/usbd_ioreq.o
                0x0800b0ea                USBD_CtlPrepareRx
 .text.USBD_CtlContinueRx
                0x0800b124       0x22 ./Middlewares/ST/STM32_USB_Device_Library/Core/Src/usbd_ioreq.o
                0x0800b124                USBD_CtlContinueRx
 .text.USBD_CtlSendStatus
                0x0800b146       0x26 ./Middlewares/ST/STM32_USB_Device_Library/Core/Src/usbd_ioreq.o
                0x0800b146                USBD_CtlSendStatus
 .text.USBD_CtlReceiveStatus
                0x0800b16c       0x26 ./Middlewares/ST/STM32_USB_Device_Library/Core/Src/usbd_ioreq.o
                0x0800b16c                USBD_CtlReceiveStatus
 *fill*         0x0800b192        0x2 
 .text.MX_USB_Device_Init
                0x0800b194       0x60 ./USB_Device/App/usb_device.o
                0x0800b194                MX_USB_Device_Init
 .text.CDC_Init_FS
                0x0800b1f4       0x28 ./USB_Device/App/usbd_cdc_if.o
 .text.CDC_DeInit_FS
                0x0800b21c       0x10 ./USB_Device/App/usbd_cdc_if.o
 .text.CDC_Control_FS
                0x0800b22c       0xbc ./USB_Device/App/usbd_cdc_if.o
 .text.CDC_Receive_FS
                0x0800b2e8       0x3c ./USB_Device/App/usbd_cdc_if.o
 .text.CDC_Transmit_FS
                0x0800b324       0x4c ./USB_Device/App/usbd_cdc_if.o
                0x0800b324                CDC_Transmit_FS
 .text.CDC_TransmitCplt_FS
                0x0800b370       0x22 ./USB_Device/App/usbd_cdc_if.o
 *fill*         0x0800b392        0x2 
 .text.USBD_CDC_DeviceDescriptor
                0x0800b394       0x24 ./USB_Device/App/usbd_desc.o
                0x0800b394                USBD_CDC_DeviceDescriptor
 .text.USBD_CDC_LangIDStrDescriptor
                0x0800b3b8       0x24 ./USB_Device/App/usbd_desc.o
                0x0800b3b8                USBD_CDC_LangIDStrDescriptor
 .text.USBD_CDC_ProductStrDescriptor
                0x0800b3dc       0x3c ./USB_Device/App/usbd_desc.o
                0x0800b3dc                USBD_CDC_ProductStrDescriptor
 .text.USBD_CDC_ManufacturerStrDescriptor
                0x0800b418       0x28 ./USB_Device/App/usbd_desc.o
                0x0800b418                USBD_CDC_ManufacturerStrDescriptor
 .text.USBD_CDC_SerialStrDescriptor
                0x0800b440       0x24 ./USB_Device/App/usbd_desc.o
                0x0800b440                USBD_CDC_SerialStrDescriptor
 .text.USBD_CDC_ConfigStrDescriptor
                0x0800b464       0x3c ./USB_Device/App/usbd_desc.o
                0x0800b464                USBD_CDC_ConfigStrDescriptor
 .text.USBD_CDC_InterfaceStrDescriptor
                0x0800b4a0       0x3c ./USB_Device/App/usbd_desc.o
                0x0800b4a0                USBD_CDC_InterfaceStrDescriptor
 .text.Get_SerialNum
                0x0800b4dc       0x58 ./USB_Device/App/usbd_desc.o
 .text.IntToUnicode
                0x0800b534       0x7e ./USB_Device/App/usbd_desc.o
 *fill*         0x0800b5b2        0x2 
 .text.HAL_PCD_MspInit
                0x0800b5b4       0x78 ./USB_Device/Target/usbd_conf.o
                0x0800b5b4                HAL_PCD_MspInit
 .text.HAL_PCD_SetupStageCallback
                0x0800b62c       0x24 ./USB_Device/Target/usbd_conf.o
                0x0800b62c                HAL_PCD_SetupStageCallback
 .text.HAL_PCD_DataOutStageCallback
                0x0800b650       0x36 ./USB_Device/Target/usbd_conf.o
                0x0800b650                HAL_PCD_DataOutStageCallback
 .text.HAL_PCD_DataInStageCallback
                0x0800b686       0x34 ./USB_Device/Target/usbd_conf.o
                0x0800b686                HAL_PCD_DataInStageCallback
 .text.HAL_PCD_SOFCallback
                0x0800b6ba       0x1c ./USB_Device/Target/usbd_conf.o
                0x0800b6ba                HAL_PCD_SOFCallback
 .text.HAL_PCD_ResetCallback
                0x0800b6d6       0x3c ./USB_Device/Target/usbd_conf.o
                0x0800b6d6                HAL_PCD_ResetCallback
 *fill*         0x0800b712        0x2 
 .text.HAL_PCD_SuspendCallback
                0x0800b714       0x34 ./USB_Device/Target/usbd_conf.o
                0x0800b714                HAL_PCD_SuspendCallback
 .text.HAL_PCD_ResumeCallback
                0x0800b748       0x38 ./USB_Device/Target/usbd_conf.o
                0x0800b748                HAL_PCD_ResumeCallback
 .text.USBD_LL_Init
                0x0800b780       0xc0 ./USB_Device/Target/usbd_conf.o
                0x0800b780                USBD_LL_Init
 .text.USBD_LL_Start
                0x0800b840       0x36 ./USB_Device/Target/usbd_conf.o
                0x0800b840                USBD_LL_Start
 .text.USBD_LL_OpenEP
                0x0800b876       0x4c ./USB_Device/Target/usbd_conf.o
                0x0800b876                USBD_LL_OpenEP
 .text.USBD_LL_CloseEP
                0x0800b8c2       0x3e ./USB_Device/Target/usbd_conf.o
                0x0800b8c2                USBD_LL_CloseEP
 .text.USBD_LL_StallEP
                0x0800b900       0x3e ./USB_Device/Target/usbd_conf.o
                0x0800b900                USBD_LL_StallEP
 .text.USBD_LL_ClearStallEP
                0x0800b93e       0x3e ./USB_Device/Target/usbd_conf.o
                0x0800b93e                USBD_LL_ClearStallEP
 .text.USBD_LL_IsStallEP
                0x0800b97c       0x58 ./USB_Device/Target/usbd_conf.o
                0x0800b97c                USBD_LL_IsStallEP
 .text.USBD_LL_SetUSBAddress
                0x0800b9d4       0x3e ./USB_Device/Target/usbd_conf.o
                0x0800b9d4                USBD_LL_SetUSBAddress
 .text.USBD_LL_Transmit
                0x0800ba12       0x42 ./USB_Device/Target/usbd_conf.o
                0x0800ba12                USBD_LL_Transmit
 .text.USBD_LL_PrepareReceive
                0x0800ba54       0x42 ./USB_Device/Target/usbd_conf.o
                0x0800ba54                USBD_LL_PrepareReceive
 .text.USBD_LL_GetRxDataSize
                0x0800ba96       0x26 ./USB_Device/Target/usbd_conf.o
                0x0800ba96                USBD_LL_GetRxDataSize
 .text.HAL_PCDEx_LPM_Callback
                0x0800babc       0x6c ./USB_Device/Target/usbd_conf.o
                0x0800babc                HAL_PCDEx_LPM_Callback
 .text.USBD_static_malloc
                0x0800bb28       0x1c ./USB_Device/Target/usbd_conf.o
                0x0800bb28                USBD_static_malloc
 .text.USBD_static_free
                0x0800bb44       0x14 ./USB_Device/Target/usbd_conf.o
                0x0800bb44                USBD_static_free
 .text.SystemClockConfig_Resume
                0x0800bb58        0xc ./USB_Device/Target/usbd_conf.o
 .text.USBD_Get_USB_Status
                0x0800bb64       0x58 ./USB_Device/Target/usbd_conf.o
 .text.memset   0x0800bbbc       0x10 C:/ST/STM32CubeIDE_1.14.1/STM32CubeIDE/plugins/com.st.stm32cube.ide.mcu.externaltools.gnu-tools-for-stm32.12.3.rel1.win32_1.1.0.202410251130/tools/bin/../lib/gcc/arm-none-eabi/12.3.1/../../../../arm-none-eabi/lib/thumb/v7e-m+fp/hard\libc_nano.a(libc_a-memset.o)
                0x0800bbbc                memset
 .text.__libc_init_array
                0x0800bbcc       0x48 C:/ST/STM32CubeIDE_1.14.1/STM32CubeIDE/plugins/com.st.stm32cube.ide.mcu.externaltools.gnu-tools-for-stm32.12.3.rel1.win32_1.1.0.202410251130/tools/bin/../lib/gcc/arm-none-eabi/12.3.1/../../../../arm-none-eabi/lib/thumb/v7e-m+fp/hard\libc_nano.a(libc_a-init.o)
                0x0800bbcc                __libc_init_array
 .text.memcpy   0x0800bc14       0x1c C:/ST/STM32CubeIDE_1.14.1/STM32CubeIDE/plugins/com.st.stm32cube.ide.mcu.externaltools.gnu-tools-for-stm32.12.3.rel1.win32_1.1.0.202410251130/tools/bin/../lib/gcc/arm-none-eabi/12.3.1/../../../../arm-none-eabi/lib/thumb/v7e-m+fp/hard\libc_nano.a(libc_a-memcpy-stub.o)
                0x0800bc14                memcpy
 *(.glue_7)
 .glue_7        0x0800bc30        0x0 linker stubs
 *(.glue_7t)
 .glue_7t       0x0800bc30        0x0 linker stubs
 *(.eh_frame)
 .eh_frame      0x0800bc30        0x0 C:/ST/STM32CubeIDE_1.14.1/STM32CubeIDE/plugins/com.st.stm32cube.ide.mcu.externaltools.gnu-tools-for-stm32.12.3.rel1.win32_1.1.0.202410251130/tools/bin/../lib/gcc/arm-none-eabi/12.3.1/thumb/v7e-m+fp/hard/crtbegin.o
 *(.init)
 .init          0x0800bc30        0x4 C:/ST/STM32CubeIDE_1.14.1/STM32CubeIDE/plugins/com.st.stm32cube.ide.mcu.externaltools.gnu-tools-for-stm32.12.3.rel1.win32_1.1.0.202410251130/tools/bin/../lib/gcc/arm-none-eabi/12.3.1/thumb/v7e-m+fp/hard/crti.o
                0x0800bc30                _init
 .init          0x0800bc34        0x8 C:/ST/STM32CubeIDE_1.14.1/STM32CubeIDE/plugins/com.st.stm32cube.ide.mcu.externaltools.gnu-tools-for-stm32.12.3.rel1.win32_1.1.0.202410251130/tools/bin/../lib/gcc/arm-none-eabi/12.3.1/thumb/v7e-m+fp/hard/crtn.o
 *(.fini)
 .fini          0x0800bc3c        0x4 C:/ST/STM32CubeIDE_1.14.1/STM32CubeIDE/plugins/com.st.stm32cube.ide.mcu.externaltools.gnu-tools-for-stm32.12.3.rel1.win32_1.1.0.202410251130/tools/bin/../lib/gcc/arm-none-eabi/12.3.1/thumb/v7e-m+fp/hard/crti.o
                0x0800bc3c                _fini
 .fini          0x0800bc40        0x8 C:/ST/STM32CubeIDE_1.14.1/STM32CubeIDE/plugins/com.st.stm32cube.ide.mcu.externaltools.gnu-tools-for-stm32.12.3.rel1.win32_1.1.0.202410251130/tools/bin/../lib/gcc/arm-none-eabi/12.3.1/thumb/v7e-m+fp/hard/crtn.o
                0x0800bc48                        . = ALIGN (0x4)
                0x0800bc48                        _etext = .

.vfp11_veneer   0x0800bc48        0x0
 .vfp11_veneer  0x0800bc48        0x0 linker stubs

.v4_bx          0x0800bc48        0x0
 .v4_bx         0x0800bc48        0x0 linker stubs

.iplt           0x0800bc48        0x0
 .iplt          0x0800bc48        0x0 C:/ST/STM32CubeIDE_1.14.1/STM32CubeIDE/plugins/com.st.stm32cube.ide.mcu.externaltools.gnu-tools-for-stm32.12.3.rel1.win32_1.1.0.202410251130/tools/bin/../lib/gcc/arm-none-eabi/12.3.1/thumb/v7e-m+fp/hard/crtbegin.o

.rodata         0x0800bc48       0x98
                0x0800bc48                        . = ALIGN (0x4)
 *(.rodata)
 .rodata        0x0800bc48        0xf ./Core/Src/main.o
 *fill*         0x0800bc57        0x1 
 .rodata        0x0800bc58       0x46 ./USB_Device/App/usbd_desc.o
 *(.rodata*)
 *fill*         0x0800bc9e        0x2 
 .rodata.AHBPrescTable
                0x0800bca0       0x10 ./Core/Src/system_stm32g4xx.o
                0x0800bca0                AHBPrescTable
 .rodata.APBPrescTable
                0x0800bcb0        0x8 ./Core/Src/system_stm32g4xx.o
                0x0800bcb0                APBPrescTable
 .rodata.UARTPrescTable
                0x0800bcb8       0x18 ./Drivers/STM32G4xx_HAL_Driver/Src/stm32g4xx_hal_uart.o
                0x0800bcb8                UARTPrescTable
 .rodata.numerator.1
                0x0800bcd0        0x8 ./Drivers/STM32G4xx_HAL_Driver/Src/stm32g4xx_hal_uart_ex.o
 .rodata.denominator.0
                0x0800bcd8        0x8 ./Drivers/STM32G4xx_HAL_Driver/Src/stm32g4xx_hal_uart_ex.o
                0x0800bce0                        . = ALIGN (0x4)

.ARM.extab      0x0800bce0        0x0
                0x0800bce0                        . = ALIGN (0x4)
 *(.ARM.extab* .gnu.linkonce.armextab.*)
                0x0800bce0                        . = ALIGN (0x4)

.ARM            0x0800bce0        0x8
                0x0800bce0                        . = ALIGN (0x4)
                0x0800bce0                        __exidx_start = .
 *(.ARM.exidx*)
 .ARM.exidx     0x0800bce0        0x8 C:/ST/STM32CubeIDE_1.14.1/STM32CubeIDE/plugins/com.st.stm32cube.ide.mcu.externaltools.gnu-tools-for-stm32.12.3.rel1.win32_1.1.0.202410251130/tools/bin/../lib/gcc/arm-none-eabi/12.3.1/thumb/v7e-m+fp/hard\libgcc.a(_udivmoddi4.o)
                0x0800bce8                        __exidx_end = .
                0x0800bce8                        . = ALIGN (0x4)

.preinit_array  0x0800bce8        0x0
                0x0800bce8                        . = ALIGN (0x4)
                0x0800bce8                        PROVIDE (__preinit_array_start = .)
 *(.preinit_array*)
                0x0800bce8                        PROVIDE (__preinit_array_end = .)
                0x0800bce8                        . = ALIGN (0x4)

.init_array     0x0800bce8        0x4
                0x0800bce8                        . = ALIGN (0x4)
                0x0800bce8                        PROVIDE (__init_array_start = .)
 *(SORT_BY_NAME(.init_array.*))
 *(.init_array*)
 .init_array    0x0800bce8        0x4 C:/ST/STM32CubeIDE_1.14.1/STM32CubeIDE/plugins/com.st.stm32cube.ide.mcu.externaltools.gnu-tools-for-stm32.12.3.rel1.win32_1.1.0.202410251130/tools/bin/../lib/gcc/arm-none-eabi/12.3.1/thumb/v7e-m+fp/hard/crtbegin.o
                0x0800bcec                        PROVIDE (__init_array_end = .)
                0x0800bcec                        . = ALIGN (0x4)

.fini_array     0x0800bcec        0x4
                0x0800bcec                        . = ALIGN (0x4)
                [!provide]                        PROVIDE (__fini_array_start = .)
 *(SORT_BY_NAME(.fini_array.*))
 *(.fini_array*)
 .fini_array    0x0800bcec        0x4 C:/ST/STM32CubeIDE_1.14.1/STM32CubeIDE/plugins/com.st.stm32cube.ide.mcu.externaltools.gnu-tools-for-stm32.12.3.rel1.win32_1.1.0.202410251130/tools/bin/../lib/gcc/arm-none-eabi/12.3.1/thumb/v7e-m+fp/hard/crtbegin.o
                [!provide]                        PROVIDE (__fini_array_end = .)
                0x0800bcf0                        . = ALIGN (0x4)
                0x0800bcf0                        _sidata = LOADADDR (.data)

.rel.dyn        0x0800bcf0        0x0
 .rel.iplt      0x0800bcf0        0x0 C:/ST/STM32CubeIDE_1.14.1/STM32CubeIDE/plugins/com.st.stm32cube.ide.mcu.externaltools.gnu-tools-for-stm32.12.3.rel1.win32_1.1.0.202410251130/tools/bin/../lib/gcc/arm-none-eabi/12.3.1/thumb/v7e-m+fp/hard/crtbegin.o

.data           0x20000000      0x194 load address 0x0800bcf0
                0x20000000                        . = ALIGN (0x4)
                0x20000000                        _sdata = .
 *(.data)
 *(.data*)
 .data.usb_tx_buffer
                0x20000000        0xe ./Core/Src/main.o
                0x20000000                usb_tx_buffer
 .data.okayToRunMotorsYet
                0x2000000e        0x1 ./Core/Src/main.o
                0x2000000e                okayToRunMotorsYet
 .data.color    0x2000000f        0x1 ./Core/Src/main.o
                0x2000000f                color
 .data.SystemCoreClock
                0x20000010        0x4 ./Core/Src/system_stm32g4xx.o
                0x20000010                SystemCoreClock
 .data.uwTickPrio
                0x20000014        0x4 ./Drivers/STM32G4xx_HAL_Driver/Src/stm32g4xx_hal.o
                0x20000014                uwTickPrio
 .data.uwTickFreq
                0x20000018        0x4 ./Drivers/STM32G4xx_HAL_Driver/Src/stm32g4xx_hal.o
                0x20000018                uwTickFreq
 .data.USBD_CDC_DeviceQualifierDesc
                0x2000001c        0xa ./Middlewares/ST/STM32_USB_Device_Library/Class/CDC/Src/usbd_cdc.o
 *fill*         0x20000026        0x2 
 .data.USBD_CDC
                0x20000028       0x38 ./Middlewares/ST/STM32_USB_Device_Library/Class/CDC/Src/usbd_cdc.o
                0x20000028                USBD_CDC
 .data.USBD_CDC_CfgHSDesc
                0x20000060       0x43 ./Middlewares/ST/STM32_USB_Device_Library/Class/CDC/Src/usbd_cdc.o
 *fill*         0x200000a3        0x1 
 .data.USBD_CDC_CfgFSDesc
                0x200000a4       0x43 ./Middlewares/ST/STM32_USB_Device_Library/Class/CDC/Src/usbd_cdc.o
 *fill*         0x200000e7        0x1 
 .data.USBD_CDC_OtherSpeedCfgDesc
                0x200000e8       0x43 ./Middlewares/ST/STM32_USB_Device_Library/Class/CDC/Src/usbd_cdc.o
 *fill*         0x2000012b        0x1 
 .data.USBD_Interface_fops_FS
                0x2000012c       0x14 ./USB_Device/App/usbd_cdc_if.o
                0x2000012c                USBD_Interface_fops_FS
 .data.CDC_Desc
                0x20000140       0x20 ./USB_Device/App/usbd_desc.o
                0x20000140                CDC_Desc
 .data.USBD_CDC_DeviceDesc
                0x20000160       0x12 ./USB_Device/App/usbd_desc.o
                0x20000160                USBD_CDC_DeviceDesc
 *fill*         0x20000172        0x2 
 .data.USBD_LangIDDesc
                0x20000174        0x4 ./USB_Device/App/usbd_desc.o
                0x20000174                USBD_LangIDDesc
 .data.USBD_StringSerial
                0x20000178       0x1a ./USB_Device/App/usbd_desc.o
                0x20000178                USBD_StringSerial
 *(.RamFunc)
 *(.RamFunc*)
                0x20000194                        . = ALIGN (0x4)
 *fill*         0x20000192        0x2 
                0x20000194                        _edata = .

.igot.plt       0x20000194        0x0 load address 0x0800be84
 .igot.plt      0x20000194        0x0 C:/ST/STM32CubeIDE_1.14.1/STM32CubeIDE/plugins/com.st.stm32cube.ide.mcu.externaltools.gnu-tools-for-stm32.12.3.rel1.win32_1.1.0.202410251130/tools/bin/../lib/gcc/arm-none-eabi/12.3.1/thumb/v7e-m+fp/hard/crtbegin.o
                0x20000194                        . = ALIGN (0x4)

.bss            0x20000194     0x1e60 load address 0x0800be84
                0x20000194                        _sbss = .
                0x20000194                        __bss_start__ = _sbss
 *(.bss)
 .bss           0x20000194       0x1c C:/ST/STM32CubeIDE_1.14.1/STM32CubeIDE/plugins/com.st.stm32cube.ide.mcu.externaltools.gnu-tools-for-stm32.12.3.rel1.win32_1.1.0.202410251130/tools/bin/../lib/gcc/arm-none-eabi/12.3.1/thumb/v7e-m+fp/hard/crtbegin.o
 *(.bss*)
 .bss.htim1     0x200001b0       0x4c ./Core/Src/main.o
                0x200001b0                htim1
 .bss.htim2     0x200001fc       0x4c ./Core/Src/main.o
                0x200001fc                htim2
 .bss.htim3     0x20000248       0x4c ./Core/Src/main.o
                0x20000248                htim3
 .bss.htim4     0x20000294       0x4c ./Core/Src/main.o
                0x20000294                htim4
 .bss.htim5     0x200002e0       0x4c ./Core/Src/main.o
                0x200002e0                htim5
 .bss.htim6     0x2000032c       0x4c ./Core/Src/main.o
                0x2000032c                htim6
 .bss.htim7     0x20000378       0x4c ./Core/Src/main.o
                0x20000378                htim7
 .bss.htim8     0x200003c4       0x4c ./Core/Src/main.o
                0x200003c4                htim8
 .bss.htim15    0x20000410       0x4c ./Core/Src/main.o
                0x20000410                htim15
 .bss.htim16    0x2000045c       0x4c ./Core/Src/main.o
                0x2000045c                htim16
 .bss.htim17    0x200004a8       0x4c ./Core/Src/main.o
                0x200004a8                htim17
 .bss.htim20    0x200004f4       0x4c ./Core/Src/main.o
                0x200004f4                htim20
 .bss.huart1    0x20000540       0x94 ./Core/Src/main.o
                0x20000540                huart1
 .bss.usbBuffer
                0x200005d4       0x40 ./Core/Src/main.o
                0x200005d4                usbBuffer
 .bss.intKillState
                0x20000614        0x1 ./Core/Src/main.o
                0x20000614                intKillState
 .bss.extKillState
                0x20000615        0x1 ./Core/Src/main.o
                0x20000615                extKillState
 .bss.prevExtKillState
                0x20000616        0x1 ./Core/Src/main.o
                0x20000616                prevExtKillState
 .bss.prevIntKillState
                0x20000617        0x1 ./Core/Src/main.o
                0x20000617                prevIntKillState
 .bss.lockColor
                0x20000618        0x1 ./Core/Src/main.o
                0x20000618                lockColor
 .bss.buttonPushedAlready
                0x20000619        0x1 ./Core/Src/main.o
                0x20000619                buttonPushedAlready
 .bss.buttonReleased
                0x2000061a        0x1 ./Core/Src/main.o
                0x2000061a                buttonReleased
 .bss.powerDown
                0x2000061b        0x1 ./Core/Src/main.o
                0x2000061b                powerDown
 .bss.checkRedMode
                0x2000061c        0x1 ./Core/Src/main.o
                0x2000061c                checkRedMode
 .bss.wentLowTime
                0x2000061d        0x1 ./Core/Src/main.o
                0x2000061d                wentLowTime
 .bss.wentHighTime
                0x2000061e        0x1 ./Core/Src/main.o
                0x2000061e                wentHighTime
 *fill*         0x2000061f        0x1 
 .bss.uwTick    0x20000620        0x4 ./Drivers/STM32G4xx_HAL_Driver/Src/stm32g4xx_hal.o
                0x20000620                uwTick
 .bss.cfgidx.0  0x20000624        0x1 ./Middlewares/ST/STM32_USB_Device_Library/Core/Src/usbd_ctlreq.o
 *fill*         0x20000625        0x3 
 .bss.hUsbDeviceFS
                0x20000628      0x2d0 ./USB_Device/App/usb_device.o
                0x20000628                hUsbDeviceFS
 .bss.UserRxBufferFS
                0x200008f8      0x800 ./USB_Device/App/usbd_cdc_if.o
                0x200008f8                UserRxBufferFS
 .bss.UserTxBufferFS
                0x200010f8      0x800 ./USB_Device/App/usbd_cdc_if.o
                0x200010f8                UserTxBufferFS
 .bss.USBD_StrDesc
                0x200018f8      0x200 ./USB_Device/App/usbd_desc.o
                0x200018f8                USBD_StrDesc
 .bss.hpcd_USB_FS
                0x20001af8      0x2dc ./USB_Device/Target/usbd_conf.o
                0x20001af8                hpcd_USB_FS
 .bss.mem.0     0x20001dd4      0x220 ./USB_Device/Target/usbd_conf.o
 *(COMMON)
                0x20001ff4                        . = ALIGN (0x4)
                0x20001ff4                        _ebss = .
                0x20001ff4                        __bss_end__ = _ebss

._user_heap_stack
                0x20001ff4      0x604 load address 0x0800be84
                0x20001ff8                        . = ALIGN (0x8)
 *fill*         0x20001ff4        0x4 
                [!provide]                        PROVIDE (end = .)
                0x20001ff8                        PROVIDE (_end = .)
                0x200021f8                        . = (. + _Min_Heap_Size)
 *fill*         0x20001ff8      0x200 
                0x200025f8                        . = (. + _Min_Stack_Size)
 *fill*         0x200021f8      0x400 
                0x200025f8                        . = ALIGN (0x8)

/DISCARD/
 libc.a(*)
 libm.a(*)
 libgcc.a(*)

.ARM.attributes
                0x00000000       0x30
 *(.ARM.attributes)
 .ARM.attributes
                0x00000000       0x22 C:/ST/STM32CubeIDE_1.14.1/STM32CubeIDE/plugins/com.st.stm32cube.ide.mcu.externaltools.gnu-tools-for-stm32.12.3.rel1.win32_1.1.0.202410251130/tools/bin/../lib/gcc/arm-none-eabi/12.3.1/thumb/v7e-m+fp/hard/crti.o
 .ARM.attributes
                0x00000022       0x34 C:/ST/STM32CubeIDE_1.14.1/STM32CubeIDE/plugins/com.st.stm32cube.ide.mcu.externaltools.gnu-tools-for-stm32.12.3.rel1.win32_1.1.0.202410251130/tools/bin/../lib/gcc/arm-none-eabi/12.3.1/thumb/v7e-m+fp/hard/crtbegin.o
 .ARM.attributes
                0x00000056       0x34 ./Core/Src/main.o
 .ARM.attributes
                0x0000008a       0x34 ./Core/Src/stm32g4xx_hal_msp.o
 .ARM.attributes
                0x000000be       0x34 ./Core/Src/stm32g4xx_it.o
 .ARM.attributes
                0x000000f2       0x34 ./Core/Src/system_stm32g4xx.o
 .ARM.attributes
                0x00000126       0x21 ./Core/Startup/startup_stm32g474rbtx.o
 .ARM.attributes
                0x00000147       0x34 ./Drivers/STM32G4xx_HAL_Driver/Src/stm32g4xx_hal.o
 .ARM.attributes
                0x0000017b       0x34 ./Drivers/STM32G4xx_HAL_Driver/Src/stm32g4xx_hal_cortex.o
 .ARM.attributes
                0x000001af       0x34 ./Drivers/STM32G4xx_HAL_Driver/Src/stm32g4xx_hal_dma.o
 .ARM.attributes
                0x000001e3       0x34 ./Drivers/STM32G4xx_HAL_Driver/Src/stm32g4xx_hal_gpio.o
 .ARM.attributes
                0x00000217       0x34 ./Drivers/STM32G4xx_HAL_Driver/Src/stm32g4xx_hal_pcd.o
 .ARM.attributes
                0x0000024b       0x34 ./Drivers/STM32G4xx_HAL_Driver/Src/stm32g4xx_hal_pcd_ex.o
 .ARM.attributes
                0x0000027f       0x34 ./Drivers/STM32G4xx_HAL_Driver/Src/stm32g4xx_hal_pwr_ex.o
 .ARM.attributes
                0x000002b3       0x34 ./Drivers/STM32G4xx_HAL_Driver/Src/stm32g4xx_hal_rcc.o
 .ARM.attributes
                0x000002e7       0x34 ./Drivers/STM32G4xx_HAL_Driver/Src/stm32g4xx_hal_rcc_ex.o
 .ARM.attributes
                0x0000031b       0x34 ./Drivers/STM32G4xx_HAL_Driver/Src/stm32g4xx_hal_tim.o
 .ARM.attributes
                0x0000034f       0x34 ./Drivers/STM32G4xx_HAL_Driver/Src/stm32g4xx_hal_tim_ex.o
 .ARM.attributes
                0x00000383       0x34 ./Drivers/STM32G4xx_HAL_Driver/Src/stm32g4xx_hal_uart.o
 .ARM.attributes
                0x000003b7       0x34 ./Drivers/STM32G4xx_HAL_Driver/Src/stm32g4xx_hal_uart_ex.o
 .ARM.attributes
                0x000003eb       0x34 ./Drivers/STM32G4xx_HAL_Driver/Src/stm32g4xx_ll_usb.o
 .ARM.attributes
                0x0000041f       0x34 ./Middlewares/ST/STM32_USB_Device_Library/Class/CDC/Src/usbd_cdc.o
 .ARM.attributes
                0x00000453       0x34 ./Middlewares/ST/STM32_USB_Device_Library/Core/Src/usbd_core.o
 .ARM.attributes
                0x00000487       0x34 ./Middlewares/ST/STM32_USB_Device_Library/Core/Src/usbd_ctlreq.o
 .ARM.attributes
                0x000004bb       0x34 ./Middlewares/ST/STM32_USB_Device_Library/Core/Src/usbd_ioreq.o
 .ARM.attributes
                0x000004ef       0x34 ./USB_Device/App/usb_device.o
 .ARM.attributes
                0x00000523       0x34 ./USB_Device/App/usbd_cdc_if.o
 .ARM.attributes
                0x00000557       0x34 ./USB_Device/App/usbd_desc.o
 .ARM.attributes
                0x0000058b       0x34 ./USB_Device/Target/usbd_conf.o
 .ARM.attributes
                0x000005bf       0x34 C:/ST/STM32CubeIDE_1.14.1/STM32CubeIDE/plugins/com.st.stm32cube.ide.mcu.externaltools.gnu-tools-for-stm32.12.3.rel1.win32_1.1.0.202410251130/tools/bin/../lib/gcc/arm-none-eabi/12.3.1/../../../../arm-none-eabi/lib/thumb/v7e-m+fp/hard\libc_nano.a(libc_a-memset.o)
 .ARM.attributes
                0x000005f3       0x34 C:/ST/STM32CubeIDE_1.14.1/STM32CubeIDE/plugins/com.st.stm32cube.ide.mcu.externaltools.gnu-tools-for-stm32.12.3.rel1.win32_1.1.0.202410251130/tools/bin/../lib/gcc/arm-none-eabi/12.3.1/../../../../arm-none-eabi/lib/thumb/v7e-m+fp/hard\libc_nano.a(libc_a-init.o)
 .ARM.attributes
                0x00000627       0x34 C:/ST/STM32CubeIDE_1.14.1/STM32CubeIDE/plugins/com.st.stm32cube.ide.mcu.externaltools.gnu-tools-for-stm32.12.3.rel1.win32_1.1.0.202410251130/tools/bin/../lib/gcc/arm-none-eabi/12.3.1/../../../../arm-none-eabi/lib/thumb/v7e-m+fp/hard\libc_nano.a(libc_a-memcpy-stub.o)
 .ARM.attributes
                0x0000065b       0x22 C:/ST/STM32CubeIDE_1.14.1/STM32CubeIDE/plugins/com.st.stm32cube.ide.mcu.externaltools.gnu-tools-for-stm32.12.3.rel1.win32_1.1.0.202410251130/tools/bin/../lib/gcc/arm-none-eabi/12.3.1/thumb/v7e-m+fp/hard\libgcc.a(_aeabi_uldivmod.o)
 .ARM.attributes
                0x0000067d       0x34 C:/ST/STM32CubeIDE_1.14.1/STM32CubeIDE/plugins/com.st.stm32cube.ide.mcu.externaltools.gnu-tools-for-stm32.12.3.rel1.win32_1.1.0.202410251130/tools/bin/../lib/gcc/arm-none-eabi/12.3.1/thumb/v7e-m+fp/hard\libgcc.a(_udivmoddi4.o)
 .ARM.attributes
                0x000006b1       0x22 C:/ST/STM32CubeIDE_1.14.1/STM32CubeIDE/plugins/com.st.stm32cube.ide.mcu.externaltools.gnu-tools-for-stm32.12.3.rel1.win32_1.1.0.202410251130/tools/bin/../lib/gcc/arm-none-eabi/12.3.1/thumb/v7e-m+fp/hard\libgcc.a(_dvmd_tls.o)
 .ARM.attributes
                0x000006d3       0x22 C:/ST/STM32CubeIDE_1.14.1/STM32CubeIDE/plugins/com.st.stm32cube.ide.mcu.externaltools.gnu-tools-for-stm32.12.3.rel1.win32_1.1.0.202410251130/tools/bin/../lib/gcc/arm-none-eabi/12.3.1/thumb/v7e-m+fp/hard/crtn.o
OUTPUT(Central MCU Rev A Red Board.elf elf32-littlearm)
LOAD linker stubs
LOAD C:/ST/STM32CubeIDE_1.14.1/STM32CubeIDE/plugins/com.st.stm32cube.ide.mcu.externaltools.gnu-tools-for-stm32.12.3.rel1.win32_1.1.0.202410251130/tools/bin/../lib/gcc/arm-none-eabi/12.3.1/../../../../arm-none-eabi/lib/thumb/v7e-m+fp/hard\libc.a
LOAD C:/ST/STM32CubeIDE_1.14.1/STM32CubeIDE/plugins/com.st.stm32cube.ide.mcu.externaltools.gnu-tools-for-stm32.12.3.rel1.win32_1.1.0.202410251130/tools/bin/../lib/gcc/arm-none-eabi/12.3.1/../../../../arm-none-eabi/lib/thumb/v7e-m+fp/hard\libm.a
LOAD C:/ST/STM32CubeIDE_1.14.1/STM32CubeIDE/plugins/com.st.stm32cube.ide.mcu.externaltools.gnu-tools-for-stm32.12.3.rel1.win32_1.1.0.202410251130/tools/bin/../lib/gcc/arm-none-eabi/12.3.1/thumb/v7e-m+fp/hard\libgcc.a

.debug_info     0x00000000    0x1ccbc
 .debug_info    0x00000000     0x1e1d ./Core/Src/main.o
 .debug_info    0x00001e1d     0x179a ./Core/Src/stm32g4xx_hal_msp.o
 .debug_info    0x000035b7     0x1153 ./Core/Src/stm32g4xx_it.o
 .debug_info    0x0000470a      0x58e ./Core/Src/system_stm32g4xx.o
 .debug_info    0x00004c98       0x30 ./Core/Startup/startup_stm32g474rbtx.o
 .debug_info    0x00004cc8      0xb95 ./Drivers/STM32G4xx_HAL_Driver/Src/stm32g4xx_hal.o
 .debug_info    0x0000585d      0xdf9 ./Drivers/STM32G4xx_HAL_Driver/Src/stm32g4xx_hal_cortex.o
 .debug_info    0x00006656      0x85f ./Drivers/STM32G4xx_HAL_Driver/Src/stm32g4xx_hal_dma.o
 .debug_info    0x00006eb5      0x763 ./Drivers/STM32G4xx_HAL_Driver/Src/stm32g4xx_hal_gpio.o
 .debug_info    0x00007618     0x1610 ./Drivers/STM32G4xx_HAL_Driver/Src/stm32g4xx_hal_pcd.o
 .debug_info    0x00008c28      0x80a ./Drivers/STM32G4xx_HAL_Driver/Src/stm32g4xx_hal_pcd_ex.o
 .debug_info    0x00009432      0x93f ./Drivers/STM32G4xx_HAL_Driver/Src/stm32g4xx_hal_pwr_ex.o
 .debug_info    0x00009d71      0xbe0 ./Drivers/STM32G4xx_HAL_Driver/Src/stm32g4xx_hal_rcc.o
 .debug_info    0x0000a951      0xc45 ./Drivers/STM32G4xx_HAL_Driver/Src/stm32g4xx_hal_rcc_ex.o
 .debug_info    0x0000b596     0x2c52 ./Drivers/STM32G4xx_HAL_Driver/Src/stm32g4xx_hal_tim.o
 .debug_info    0x0000e1e8     0x1d95 ./Drivers/STM32G4xx_HAL_Driver/Src/stm32g4xx_hal_tim_ex.o
 .debug_info    0x0000ff7d     0x481e ./Drivers/STM32G4xx_HAL_Driver/Src/stm32g4xx_hal_uart.o
 .debug_info    0x0001479b      0xfdd ./Drivers/STM32G4xx_HAL_Driver/Src/stm32g4xx_hal_uart_ex.o
 .debug_info    0x00015778     0x1577 ./Drivers/STM32G4xx_HAL_Driver/Src/stm32g4xx_ll_usb.o
 .debug_info    0x00016cef     0x1124 ./Middlewares/ST/STM32_USB_Device_Library/Class/CDC/Src/usbd_cdc.o
 .debug_info    0x00017e13      0xb1b ./Middlewares/ST/STM32_USB_Device_Library/Core/Src/usbd_core.o
 .debug_info    0x0001892e      0xa57 ./Middlewares/ST/STM32_USB_Device_Library/Core/Src/usbd_ctlreq.o
 .debug_info    0x00019385      0x720 ./Middlewares/ST/STM32_USB_Device_Library/Core/Src/usbd_ioreq.o
 .debug_info    0x00019aa5      0x6d7 ./USB_Device/App/usb_device.o
 .debug_info    0x0001a17c      0x937 ./USB_Device/App/usbd_cdc_if.o
 .debug_info    0x0001aab3      0x45f ./USB_Device/App/usbd_desc.o
 .debug_info    0x0001af12     0x1daa ./USB_Device/Target/usbd_conf.o

.debug_abbrev   0x00000000     0x3eb2
 .debug_abbrev  0x00000000      0x30c ./Core/Src/main.o
 .debug_abbrev  0x0000030c      0x2a8 ./Core/Src/stm32g4xx_hal_msp.o
 .debug_abbrev  0x000005b4      0x1fd ./Core/Src/stm32g4xx_it.o
 .debug_abbrev  0x000007b1      0x11a ./Core/Src/system_stm32g4xx.o
 .debug_abbrev  0x000008cb       0x24 ./Core/Startup/startup_stm32g474rbtx.o
 .debug_abbrev  0x000008ef      0x271 ./Drivers/STM32G4xx_HAL_Driver/Src/stm32g4xx_hal.o
 .debug_abbrev  0x00000b60      0x31c ./Drivers/STM32G4xx_HAL_Driver/Src/stm32g4xx_hal_cortex.o
 .debug_abbrev  0x00000e7c      0x1e2 ./Drivers/STM32G4xx_HAL_Driver/Src/stm32g4xx_hal_dma.o
 .debug_abbrev  0x0000105e      0x1cb ./Drivers/STM32G4xx_HAL_Driver/Src/stm32g4xx_hal_gpio.o
 .debug_abbrev  0x00001229      0x2b9 ./Drivers/STM32G4xx_HAL_Driver/Src/stm32g4xx_hal_pcd.o
 .debug_abbrev  0x000014e2      0x228 ./Drivers/STM32G4xx_HAL_Driver/Src/stm32g4xx_hal_pcd_ex.o
 .debug_abbrev  0x0000170a      0x22c ./Drivers/STM32G4xx_HAL_Driver/Src/stm32g4xx_hal_pwr_ex.o
 .debug_abbrev  0x00001936      0x2c9 ./Drivers/STM32G4xx_HAL_Driver/Src/stm32g4xx_hal_rcc.o
 .debug_abbrev  0x00001bff      0x258 ./Drivers/STM32G4xx_HAL_Driver/Src/stm32g4xx_hal_rcc_ex.o
 .debug_abbrev  0x00001e57      0x2a7 ./Drivers/STM32G4xx_HAL_Driver/Src/stm32g4xx_hal_tim.o
 .debug_abbrev  0x000020fe      0x2c5 ./Drivers/STM32G4xx_HAL_Driver/Src/stm32g4xx_hal_tim_ex.o
 .debug_abbrev  0x000023c3      0x304 ./Drivers/STM32G4xx_HAL_Driver/Src/stm32g4xx_hal_uart.o
 .debug_abbrev  0x000026c7      0x2d2 ./Drivers/STM32G4xx_HAL_Driver/Src/stm32g4xx_hal_uart_ex.o
 .debug_abbrev  0x00002999      0x247 ./Drivers/STM32G4xx_HAL_Driver/Src/stm32g4xx_ll_usb.o
 .debug_abbrev  0x00002be0      0x2bc ./Middlewares/ST/STM32_USB_Device_Library/Class/CDC/Src/usbd_cdc.o
 .debug_abbrev  0x00002e9c      0x24f ./Middlewares/ST/STM32_USB_Device_Library/Core/Src/usbd_core.o
 .debug_abbrev  0x000030eb      0x27e ./Middlewares/ST/STM32_USB_Device_Library/Core/Src/usbd_ctlreq.o
 .debug_abbrev  0x00003369      0x1a9 ./Middlewares/ST/STM32_USB_Device_Library/Core/Src/usbd_ioreq.o
 .debug_abbrev  0x00003512      0x1a4 ./USB_Device/App/usb_device.o
 .debug_abbrev  0x000036b6      0x2c2 ./USB_Device/App/usbd_cdc_if.o
 .debug_abbrev  0x00003978      0x20e ./USB_Device/App/usbd_desc.o
 .debug_abbrev  0x00003b86      0x32c ./USB_Device/Target/usbd_conf.o

.debug_aranges  0x00000000     0x1738
 .debug_aranges
                0x00000000       0xb8 ./Core/Src/main.o
 .debug_aranges
                0x000000b8       0x58 ./Core/Src/stm32g4xx_hal_msp.o
 .debug_aranges
                0x00000110       0x80 ./Core/Src/stm32g4xx_it.o
 .debug_aranges
                0x00000190       0x28 ./Core/Src/system_stm32g4xx.o
 .debug_aranges
                0x000001b8       0x28 ./Core/Startup/startup_stm32g474rbtx.o
 .debug_aranges
                0x000001e0      0x148 ./Drivers/STM32G4xx_HAL_Driver/Src/stm32g4xx_hal.o
 .debug_aranges
                0x00000328      0x128 ./Drivers/STM32G4xx_HAL_Driver/Src/stm32g4xx_hal_cortex.o
 .debug_aranges
                0x00000450       0x90 ./Drivers/STM32G4xx_HAL_Driver/Src/stm32g4xx_hal_dma.o
 .debug_aranges
                0x000004e0       0x58 ./Drivers/STM32G4xx_HAL_Driver/Src/stm32g4xx_hal_gpio.o
 .debug_aranges
                0x00000538      0x138 ./Drivers/STM32G4xx_HAL_Driver/Src/stm32g4xx_hal_pcd.o
 .debug_aranges
                0x00000670       0x58 ./Drivers/STM32G4xx_HAL_Driver/Src/stm32g4xx_hal_pcd_ex.o
 .debug_aranges
                0x000006c8      0x140 ./Drivers/STM32G4xx_HAL_Driver/Src/stm32g4xx_hal_pwr_ex.o
 .debug_aranges
                0x00000808       0x98 ./Drivers/STM32G4xx_HAL_Driver/Src/stm32g4xx_hal_rcc.o
 .debug_aranges
                0x000008a0       0xb0 ./Drivers/STM32G4xx_HAL_Driver/Src/stm32g4xx_hal_rcc_ex.o
 .debug_aranges
                0x00000950      0x3e0 ./Drivers/STM32G4xx_HAL_Driver/Src/stm32g4xx_hal_tim.o
 .debug_aranges
                0x00000d30      0x240 ./Drivers/STM32G4xx_HAL_Driver/Src/stm32g4xx_hal_tim_ex.o
 .debug_aranges
                0x00000f70      0x248 ./Drivers/STM32G4xx_HAL_Driver/Src/stm32g4xx_hal_uart.o
 .debug_aranges
                0x000011b8       0xa8 ./Drivers/STM32G4xx_HAL_Driver/Src/stm32g4xx_hal_uart_ex.o
 .debug_aranges
                0x00001260       0xc8 ./Drivers/STM32G4xx_HAL_Driver/Src/stm32g4xx_ll_usb.o
 .debug_aranges
                0x00001328       0x90 ./Middlewares/ST/STM32_USB_Device_Library/Class/CDC/Src/usbd_cdc.o
 .debug_aranges
                0x000013b8       0xb8 ./Middlewares/ST/STM32_USB_Device_Library/Core/Src/usbd_core.o
 .debug_aranges
                0x00001470       0x90 ./Middlewares/ST/STM32_USB_Device_Library/Core/Src/usbd_ctlreq.o
 .debug_aranges
                0x00001500       0x50 ./Middlewares/ST/STM32_USB_Device_Library/Core/Src/usbd_ioreq.o
 .debug_aranges
                0x00001550       0x20 ./USB_Device/App/usb_device.o
 .debug_aranges
                0x00001570       0x48 ./USB_Device/App/usbd_cdc_if.o
 .debug_aranges
                0x000015b8       0x60 ./USB_Device/App/usbd_desc.o
 .debug_aranges
                0x00001618      0x120 ./USB_Device/Target/usbd_conf.o

.debug_rnglists
                0x00000000     0x11f5
 .debug_rnglists
                0x00000000       0x96 ./Core/Src/main.o
 .debug_rnglists
                0x00000096       0x43 ./Core/Src/stm32g4xx_hal_msp.o
 .debug_rnglists
                0x000000d9       0x5b ./Core/Src/stm32g4xx_it.o
 .debug_rnglists
                0x00000134       0x1a ./Core/Src/system_stm32g4xx.o
 .debug_rnglists
                0x0000014e       0x19 ./Core/Startup/startup_stm32g474rbtx.o
 .debug_rnglists
                0x00000167       0xf1 ./Drivers/STM32G4xx_HAL_Driver/Src/stm32g4xx_hal.o
 .debug_rnglists
                0x00000258       0xda ./Drivers/STM32G4xx_HAL_Driver/Src/stm32g4xx_hal_cortex.o
 .debug_rnglists
                0x00000332       0x71 ./Drivers/STM32G4xx_HAL_Driver/Src/stm32g4xx_hal_dma.o
 .debug_rnglists
                0x000003a3       0x3f ./Drivers/STM32G4xx_HAL_Driver/Src/stm32g4xx_hal_gpio.o
 .debug_rnglists
                0x000003e2       0xee ./Drivers/STM32G4xx_HAL_Driver/Src/stm32g4xx_hal_pcd.o
 .debug_rnglists
                0x000004d0       0x3f ./Drivers/STM32G4xx_HAL_Driver/Src/stm32g4xx_hal_pcd_ex.o
 .debug_rnglists
                0x0000050f       0xf1 ./Drivers/STM32G4xx_HAL_Driver/Src/stm32g4xx_hal_pwr_ex.o
 .debug_rnglists
                0x00000600       0x74 ./Drivers/STM32G4xx_HAL_Driver/Src/stm32g4xx_hal_rcc.o
 .debug_rnglists
                0x00000674       0x87 ./Drivers/STM32G4xx_HAL_Driver/Src/stm32g4xx_hal_rcc_ex.o
 .debug_rnglists
                0x000006fb      0x328 ./Drivers/STM32G4xx_HAL_Driver/Src/stm32g4xx_hal_tim.o
 .debug_rnglists
                0x00000a23      0x1cc ./Drivers/STM32G4xx_HAL_Driver/Src/stm32g4xx_hal_tim_ex.o
 .debug_rnglists
                0x00000bef      0x1fa ./Drivers/STM32G4xx_HAL_Driver/Src/stm32g4xx_hal_uart.o
 .debug_rnglists
                0x00000de9       0x7f ./Drivers/STM32G4xx_HAL_Driver/Src/stm32g4xx_hal_uart_ex.o
 .debug_rnglists
                0x00000e68       0x99 ./Drivers/STM32G4xx_HAL_Driver/Src/stm32g4xx_ll_usb.o
 .debug_rnglists
                0x00000f01       0x6a ./Middlewares/ST/STM32_USB_Device_Library/Class/CDC/Src/usbd_cdc.o
 .debug_rnglists
                0x00000f6b       0x89 ./Middlewares/ST/STM32_USB_Device_Library/Core/Src/usbd_core.o
 .debug_rnglists
                0x00000ff4       0x6e ./Middlewares/ST/STM32_USB_Device_Library/Core/Src/usbd_ctlreq.o
 .debug_rnglists
                0x00001062       0x37 ./Middlewares/ST/STM32_USB_Device_Library/Core/Src/usbd_ioreq.o
 .debug_rnglists
                0x00001099       0x13 ./USB_Device/App/usb_device.o
 .debug_rnglists
                0x000010ac       0x32 ./USB_Device/App/usbd_cdc_if.o
 .debug_rnglists
                0x000010de       0x43 ./USB_Device/App/usbd_desc.o
 .debug_rnglists
                0x00001121       0xd4 ./USB_Device/Target/usbd_conf.o

.debug_macro    0x00000000    0x29299
 .debug_macro   0x00000000      0x3b6 ./Core/Src/main.o
 .debug_macro   0x000003b6      0xab4 ./Core/Src/main.o
 .debug_macro   0x00000e6a      0x161 ./Core/Src/main.o
 .debug_macro   0x00000fcb       0x2e ./Core/Src/main.o
 .debug_macro   0x00000ff9       0x28 ./Core/Src/main.o
 .debug_macro   0x00001021       0x22 ./Core/Src/main.o
 .debug_macro   0x00001043       0x8e ./Core/Src/main.o
 .debug_macro   0x000010d1       0x51 ./Core/Src/main.o
 .debug_macro   0x00001122      0x103 ./Core/Src/main.o
 .debug_macro   0x00001225       0x6a ./Core/Src/main.o
 .debug_macro   0x0000128f      0x1df ./Core/Src/main.o
 .debug_macro   0x0000146e       0x1c ./Core/Src/main.o
 .debug_macro   0x0000148a       0x22 ./Core/Src/main.o
 .debug_macro   0x000014ac       0xfb ./Core/Src/main.o
 .debug_macro   0x000015a7     0x1011 ./Core/Src/main.o
 .debug_macro   0x000025b8      0x11f ./Core/Src/main.o
 .debug_macro   0x000026d7    0x18b8c ./Core/Src/main.o
 .debug_macro   0x0001b263       0x6d ./Core/Src/main.o
 .debug_macro   0x0001b2d0     0x3558 ./Core/Src/main.o
 .debug_macro   0x0001e828      0x189 ./Core/Src/main.o
 .debug_macro   0x0001e9b1       0x5c ./Core/Src/main.o
 .debug_macro   0x0001ea0d     0x171f ./Core/Src/main.o
 .debug_macro   0x0002012c      0x600 ./Core/Src/main.o
 .debug_macro   0x0002072c      0x1b6 ./Core/Src/main.o
 .debug_macro   0x000208e2      0x34a ./Core/Src/main.o
 .debug_macro   0x00020c2c      0x53c ./Core/Src/main.o
 .debug_macro   0x00021168      0x18b ./Core/Src/main.o
 .debug_macro   0x000212f3       0x43 ./Core/Src/main.o
 .debug_macro   0x00021336      0x23d ./Core/Src/main.o
 .debug_macro   0x00021573      0x211 ./Core/Src/main.o
 .debug_macro   0x00021784      0x45c ./Core/Src/main.o
 .debug_macro   0x00021be0      0x11c ./Core/Src/main.o
 .debug_macro   0x00021cfc       0x73 ./Core/Src/main.o
 .debug_macro   0x00021d6f      0x22d ./Core/Src/main.o
 .debug_macro   0x00021f9c      0x122 ./Core/Src/main.o
 .debug_macro   0x000220be      0x3d1 ./Core/Src/main.o
 .debug_macro   0x0002248f      0xc0b ./Core/Src/main.o
 .debug_macro   0x0002309a      0x718 ./Core/Src/main.o
 .debug_macro   0x000237b2      0x693 ./Core/Src/main.o
 .debug_macro   0x00023e45       0xa6 ./Core/Src/main.o
 .debug_macro   0x00023eeb      0x358 ./Core/Src/main.o
 .debug_macro   0x00024243       0xa0 ./Core/Src/main.o
 .debug_macro   0x000242e3       0x61 ./Core/Src/main.o
 .debug_macro   0x00024344       0x2a ./Core/Src/main.o
 .debug_macro   0x0002436e       0x43 ./Core/Src/main.o
 .debug_macro   0x000243b1       0x34 ./Core/Src/main.o
 .debug_macro   0x000243e5       0x16 ./Core/Src/main.o
 .debug_macro   0x000243fb       0x35 ./Core/Src/main.o
 .debug_macro   0x00024430      0x369 ./Core/Src/main.o
 .debug_macro   0x00024799       0x10 ./Core/Src/main.o
 .debug_macro   0x000247a9       0x16 ./Core/Src/main.o
 .debug_macro   0x000247bf       0x43 ./Core/Src/main.o
 .debug_macro   0x00024802       0x34 ./Core/Src/main.o
 .debug_macro   0x00024836       0x10 ./Core/Src/main.o
 .debug_macro   0x00024846       0x58 ./Core/Src/main.o
 .debug_macro   0x0002489e       0x8e ./Core/Src/main.o
 .debug_macro   0x0002492c       0x1c ./Core/Src/main.o
 .debug_macro   0x00024948      0x177 ./Core/Src/main.o
 .debug_macro   0x00024abf       0x16 ./Core/Src/main.o
 .debug_macro   0x00024ad5       0x16 ./Core/Src/main.o
 .debug_macro   0x00024aeb      0x146 ./Core/Src/main.o
 .debug_macro   0x00024c31       0x16 ./Core/Src/main.o
 .debug_macro   0x00024c47       0x16 ./Core/Src/main.o
 .debug_macro   0x00024c5d       0x29 ./Core/Src/main.o
 .debug_macro   0x00024c86       0x16 ./Core/Src/main.o
 .debug_macro   0x00024c9c       0x20 ./Core/Src/main.o
 .debug_macro   0x00024cbc       0x5f ./Core/Src/main.o
 .debug_macro   0x00024d1b      0x1ef ./Core/Src/main.o
 .debug_macro   0x00024f0a       0x95 ./Core/Src/main.o
 .debug_macro   0x00024f9f       0x10 ./Core/Src/main.o
 .debug_macro   0x00024faf      0x201 ./Core/Src/stm32g4xx_hal_msp.o
 .debug_macro   0x000251b0      0x20b ./Core/Src/stm32g4xx_it.o
 .debug_macro   0x000253bb      0x1f2 ./Core/Src/system_stm32g4xx.o
 .debug_macro   0x000255ad      0x240 ./Drivers/STM32G4xx_HAL_Driver/Src/stm32g4xx_hal.o
 .debug_macro   0x000257ed      0x1f2 ./Drivers/STM32G4xx_HAL_Driver/Src/stm32g4xx_hal_cortex.o
 .debug_macro   0x000259df      0x1f2 ./Drivers/STM32G4xx_HAL_Driver/Src/stm32g4xx_hal_dma.o
 .debug_macro   0x00025bd1      0x1f9 ./Drivers/STM32G4xx_HAL_Driver/Src/stm32g4xx_hal_gpio.o
 .debug_macro   0x00025dca      0x1fe ./Drivers/STM32G4xx_HAL_Driver/Src/stm32g4xx_hal_pcd.o
 .debug_macro   0x00025fc8      0x1f2 ./Drivers/STM32G4xx_HAL_Driver/Src/stm32g4xx_hal_pcd_ex.o
 .debug_macro   0x000261ba      0x21c ./Drivers/STM32G4xx_HAL_Driver/Src/stm32g4xx_hal_pwr_ex.o
 .debug_macro   0x000263d6      0x234 ./Drivers/STM32G4xx_HAL_Driver/Src/stm32g4xx_hal_rcc.o
 .debug_macro   0x0002660a      0x21c ./Drivers/STM32G4xx_HAL_Driver/Src/stm32g4xx_hal_rcc_ex.o
 .debug_macro   0x00026826      0x1fa ./Drivers/STM32G4xx_HAL_Driver/Src/stm32g4xx_hal_tim.o
 .debug_macro   0x00026a20      0x1f8 ./Drivers/STM32G4xx_HAL_Driver/Src/stm32g4xx_hal_tim_ex.o
 .debug_macro   0x00026c18      0x21d ./Drivers/STM32G4xx_HAL_Driver/Src/stm32g4xx_hal_uart.o
 .debug_macro   0x00026e35      0x1fe ./Drivers/STM32G4xx_HAL_Driver/Src/stm32g4xx_hal_uart_ex.o
 .debug_macro   0x00027033      0x1f2 ./Drivers/STM32G4xx_HAL_Driver/Src/stm32g4xx_ll_usb.o
 .debug_macro   0x00027225      0x381 ./Middlewares/ST/STM32_USB_Device_Library/Class/CDC/Src/usbd_cdc.o
 .debug_macro   0x000275a6       0x9e ./Middlewares/ST/STM32_USB_Device_Library/Class/CDC/Src/usbd_cdc.o
 .debug_macro   0x00027644      0x10b ./Middlewares/ST/STM32_USB_Device_Library/Class/CDC/Src/usbd_cdc.o
 .debug_macro   0x0002774f       0x56 ./Middlewares/ST/STM32_USB_Device_Library/Class/CDC/Src/usbd_cdc.o
 .debug_macro   0x000277a5      0x368 ./Middlewares/ST/STM32_USB_Device_Library/Core/Src/usbd_core.o
 .debug_macro   0x00027b0d      0x1f5 ./Middlewares/ST/STM32_USB_Device_Library/Core/Src/usbd_core.o
 .debug_macro   0x00027d02      0x372 ./Middlewares/ST/STM32_USB_Device_Library/Core/Src/usbd_ctlreq.o
 .debug_macro   0x00028074      0x36e ./Middlewares/ST/STM32_USB_Device_Library/Core/Src/usbd_ioreq.o
 .debug_macro   0x000283e2      0x3a7 ./USB_Device/App/usb_device.o
 .debug_macro   0x00028789       0x22 ./USB_Device/App/usb_device.o
 .debug_macro   0x000287ab       0x16 ./USB_Device/App/usb_device.o
 .debug_macro   0x000287c1      0x38c ./USB_Device/App/usbd_cdc_if.o
 .debug_macro   0x00028b4d      0x3a5 ./USB_Device/App/usbd_desc.o
 .debug_macro   0x00028ef2       0x1c ./USB_Device/App/usbd_desc.o
 .debug_macro   0x00028f0e      0x38b ./USB_Device/Target/usbd_conf.o

.debug_line     0x00000000    0x1d4ef
 .debug_line    0x00000000     0x13a4 ./Core/Src/main.o
 .debug_line    0x000013a4      0xb39 ./Core/Src/stm32g4xx_hal_msp.o
 .debug_line    0x00001edd      0x8cb ./Core/Src/stm32g4xx_it.o
 .debug_line    0x000027a8      0x815 ./Core/Src/system_stm32g4xx.o
 .debug_line    0x00002fbd       0x7b ./Core/Startup/startup_stm32g474rbtx.o
 .debug_line    0x00003038      0xbd1 ./Drivers/STM32G4xx_HAL_Driver/Src/stm32g4xx_hal.o
 .debug_line    0x00003c09      0xd64 ./Drivers/STM32G4xx_HAL_Driver/Src/stm32g4xx_hal_cortex.o
 .debug_line    0x0000496d      0xefb ./Drivers/STM32G4xx_HAL_Driver/Src/stm32g4xx_hal_dma.o
 .debug_line    0x00005868      0xbea ./Drivers/STM32G4xx_HAL_Driver/Src/stm32g4xx_hal_gpio.o
 .debug_line    0x00006452     0x13fd ./Drivers/STM32G4xx_HAL_Driver/Src/stm32g4xx_hal_pcd.o
 .debug_line    0x0000784f      0x942 ./Drivers/STM32G4xx_HAL_Driver/Src/stm32g4xx_hal_pcd_ex.o
 .debug_line    0x00008191      0xd40 ./Drivers/STM32G4xx_HAL_Driver/Src/stm32g4xx_hal_pwr_ex.o
 .debug_line    0x00008ed1      0xf9c ./Drivers/STM32G4xx_HAL_Driver/Src/stm32g4xx_hal_rcc.o
 .debug_line    0x00009e6d     0x12ad ./Drivers/STM32G4xx_HAL_Driver/Src/stm32g4xx_hal_rcc_ex.o
 .debug_line    0x0000b11a     0x4091 ./Drivers/STM32G4xx_HAL_Driver/Src/stm32g4xx_hal_tim.o
 .debug_line    0x0000f1ab     0x21d4 ./Drivers/STM32G4xx_HAL_Driver/Src/stm32g4xx_hal_tim_ex.o
 .debug_line    0x0001137f     0x3c6e ./Drivers/STM32G4xx_HAL_Driver/Src/stm32g4xx_hal_uart.o
 .debug_line    0x00014fed      0xdf7 ./Drivers/STM32G4xx_HAL_Driver/Src/stm32g4xx_hal_uart_ex.o
 .debug_line    0x00015de4      0xfbd ./Drivers/STM32G4xx_HAL_Driver/Src/stm32g4xx_ll_usb.o
 .debug_line    0x00016da1      0xde0 ./Middlewares/ST/STM32_USB_Device_Library/Class/CDC/Src/usbd_cdc.o
 .debug_line    0x00017b81      0xe5f ./Middlewares/ST/STM32_USB_Device_Library/Core/Src/usbd_core.o
 .debug_line    0x000189e0     0x1100 ./Middlewares/ST/STM32_USB_Device_Library/Core/Src/usbd_ctlreq.o
 .debug_line    0x00019ae0      0xab6 ./Middlewares/ST/STM32_USB_Device_Library/Core/Src/usbd_ioreq.o
 .debug_line    0x0001a596      0xa72 ./USB_Device/App/usb_device.o
 .debug_line    0x0001b008      0xade ./USB_Device/App/usbd_cdc_if.o
 .debug_line    0x0001bae6      0xb3b ./USB_Device/App/usbd_desc.o
 .debug_line    0x0001c621      0xece ./USB_Device/Target/usbd_conf.o

.debug_str      0x00000000   0x100b0e
 .debug_str     0x00000000    0xfaf19 ./Core/Src/main.o
                              0xfb363 (size before relaxing)
 .debug_str     0x000faf19      0x2dd ./Core/Src/stm32g4xx_hal_msp.o
                              0xf68ee (size before relaxing)
 .debug_str     0x000fb1f6      0x41d ./Core/Src/stm32g4xx_it.o
                              0xf6228 (size before relaxing)
 .debug_str     0x000fb613       0xdb ./Core/Src/system_stm32g4xx.o
                              0xf54b4 (size before relaxing)
 .debug_str     0x000fb6ee       0x91 ./Core/Startup/startup_stm32g474rbtx.o
 .debug_str     0x000fb77f      0x5d7 ./Drivers/STM32G4xx_HAL_Driver/Src/stm32g4xx_hal.o
                              0xf61c6 (size before relaxing)
 .debug_str     0x000fbd56      0x34b ./Drivers/STM32G4xx_HAL_Driver/Src/stm32g4xx_hal_cortex.o
                              0xf5e82 (size before relaxing)
 .debug_str     0x000fc0a1      0x2ce ./Drivers/STM32G4xx_HAL_Driver/Src/stm32g4xx_hal_dma.o
                              0xf588e (size before relaxing)
 .debug_str     0x000fc36f       0xff ./Drivers/STM32G4xx_HAL_Driver/Src/stm32g4xx_hal_gpio.o
                              0xf563f (size before relaxing)
 .debug_str     0x000fc46e      0x577 ./Drivers/STM32G4xx_HAL_Driver/Src/stm32g4xx_hal_pcd.o
                              0xf5c30 (size before relaxing)